

=====================================================================
== C:\Program Files (x86)\Steam\steamapps\common\DayZServer\DayZServer_x64.exe
== DayZServer_x64.exe  -mod=ModdedScripts -config=TestMod\serverDZ.cfg -profiles=TestMod -name=GR-eSports
=====================================================================
Exe timestamp: 2018/11/17 12:12:14
Current time:  2018/11/18 11:18:19

Version 0.63.149464
11:18:19 [Inputs] Loading inputs cfg "TestMod\Users\GR-eSports\Server.core.xml"
11:18:19 !!! [Inputs] Cannot read inputs cfg "TestMod\Users\GR-eSports\Server.core.xml", parser error
11:18:19 [Inputs] Loading inputs cfg "dz/data/inputsdefault/core.xml"
11:18:19 !!! [Inputs] Cannot read preset "user" file"TestMod\Users\GR-eSports\Server.dayz_preset_User.xml", parser error
11:18:19 [Inputs] Exporting inputs cfg "TestMod\Users\GR-eSports\Server.core.xml"
11:18:30 [CE][Hive] :: Initializing OFFLINE
11:18:30 [CE][Hive] :: Loading core data ... 
11:18:30 [CE][CoreData] :: 7 root classes, 0 defaults, 0 updaters...
11:18:30 [CE][Hive] :: Loading map data ... 
11:18:30 !!! File "$CurrentDir:mpmissions\DayZSurvival.chernarusplus\cfgignorelist.xml" does not exist...
11:18:30 [CE][LoadPrototype] :: loaded 227 prototypes
11:18:30   488 containers, 7137 points
11:18:30   0 dispatches, 0 proxies
11:18:30 !!! [CE][LoadPrototype] 5 groups have no points...
11:18:30 [CE][LoadPrototype] :: last group name: Land_Wreck_Volha_Police...
11:18:30 [CE][LoadPrototype] :: loaded 0 prototypes
11:18:30   0 containers, 0 points
11:18:30   0 dispatches, 0 proxies
11:18:30 [CE][LoadPrototype] :: last group name: Rail9...
11:18:30 [CE][LoadMap] "Group" :: loaded 11602 groups, largest group range: 34.2
11:18:30 !!! File "$CurrentDir:mpmissions\DayZSurvival.chernarusplus\mapgroupdirt.xml" does not exist...
11:18:30 !!! [CE][LoadMap] "Dirt" :: Failed to read group instances ($CurrentDir:mpmissions\DayZSurvival.chernarusplus\mapgroupdirt.xml)
11:18:30 [CE][Links] found 1852 total links between groups, of 11602
11:18:30 [CE][LoadClusters] "Cluster" :: Loading files...
11:18:30 [CE][LoadClusters] :: file: "mapgroupcluster.xml", 9 types, 50000 instances
11:18:31 [CE][LoadClusters] :: file: "mapgroupcluster01", 9 types, 50000 instances
11:18:31 [CE][LoadClusters] :: file: "mapgroupcluster02", 9 types, 50000 instances
11:18:31 [CE][LoadClusters] :: file: "mapgroupcluster03", 9 types, 50000 instances
11:18:31 [CE][LoadClusters] :: file: "mapgroupcluster04", 9 types, 17207 instances
11:18:32 [CE] :: WARNING :: Preset (cargo) with name 'food' was not found.
11:18:32 [CE] :: WARNING :: Preset (cargo) with name 'tools' was not found.
11:18:32 [CE][TypeSetup] :: 368 classes setuped...
11:18:33 [CE][RegisterBind] :: 0 classes binded...
11:18:33 [CE][RegisterConfig] :: 2580 config classes registered, 1 sub-counters...
11:18:33 [CE][offlineDB] :: Loaded 33 dynamic events 205 total types 0 total positions.
11:18:33 !!! File "$CurrentDir:mpmissions\DayZSurvival.chernarusplus\db\messages.xml" does not exist...
11:18:33 [CE][offlineDB] :: File 'db/messages.xml' not found.
11:18:33 [CE][Hive] :: Empty storage folder, reinitializing ... 
11:18:33 [CE][Hive] :: Initializing ... 
11:18:33 [CE][Hive] :: Initializing spawners ... 
11:18:33 !!! [CE][Point] Removing 13339.060547, 11969.413086 from Land_Boat_Small1
11:18:34 !!! [CE][Point] Removing 11162.427734, 2436.680664 from Land_Boat_Small1
11:18:35 !!! [CE][Point] Removing 6925.983887, 11363.373047 from Land_Castle_Gate
11:18:36 !!! [CE][Point] Removing 6924.685547, 11362.654297 from Land_Castle_Gate
11:18:36 !!! [CE][Point] Removing 11160.130859, 2436.536865 from Land_Boat_Small1
11:18:36 [CE][LootRespawner] (PRIDummy) :: Item [0] is hard to place, performance drops: "AKM"
11:18:36 [CE][LootRespawner] (PRIDummy) :: Item [1] is hard to place, performance drops: "AKM"
11:18:36 [CE][LootRespawner] (PRIDummy) :: Item [2] is hard to place, performance drops: "AKM"
11:18:36 [CE][LootRespawner] (PRIDummy) :: Item [3] is hard to place, performance drops: "AKM"
11:18:36 [CE][LootRespawner] (PRIDummy) :: Item [4] is hard to place, performance drops: "AKM"
11:18:36 [CE][LootRespawner] (PRIDummy) :: Item [5] is hard to place, performance drops: "AKM"
11:18:36 [CE][LootRespawner] (PRIDummy) :: Item [6] is hard to place, performance drops: "AKM"
11:18:36 [CE][LootRespawner] (PRIDummy) :: Item [7] is hard to place, performance drops: "AKM"
11:18:36 [CE][LootRespawner] (PRIDummy) :: Item [8] is hard to place, performance drops: "AKM"
11:18:36 [CE][LootRespawner] (PRIDummy) :: Item [9] is hard to place, performance drops: "AKM"
11:18:36 [CE][LootRespawner] (PRIDummy) :: Item [10] is hard to place, performance drops: "AKM"
11:18:36 [CE][LootRespawner] (PRIDummy) :: Item [11] is hard to place, performance drops: "AKM"
11:18:37 [CE][LootRespawner] (PRIDummy) :: Item [12] is hard to place, performance drops: "AKM"
11:18:37 [CE][LootRespawner] (PRIDummy) :: Item [13] is hard to place, performance drops: "AKM"
11:18:37 [CE][LootRespawner] (PRIDummy) :: Item [14] is hard to place, performance drops: "AKM"
11:18:37 [CE][LootRespawner] (PRIDummy) :: Item [15] is hard to place, performance drops: "AKM"
11:18:37 [CE][LootRespawner] (PRIDummy) :: Item [16] is hard to place, performance drops: "AKM"
11:18:37 [CE][LootRespawner] (PRIDummy) :: Item [17] is hard to place, performance drops: "AKM"
11:18:37 [CE][LootRespawner] (PRIDummy) :: Item [18] is hard to place, performance drops: "AKM"
11:18:37 [CE][LootRespawner] (PRIDummy) :: Item [19] is hard to place, performance drops: "AKM"
11:18:37 !!! [CE][Point] Removing 1501.756470, 9193.394531 from Land_Castle_Gate
11:18:40 !!! [CE][Point] Removing 11161.161133, 2437.848389 from Land_Boat_Small1
11:18:46 !!! [CE][Point] Removing 10168.661133, 12078.206055 from Land_Castle_Gate
11:18:48 !!! [CE][Point] Removing 10167.707031, 12078.453125 from Land_Castle_Gate
11:18:48 !!! [CE][Point] Removing 7830.502441, 3018.110107 from Land_Container_1Aoh
11:18:48 !!! [CE][Point] Removing 13337.491211, 11970.943359 from Land_Boat_Small1
11:18:48 !!! [CE][Point] Removing 11161.310547, 2435.417480 from Land_Boat_Small1
11:18:48 !!! [CE][Point] Removing 7830.973633, 3017.061035 from Land_Container_1Aoh
11:18:48 !!! [CE][Point] Removing 13337.955078, 11969.321289 from Land_Boat_Small1
11:18:49 !!! [CE][Point] Removing 15198.544922, 13816.417969 from Land_Boat_Small1
11:18:49 !!! [CE][Point] Removing 11161.755859, 2437.563477 from Land_Boat_Small1
11:18:49 [CE][LootRespawner] (PRIDummy) :: Item [0] causing search overtime: "AK_Suppressor"
11:18:49 [CE][LootRespawner] (PRIDummy) :: Item [1] causing search overtime: "AK_Suppressor"
11:18:49 [CE][LootRespawner] (PRIDummy) :: Item [2] causing search overtime: "AK_Suppressor"
11:18:49 [CE][LootRespawner] (PRIDummy) :: Item [3] causing search overtime: "WeaponCleaningKit"
11:18:49 [CE][LootRespawner] (PRIDummy) :: Item [4] causing search overtime: "WeaponCleaningKit"
11:18:49 [CE][LootRespawner] (PRIDummy) :: Item [5] causing search overtime: "HuntingBag"
11:18:49 [CE][LootRespawner] (PRIDummy) :: Item [6] causing search overtime: "Breeches_Blackcheck"
11:18:49 [CE][LootRespawner] (PRIDummy) :: Item [7] causing search overtime: "TShirt_Green"
11:18:49 [CE][LootRespawner] (PRIDummy) :: Item [8] causing search overtime: "NBCPantsGray"
11:18:49 [CE][LootRespawner] (PRIDummy) :: Item [9] causing search overtime: "NBCPantsGray"
11:18:49 [CE][LootRespawner] (PRIDummy) :: Item [10] causing search overtime: "NBCPantsGray"
11:18:49 [CE][LootRespawner] (PRIDummy) :: Item [11] causing search overtime: "NBCPantsGray"
11:18:49 [CE][LootRespawner] (PRIDummy) :: Item [12] causing search overtime: "WoolCoat_Beige"
11:18:49 [CE][LootRespawner] (PRIDummy) :: Item [13] causing search overtime: "WoolCoat_Beige"
11:18:49 [CE][LootRespawner] (PRIDummy) :: Item [14] causing search overtime: "WoolCoat_Beige"
11:18:49 [CE][LootRespawner] (PRIDummy) :: Item [15] causing search overtime: "WoolCoat_Beige"
11:18:49 [CE][LootRespawner] (PRIDummy) :: Item [16] causing search overtime: "WoolCoat_Beige"
11:18:49 [CE][LootRespawner] (PRIDummy) :: Item [17] causing search overtime: "WoolCoat_Beige"
11:18:49 [CE][LootRespawner] (PRIDummy) :: Item [18] causing search overtime: "WoolCoat_Beige"
11:18:49 [CE][LootRespawner] (PRIDummy) :: Item [19] causing search overtime: "WoolCoat_Beige"
11:18:50 [CE][LootRespawner] (PRIDummy) :: Initially (re)spawned:46112, Nominal:55579, Total in Map: 46147 at 17 (sec)
11:18:50   tests:50540, repeats:343 fails:4085, overtime:9472
11:18:50 [CE][Links] found 0 total links between groups, of 1
11:18:50 [CE][SpawnRandomLoot] (StaticHeliCrash) :: ChildType: Wreck_Mi8, lootmin: 10, lootmax: 20, wanted: 19
11:18:50 [CE][Links] found 0 total links between groups, of 2
11:18:50 [CE][SpawnRandomLoot] (StaticHeliCrash) :: ChildType: Wreck_UH1Y, lootmin: 10, lootmax: 20, wanted: 17
11:18:50 [CE][Links] found 0 total links between groups, of 3
11:18:50 [CE][SpawnRandomLoot] (StaticHeliCrash) :: ChildType: Wreck_Mi8, lootmin: 10, lootmax: 20, wanted: 13
11:18:50 [CE][Links] found 0 total links between groups, of 4
11:18:50 [CE][SpawnRandomLoot] (StaticPoliceCar) :: ChildType: Land_Wreck_Volha_Police, lootmin: 3, lootmax: 5, wanted: 3
11:18:50 [CE][Links] found 0 total links between groups, of 5
11:18:50 [CE][SpawnRandomLoot] (StaticPoliceCar) :: ChildType: Land_Wreck_Volha_Police, lootmin: 3, lootmax: 5, wanted: 3
11:18:50 [CE][Links] found 0 total links between groups, of 6
11:18:50 [CE][SpawnRandomLoot] (StaticPoliceCar) :: ChildType: Land_Wreck_Volha_Police, lootmin: 3, lootmax: 5, wanted: 3
11:18:50 [CE][Links] found 0 total links between groups, of 7
11:18:50 [CE][SpawnRandomLoot] (StaticPoliceCar) :: ChildType: Land_Wreck_Volha_Police, lootmin: 3, lootmax: 5, wanted: 4
11:18:50 [CE][Links] found 0 total links between groups, of 8
11:18:50 [CE][SpawnRandomLoot] (StaticPoliceCar) :: ChildType: Land_Wreck_Volha_Police, lootmin: 3, lootmax: 5, wanted: 4
11:18:50 [CE][Links] found 0 total links between groups, of 9
11:18:50 [CE][SpawnRandomLoot] (StaticPoliceCar) :: ChildType: Land_Wreck_Volha_Police, lootmin: 3, lootmax: 5, wanted: 4
11:18:50 [CE][Links] found 0 total links between groups, of 10
11:18:50 [CE][SpawnRandomLoot] (StaticPoliceCar) :: ChildType: Land_Wreck_Volha_Police, lootmin: 3, lootmax: 5, wanted: 4
11:18:50 [CE][Links] found 0 total links between groups, of 11
11:18:50 [CE][SpawnRandomLoot] (StaticPoliceCar) :: ChildType: Land_Wreck_Volha_Police, lootmin: 3, lootmax: 5, wanted: 4
11:18:50 [CE][Links] found 0 total links between groups, of 12
11:18:50 [CE][SpawnRandomLoot] (StaticPoliceCar) :: ChildType: Land_Wreck_Volha_Police, lootmin: 3, lootmax: 5, wanted: 3
11:18:50 !!! [CE][VehicleRespawner] (PRICivilianVan) :: Respawning: "VehicleCivilianVan" - There are not enough positions in "cfgeventspawns.xml", 1 < 40
11:18:50 [CE][DynEvent] :: 33 types
11:18:50 [00] AmbientHen
11:18:50   Primary Spawner: "Ambient", active: yes, repeat: 1
11:18:50 [01] AnimalCow
11:18:50   Primary Spawner: "Animal", active: yes, repeat: 1
11:18:50 [02] AnimalDeer
11:18:50   Primary Spawner: "Animal", active: yes, repeat: 1
11:18:50 [03] AnimalGoat
11:18:50   Primary Spawner: "Animal", active: yes, repeat: 1
11:18:50 [04] AnimalPig
11:18:50   Primary Spawner: "Animal", active: yes, repeat: 1
11:18:50 [05] AnimalRoeDeer
11:18:50   Primary Spawner: "Animal", active: yes, repeat: 1
11:18:50 [06] AnimalSheep
11:18:50   Primary Spawner: "Animal", active: yes, repeat: 1
11:18:50 [07] AnimalWildBoar
11:18:50   Primary Spawner: "Animal", active: yes, repeat: 1
11:18:50 [08] AnimalWolf
11:18:50   Primary Spawner: "Animal", active: yes, repeat: 1
11:18:50 [09] InfectedArmy
11:18:50   Primary Spawner: "Infected", active: yes, repeat: 1
11:18:50 [10] InfectedCity
11:18:50   Primary Spawner: "Infected", active: yes, repeat: 1
11:18:50 [11] InfectedFirefighter
11:18:50   Primary Spawner: "Infected", active: yes, repeat: 1
11:18:50 [12] InfectedIndustrial
11:18:50   Primary Spawner: "Infected", active: yes, repeat: 1
11:18:50 [13] InfectedMedic
11:18:50   Primary Spawner: "Infected", active: yes, repeat: 1
11:18:50 [14] InfectedPolice
11:18:50   Primary Spawner: "Infected", active: yes, repeat: 1
11:18:50 [15] InfectedPrisoner
11:18:50   Primary Spawner: "Infected", active: yes, repeat: 1
11:18:50 [16] InfectedReligious
11:18:50   Primary Spawner: "Infected", active: yes, repeat: 1
11:18:50 [17] InfectedSolitude
11:18:50   Primary Spawner: "Infected", active: yes, repeat: 1
11:18:50 [18] InfectedVillage
11:18:50   Primary Spawner: "Infected", active: yes, repeat: 1
11:18:50 [19] ItemPlanks
11:18:50   Primary Spawner: "Item", active: yes, repeat: 1
11:18:50 [20] Loot
11:18:50   Primary Spawner: "Loot", active: yes, repeat: 2
11:18:50 [21] StaticHeliCrash
11:18:50   Primary Spawner: "Vehicle", active: yes, repeat: 1
11:18:50 [22] StaticPoliceCar
11:18:50   Primary Spawner: "Vehicle", active: yes, repeat: 1
11:18:50 [23] TrajectoryApple
11:18:50   Primary Spawner: "Trajectory", active: yes, repeat: 1
11:18:50 [24] TrajectoryCanina
11:18:50   Primary Spawner: "Trajectory", active: yes, repeat: 1
11:18:50 [25] TrajectoryConiferous
11:18:50   Primary Spawner: "Trajectory", active: yes, repeat: 1
11:18:50 [26] TrajectoryDeciduous
11:18:50   Primary Spawner: "Trajectory", active: yes, repeat: 1
11:18:50 [27] TrajectoryHumus
11:18:50   Primary Spawner: "Trajectory", active: yes, repeat: 1
11:18:50 [28] TrajectoryPear
11:18:50   Primary Spawner: "Trajectory", active: yes, repeat: 1
11:18:50 [29] TrajectoryPlum
11:18:50   Primary Spawner: "Trajectory", active: yes, repeat: 1
11:18:50 [30] TrajectorySambucus
11:18:50   Primary Spawner: "Trajectory", active: yes, repeat: 1
11:18:50 [31] TrajectoryStones
11:18:50   Primary Spawner: "Trajectory", active: yes, repeat: 1
11:18:50 [32] VehicleCivilianVan
11:18:50   Primary Spawner: "Vehicle", active: yes, repeat: 1
11:18:50 [CE][Hive] :: Initializing of spawners done.
11:18:50 [CE][Hive] :: Init sequence finished.
11:18:51 Player connect enabled
11:18:53 [Login]: Adding player Survivor (236082719) to login queue at position 1
11:18:53 [LoginMachine]: Add player Survivor (236082719)
11:18:53 [StateMachine]: Player Survivor (dpnid 236082719 uid ) Entering PreCreatePlayerLoginState
11:18:53 [StateMachine]: Player Survivor (dpnid 236082719 uid ) Entering WaitPreCreatePlayerLoginState
11:18:55 [StateMachine]: Player Survivor (dpnid 236082719 uid d5o4DaGfl15Sbl2H3alV8NGUj4bZeJ9SDWeaH+C7MLw=) Entering GetCharacterLoginState
11:18:55 [StateMachine]: Player Survivor (dpnid 236082719 uid d5o4DaGfl15Sbl2H3alV8NGUj4bZeJ9SDWeaH+C7MLw=) Entering CreateNetObjectsLoginState
11:18:55 !!! File "$CurrentDir:mpmissions\DayZSurvival.chernarusplus\spawnpoints_players.bin" does not exist...
11:18:55 [StateMachine]: Player Survivor (dpnid 236082719 uid d5o4DaGfl15Sbl2H3alV8NGUj4bZeJ9SDWeaH+C7MLw=) Entering PreloadCamLoginState
11:18:55 [StateMachine]: Player Survivor (dpnid 236082719 uid d5o4DaGfl15Sbl2H3alV8NGUj4bZeJ9SDWeaH+C7MLw=) Entering WaitPreloadCamLoginState
11:19:04 [StateMachine]: Player Survivor (dpnid 236082719 uid d5o4DaGfl15Sbl2H3alV8NGUj4bZeJ9SDWeaH+C7MLw=) Entering GetNewCharLoginState
11:19:06 <CREATE NEW CHAR>:
    charID 1
    playerID 1
    dpnid 236082719
    uid d5o4DaGfl15Sbl2H3alV8NGUj4bZeJ9SDWeaH+C7MLw=
11:19:43 [CE][Links] found 0 total links between groups, of 13
11:19:43 [CE][SpawnRandomLoot] (StaticPoliceCar) :: ChildType: Land_Wreck_Volha_Police, lootmin: 3, lootmax: 5, wanted: 4
11:20:20 [Disconnect]: Client 236082719 disconnecting
11:20:20 [Disconnect]: Client 236082719 early disconnect
11:20:20 [Disconnect]: Remove player info 236082719
11:20:20 [Disconnect]: Start script disconnect 236082719 (dbCharacterId 1 dbPlayerId 1) logoutTime 0
11:20:20 [Disconnect]: Finish script disconnect 236082719
11:20:20 [Disconnect]: DisconnectPlayerFinish 236082719
11:20:20 [Disconnect]: Remove player info 236082719
11:20:28  --- Termination successfully completed --- 
