

=====================================================================
== C:\Program Files (x86)\Steam\steamapps\common\DayZServer\DayZServer_x64.exe
== DayZServer_x64.exe  -mod=ModdedScripts -config=TestMod\serverDZ.cfg -profiles=TestMod -name=GR-eSports
=====================================================================
Exe timestamp: 2018/11/17 12:12:14
Current time:  2018/11/17 22:09:54

Version 0.63.149464
22:09:54 [Inputs] Loading inputs cfg "TestMod\Users\GR-eSports\Server.core.xml"
22:09:54 !!! [Inputs] Cannot read inputs cfg "TestMod\Users\GR-eSports\Server.core.xml", parser error
22:09:54 [Inputs] Loading inputs cfg "dz/data/inputsdefault/core.xml"
22:09:54 !!! [Inputs] Cannot read preset "user" file"TestMod\Users\GR-eSports\Server.dayz_preset_User.xml", parser error
22:09:54 [Inputs] Exporting inputs cfg "TestMod\Users\GR-eSports\Server.core.xml"
22:10:04 [CE][Hive] :: Initializing OFFLINE
22:10:04 [CE][Hive] :: Loading core data ... 
22:10:04 [CE][CoreData] :: 7 root classes, 0 defaults, 0 updaters...
22:10:04 [CE][Hive] :: Loading map data ... 
22:10:04 !!! File "$CurrentDir:mpmissions\DayZSurvival.chernarusplus\cfgignorelist.xml" does not exist...
22:10:04 [CE][LoadPrototype] :: loaded 227 prototypes
22:10:04   488 containers, 7137 points
22:10:04   0 dispatches, 0 proxies
22:10:04 !!! [CE][LoadPrototype] 5 groups have no points...
22:10:04 [CE][LoadPrototype] :: last group name: Land_Wreck_Volha_Police...
22:10:04 [CE][LoadPrototype] :: loaded 0 prototypes
22:10:04   0 containers, 0 points
22:10:04   0 dispatches, 0 proxies
22:10:04 [CE][LoadPrototype] :: last group name: Rail9...
22:10:04 [CE][LoadMap] "Group" :: loaded 11602 groups, largest group range: 34.2
22:10:04 !!! File "$CurrentDir:mpmissions\DayZSurvival.chernarusplus\mapgroupdirt.xml" does not exist...
22:10:04 !!! [CE][LoadMap] "Dirt" :: Failed to read group instances ($CurrentDir:mpmissions\DayZSurvival.chernarusplus\mapgroupdirt.xml)
22:10:05 [CE][Links] found 1852 total links between groups, of 11602
22:10:05 [CE][LoadClusters] "Cluster" :: Loading files...
22:10:05 [CE][LoadClusters] :: file: "mapgroupcluster.xml", 9 types, 50000 instances
22:10:05 [CE][LoadClusters] :: file: "mapgroupcluster01", 9 types, 50000 instances
22:10:05 [CE][LoadClusters] :: file: "mapgroupcluster02", 9 types, 50000 instances
22:10:05 [CE][LoadClusters] :: file: "mapgroupcluster03", 9 types, 50000 instances
22:10:05 [CE][LoadClusters] :: file: "mapgroupcluster04", 9 types, 17207 instances
22:10:07 [CE] :: WARNING :: Preset (cargo) with name 'food' was not found.
22:10:07 [CE] :: WARNING :: Preset (cargo) with name 'tools' was not found.
22:10:07 [CE][TypeSetup] :: 368 classes setuped...
22:10:07 [CE][RegisterBind] :: 0 classes binded...
22:10:07 [CE][RegisterConfig] :: 2580 config classes registered, 1 sub-counters...
22:10:07 [CE][offlineDB] :: Loaded 33 dynamic events 205 total types 0 total positions.
22:10:07 !!! File "$CurrentDir:mpmissions\DayZSurvival.chernarusplus\db\messages.xml" does not exist...
22:10:07 [CE][offlineDB] :: File 'db/messages.xml' not found.
22:10:07 [CE][DynamicEvent] Load  Events:[33] Primary spawners: 33 Secondary spawners: 0
22:10:07   Restoring [Storage] file "mpmissions\DayZSurvival.chernarusplus\storage_1\data\vehicles.bin" 63 items.
22:10:07   63 items loaded.
22:10:07   Restoring [Storage] file "mpmissions\DayZSurvival.chernarusplus\storage_1\data\dynamic_000.bin" 1491 items.
22:10:07   1491 items loaded.
22:10:07   Restoring [Storage] file "mpmissions\DayZSurvival.chernarusplus\storage_1\data\dynamic_001.bin" 2984 items.
22:10:08   2984 items loaded.
22:10:08   Restoring [Storage] file "mpmissions\DayZSurvival.chernarusplus\storage_1\data\dynamic_002.bin" 5694 items.
22:10:10   5694 items loaded.
22:10:10   Restoring [Storage] file "mpmissions\DayZSurvival.chernarusplus\storage_1\data\dynamic_003.bin" 3843 items.
22:10:11   3843 items loaded.
22:10:11   Restoring [Storage] file "mpmissions\DayZSurvival.chernarusplus\storage_1\data\dynamic_004.bin" 4321 items.
22:10:12   4321 items loaded.
22:10:12   Restoring [Storage] file "mpmissions\DayZSurvival.chernarusplus\storage_1\data\dynamic_005.bin" 5035 items.
22:10:14   5035 items loaded.
22:10:14   Restoring [Storage] file "mpmissions\DayZSurvival.chernarusplus\storage_1\data\dynamic_006.bin" 3472 items.
22:10:15   3472 items loaded.
22:10:15   Restoring [Storage] file "mpmissions\DayZSurvival.chernarusplus\storage_1\data\dynamic_007.bin" 3431 items.
22:10:16   3431 items loaded.
22:10:16   Restoring [Storage] file "mpmissions\DayZSurvival.chernarusplus\storage_1\data\dynamic_008.bin" 5068 items.
22:10:18   5068 items loaded.
22:10:18   Restoring [Storage] file "mpmissions\DayZSurvival.chernarusplus\storage_1\data\dynamic_009.bin" 6345 items.
22:10:20   6345 items loaded.
22:10:20   Restoring [Storage] file "mpmissions\DayZSurvival.chernarusplus\storage_1\data\dynamic_010.bin" 3995 items.
22:10:22   3995 items loaded.
22:10:22   Restoring [Storage] file "mpmissions\DayZSurvival.chernarusplus\storage_1\data\dynamic_011.bin" 509 items.
22:10:22   509 items loaded.
22:10:22 [CE][Hive] :: Storage load took 15.34 seconds
22:10:22   entity: 69493, building: 0
22:10:22   no lifetime: 38
22:10:22 [CE][Hive] :: Initializing ... 
22:10:22 [CE][Hive] :: Initializing spawners ... 
22:10:22 [CE][LootRespawner] (PRIDummy) :: Item [0] causing search overtime: "NBCPantsGray"
22:10:22 [CE][LootRespawner] (PRIDummy) :: Item [1] causing search overtime: "NBCPantsGray"
22:10:22 [CE][LootRespawner] (PRIDummy) :: Item [2] causing search overtime: "NBCPantsGray"
22:10:22 [CE][LootRespawner] (PRIDummy) :: Item [3] causing search overtime: "NBCPantsGray"
22:10:22 [CE][LootRespawner] (PRIDummy) :: Item [4] causing search overtime: "WoolCoat_Beige"
22:10:22 [CE][LootRespawner] (PRIDummy) :: Item [5] causing search overtime: "WoolCoat_Beige"
22:10:22 [CE][LootRespawner] (PRIDummy) :: Item [6] causing search overtime: "WoolCoat_Beige"
22:10:22 [CE][LootRespawner] (PRIDummy) :: Item [7] causing search overtime: "WoolCoat_Beige"
22:10:22 [CE][LootRespawner] (PRIDummy) :: Item [8] causing search overtime: "WoolCoat_Beige"
22:10:22 [CE][LootRespawner] (PRIDummy) :: Item [9] causing search overtime: "WoolCoat_Beige"
22:10:22 [CE][LootRespawner] (PRIDummy) :: Item [10] causing search overtime: "WoolCoat_Beige"
22:10:22 [CE][LootRespawner] (PRIDummy) :: Item [11] causing search overtime: "WoolCoat_Beige"
22:10:22 [CE][LootRespawner] (PRIDummy) :: Item [12] causing search overtime: "WoolCoat_Beige"
22:10:22 [CE][LootRespawner] (PRIDummy) :: Item [13] causing search overtime: "WoolCoat_Beige"
22:10:22 [CE][LootRespawner] (PRIDummy) :: Item [14] causing search overtime: "WoolCoat_Beige"
22:10:22 [CE][LootRespawner] (PRIDummy) :: Item [15] causing search overtime: "WoolCoat_Beige"
22:10:22 [CE][LootRespawner] (PRIDummy) :: Item [16] causing search overtime: "WoolCoat_Beige"
22:10:22 [CE][LootRespawner] (PRIDummy) :: Item [17] causing search overtime: "WoolCoat_Beige"
22:10:22 [CE][LootRespawner] (PRIDummy) :: Item [18] causing search overtime: "WoolCoat_Beige"
22:10:22 [CE][LootRespawner] (PRIDummy) :: Item [19] causing search overtime: "WoolCoat_Beige"
22:10:23 [CE][LootRespawner] (PRIDummy) :: Initially (re)spawned:0, Nominal:55579, Total in Map: 46365 at 1 (sec)
22:10:23   tests:0, repeats:0 fails:0, overtime:9426
22:10:23 [CE][DynEvent] :: 33 types
22:10:23 [00] AmbientHen
22:10:23   Primary Spawner: "Ambient", active: yes, repeat: 1
22:10:23 [01] AnimalCow
22:10:23   Primary Spawner: "Animal", active: yes, repeat: 1
22:10:23 [02] AnimalDeer
22:10:23   Primary Spawner: "Animal", active: yes, repeat: 1
22:10:23 [03] AnimalGoat
22:10:23   Primary Spawner: "Animal", active: yes, repeat: 1
22:10:23 [04] AnimalPig
22:10:23   Primary Spawner: "Animal", active: yes, repeat: 1
22:10:23 [05] AnimalRoeDeer
22:10:23   Primary Spawner: "Animal", active: yes, repeat: 1
22:10:23 [06] AnimalSheep
22:10:23   Primary Spawner: "Animal", active: yes, repeat: 1
22:10:23 [07] AnimalWildBoar
22:10:23   Primary Spawner: "Animal", active: yes, repeat: 1
22:10:23 [08] AnimalWolf
22:10:23   Primary Spawner: "Animal", active: yes, repeat: 1
22:10:23 [09] InfectedArmy
22:10:23   Primary Spawner: "Infected", active: yes, repeat: 1
22:10:23 [10] InfectedCity
22:10:23   Primary Spawner: "Infected", active: yes, repeat: 1
22:10:23 [11] InfectedFirefighter
22:10:23   Primary Spawner: "Infected", active: yes, repeat: 1
22:10:23 [12] InfectedIndustrial
22:10:23   Primary Spawner: "Infected", active: yes, repeat: 1
22:10:23 [13] InfectedMedic
22:10:23   Primary Spawner: "Infected", active: yes, repeat: 1
22:10:23 [14] InfectedPolice
22:10:23   Primary Spawner: "Infected", active: yes, repeat: 1
22:10:23 [15] InfectedPrisoner
22:10:23   Primary Spawner: "Infected", active: yes, repeat: 1
22:10:23 [16] InfectedReligious
22:10:23   Primary Spawner: "Infected", active: yes, repeat: 1
22:10:23 [17] InfectedSolitude
22:10:23   Primary Spawner: "Infected", active: yes, repeat: 1
22:10:23 [18] InfectedVillage
22:10:23   Primary Spawner: "Infected", active: yes, repeat: 1
22:10:23 [19] ItemPlanks
22:10:23   Primary Spawner: "Item", active: yes, repeat: 1
22:10:23 [20] Loot
22:10:23   Primary Spawner: "Loot", active: yes, repeat: 2
22:10:23 [21] StaticHeliCrash
22:10:23   Primary Spawner: "Vehicle", active: yes, repeat: 1
22:10:23 [22] StaticPoliceCar
22:10:23   Primary Spawner: "Vehicle", active: yes, repeat: 1
22:10:23 [23] TrajectoryApple
22:10:23   Primary Spawner: "Trajectory", active: yes, repeat: 1
22:10:23 [24] TrajectoryCanina
22:10:23   Primary Spawner: "Trajectory", active: yes, repeat: 1
22:10:23 [25] TrajectoryConiferous
22:10:23   Primary Spawner: "Trajectory", active: yes, repeat: 1
22:10:23 [26] TrajectoryDeciduous
22:10:23   Primary Spawner: "Trajectory", active: yes, repeat: 1
22:10:23 [27] TrajectoryHumus
22:10:23   Primary Spawner: "Trajectory", active: yes, repeat: 1
22:10:23 [28] TrajectoryPear
22:10:23   Primary Spawner: "Trajectory", active: yes, repeat: 1
22:10:23 [29] TrajectoryPlum
22:10:23   Primary Spawner: "Trajectory", active: yes, repeat: 1
22:10:23 [30] TrajectorySambucus
22:10:23   Primary Spawner: "Trajectory", active: yes, repeat: 1
22:10:23 [31] TrajectoryStones
22:10:23   Primary Spawner: "Trajectory", active: yes, repeat: 1
22:10:23 [32] VehicleCivilianVan
22:10:23   Primary Spawner: "Vehicle", active: yes, repeat: 1
22:10:23 [CE][Hive] :: Initializing of spawners done.
22:10:23 [CE][Hive] :: Init sequence finished.
22:10:24 Player connect enabled
22:10:29 [Login]: Adding player Survivor (560009324) to login queue at position 1
22:10:29 [LoginMachine]: Add player Survivor (560009324)
22:10:29 [StateMachine]: Player Survivor (dpnid 560009324 uid ) Entering PreCreatePlayerLoginState
22:10:29 [StateMachine]: Player Survivor (dpnid 560009324 uid ) Entering WaitPreCreatePlayerLoginState
22:10:31 [StateMachine]: Player Survivor (dpnid 560009324 uid d5o4DaGfl15Sbl2H3alV8NGUj4bZeJ9SDWeaH+C7MLw=) Entering GetCharacterLoginState
22:10:31 [StateMachine]: Player Survivor (dpnid 560009324 uid d5o4DaGfl15Sbl2H3alV8NGUj4bZeJ9SDWeaH+C7MLw=) Entering CreateNetObjectsLoginState
22:10:31 [StateMachine]: Player Survivor (dpnid 560009324 uid d5o4DaGfl15Sbl2H3alV8NGUj4bZeJ9SDWeaH+C7MLw=) Entering PreloadCamLoginState
22:10:31 [StateMachine]: Player Survivor (dpnid 560009324 uid d5o4DaGfl15Sbl2H3alV8NGUj4bZeJ9SDWeaH+C7MLw=) Entering WaitPreloadCamLoginState
22:10:38 [StateMachine]: Player Survivor (dpnid 560009324 uid d5o4DaGfl15Sbl2H3alV8NGUj4bZeJ9SDWeaH+C7MLw=) Entering GetLoadedCharLoginState
22:10:40 <LOAD EXISTING CHAR>:
    charID 1
    playerID 1
    dpnid 560009324
    uid d5o4DaGfl15Sbl2H3alV8NGUj4bZeJ9SDWeaH+C7MLw=
22:10:45 [Disconnect]: Client 560009324 normal disconnect
22:10:45 [Disconnect]: Start script disconnect 560009324 (dbCharacterId 1 dbPlayerId 1) logoutTime 0
22:10:46 [Disconnect]: Finish script disconnect 560009324
22:10:46 [Disconnect]: DisconnectPlayerFinish 560009324
22:10:46 [Disconnect]: Remove player info 560009324
22:10:46 Player Survivor (560009324) kicked from server: 2 (Auth error: AUTH CANCELED)
22:10:46 [Disconnect]: Remove player info 560009324
=======================================================
-------------------------------------------------------
Time: 22:10:51
Exception code: C0000005 ACCESS_VIOLATION at 1BAA3748
Version 0.63.149464
Fault address:  1BAA3748 00:1BAA3748 Unknown module
file:     DayZSurvival
world:    chernarusplus
Prev. code bytes: 39 5F 44 76 2F 0F 1F 00 48 8B 47 38 48 8B 0C D8
Fault code bytes: 0F B7 41 12 A8 14 0F 95 C2 66 44 0F A3 F0 0F 92
=======================================================
note: Minidump has been generated into the file TestMod\DayZServer_x64_2018-11-17_22-09-52_2018-11-17_22-10-51.mdmp
