

=====================================================================
== C:\Program Files (x86)\Steam\steamapps\common\DayZServer\DayZServer_x64.exe
== DayZServer_x64.exe  -mod=ModdedScripts -config=TestMod\serverDZ.cfg -profiles=TestMod -name=GR-eSports
=====================================================================
Exe timestamp: 2018/11/17 12:12:14
Current time:  2018/11/17 20:30:31

Version 0.63.149464
20:30:31 [Inputs] Loading inputs cfg "TestMod\Users\GR-eSports\Server.core.xml"
20:30:31 !!! [Inputs] Cannot read inputs cfg "TestMod\Users\GR-eSports\Server.core.xml", parser error
20:30:31 [Inputs] Loading inputs cfg "dz/data/inputsdefault/core.xml"
20:30:32 !!! [Inputs] Cannot read preset "user" file"TestMod\Users\GR-eSports\Server.dayz_preset_User.xml", parser error
20:30:32 [Inputs] Exporting inputs cfg "TestMod\Users\GR-eSports\Server.core.xml"
20:30:48 [CE][Hive] :: Initializing OFFLINE
20:30:48 [CE][Hive] :: Loading core data ... 
20:30:48 [CE][CoreData] :: 7 root classes, 0 defaults, 0 updaters...
20:30:48 [CE][Hive] :: Loading map data ... 
20:30:48 !!! File "$CurrentDir:mpmissions\DayZSurvival.chernarusplus\cfgignorelist.xml" does not exist...
20:30:48 [CE][LoadPrototype] :: loaded 227 prototypes
20:30:48   488 containers, 7137 points
20:30:48   0 dispatches, 0 proxies
20:30:48 !!! [CE][LoadPrototype] 5 groups have no points...
20:30:48 [CE][LoadPrototype] :: last group name: Land_Wreck_Volha_Police...
20:30:48 [CE][LoadPrototype] :: loaded 0 prototypes
20:30:48   0 containers, 0 points
20:30:48   0 dispatches, 0 proxies
20:30:48 [CE][LoadPrototype] :: last group name: Rail9...
20:30:48 [CE][LoadMap] "Group" :: loaded 11602 groups, largest group range: 34.2
20:30:48 !!! File "$CurrentDir:mpmissions\DayZSurvival.chernarusplus\mapgroupdirt.xml" does not exist...
20:30:48 !!! [CE][LoadMap] "Dirt" :: Failed to read group instances ($CurrentDir:mpmissions\DayZSurvival.chernarusplus\mapgroupdirt.xml)
20:30:49 [CE][Links] found 1852 total links between groups, of 11602
20:30:49 [CE][LoadClusters] "Cluster" :: Loading files...
20:30:49 [CE][LoadClusters] :: file: "mapgroupcluster.xml", 9 types, 50000 instances
20:30:50 [CE][LoadClusters] :: file: "mapgroupcluster01", 9 types, 50000 instances
20:30:51 [CE][LoadClusters] :: file: "mapgroupcluster02", 9 types, 50000 instances
20:30:53 [CE][LoadClusters] :: file: "mapgroupcluster03", 9 types, 50000 instances
20:30:53 [CE][LoadClusters] :: file: "mapgroupcluster04", 9 types, 17207 instances
20:30:56 [CE] :: WARNING :: Preset (cargo) with name 'food' was not found.
20:30:56 [CE] :: WARNING :: Preset (cargo) with name 'tools' was not found.
20:30:56 [CE][TypeSetup] :: 368 classes setuped...
20:30:56 [CE][RegisterBind] :: 0 classes binded...
20:30:56 [CE][RegisterConfig] :: 2580 config classes registered, 1 sub-counters...
20:30:56 [CE][offlineDB] :: Loaded 33 dynamic events 205 total types 0 total positions.
20:30:56 !!! File "$CurrentDir:mpmissions\DayZSurvival.chernarusplus\db\messages.xml" does not exist...
20:30:56 [CE][offlineDB] :: File 'db/messages.xml' not found.
20:30:56 [CE][Hive] :: Empty storage folder, reinitializing ... 
20:30:56 [CE][Hive] :: Initializing ... 
20:30:56 [CE][Hive] :: Initializing spawners ... 
20:31:00 !!! [CE][Point] Removing 11259.735352, 4327.060059 from Land_Castle_Gate
20:31:00 !!! [CE][Point] Removing 11161.310547, 2435.417480 from Land_Boat_Small1
20:31:01 !!! [CE][Point] Removing 8274.852539, 2462.914551 from Land_Boat_Small2
20:31:01 !!! [CE][Point] Removing 1428.756104, 9296.132813 from Land_Castle_Gate
20:31:03 !!! [CE][Point] Removing 11162.427734, 2436.680664 from Land_Boat_Small1
20:31:03 !!! [CE][Point] Removing 13337.955078, 11969.321289 from Land_Boat_Small1
20:31:04 [CE][LootRespawner] (PRIDummy) :: Item [0] is hard to place, performance drops: "AKM"
20:31:04 [CE][LootRespawner] (PRIDummy) :: Item [1] is hard to place, performance drops: "AKM"
20:31:04 [CE][LootRespawner] (PRIDummy) :: Item [2] is hard to place, performance drops: "AKM"
20:31:04 [CE][LootRespawner] (PRIDummy) :: Item [3] is hard to place, performance drops: "AKM"
20:31:04 [CE][LootRespawner] (PRIDummy) :: Item [4] is hard to place, performance drops: "AKM"
20:31:04 [CE][LootRespawner] (PRIDummy) :: Item [5] is hard to place, performance drops: "AKM"
20:31:04 [CE][LootRespawner] (PRIDummy) :: Item [6] is hard to place, performance drops: "AKM"
20:31:04 [CE][LootRespawner] (PRIDummy) :: Item [7] is hard to place, performance drops: "AKM"
20:31:04 [CE][LootRespawner] (PRIDummy) :: Item [8] is hard to place, performance drops: "AKM"
20:31:04 [CE][LootRespawner] (PRIDummy) :: Item [9] is hard to place, performance drops: "AKM"
20:31:04 [CE][LootRespawner] (PRIDummy) :: Item [10] is hard to place, performance drops: "AKM"
20:31:04 [CE][LootRespawner] (PRIDummy) :: Item [11] is hard to place, performance drops: "AKM"
20:31:04 [CE][LootRespawner] (PRIDummy) :: Item [12] is hard to place, performance drops: "AKM"
20:31:04 [CE][LootRespawner] (PRIDummy) :: Item [13] is hard to place, performance drops: "AKM"
20:31:04 [CE][LootRespawner] (PRIDummy) :: Item [14] is hard to place, performance drops: "AKM"
20:31:04 [CE][LootRespawner] (PRIDummy) :: Item [15] is hard to place, performance drops: "AKM"
20:31:04 [CE][LootRespawner] (PRIDummy) :: Item [16] is hard to place, performance drops: "AKM"
20:31:04 [CE][LootRespawner] (PRIDummy) :: Item [17] is hard to place, performance drops: "AKM"
20:31:04 [CE][LootRespawner] (PRIDummy) :: Item [18] is hard to place, performance drops: "AKM"
20:31:04 [CE][LootRespawner] (PRIDummy) :: Item [19] is hard to place, performance drops: "AKM"
20:31:08 !!! [CE][Point] Removing 11259.958008, 4325.312988 from Land_Castle_Gate
20:31:09 !!! [CE][Point] Removing 12303.168945, 14357.331055 from Land_Container_1Aoh
20:31:09 !!! [CE][Point] Removing 13283.112305, 10092.816406 from Land_Boat_Small1
20:31:17 !!! [CE][Point] Removing 7830.973633, 3017.061035 from Land_Container_1Aoh
20:31:17 !!! [CE][Point] Removing 7830.502441, 3018.110107 from Land_Container_1Aoh
20:31:17 !!! [CE][Point] Removing 10852.337891, 2330.460449 from Land_Boat_Small3
20:31:17 !!! [CE][Point] Removing 11656.756836, 3110.696289 from Land_Boat_Small3
20:31:17 !!! [CE][Point] Removing 11160.130859, 2436.536865 from Land_Boat_Small1
20:31:19 !!! [CE][Point] Removing 11161.161133, 2437.848389 from Land_Boat_Small1
20:31:19 !!! [CE][Point] Removing 11261.065430, 4326.401367 from Land_Castle_Gate
20:31:19 !!! [CE][Point] Removing 8273.379883, 2465.385254 from Land_Boat_Small1
20:31:19 !!! [CE][Point] Removing 8274.672852, 2466.371582 from Land_Boat_Small1
20:31:19 !!! [CE][Point] Removing 12304.303711, 14358.048828 from Land_Container_1Aoh
20:31:19 !!! [CE][Point] Removing 11161.755859, 2437.563477 from Land_Boat_Small1
20:31:20 !!! [CE][Point] Removing 3581.063721, 11337.671875 from Land_Mil_Tower_Small
20:31:20 !!! [CE][Point] Removing 10123.827148, 1949.876099 from Land_Wreck_Volha_Grey
20:31:20 !!! [CE][Point] Removing 1427.465088, 9297.331055 from Land_Castle_Gate
20:31:20 !!! [CE][Point] Removing 12304.133789, 14356.705078 from Land_Container_1Aoh
20:31:21 [CE][LootRespawner] (PRIDummy) :: Item [0] causing search overtime: "AK_Suppressor"
20:31:21 [CE][LootRespawner] (PRIDummy) :: Item [1] causing search overtime: "WeaponCleaningKit"
20:31:21 [CE][LootRespawner] (PRIDummy) :: Item [2] causing search overtime: "HuntingBag"
20:31:21 [CE][LootRespawner] (PRIDummy) :: Item [3] causing search overtime: "Breeches_Blackcheck"
20:31:21 [CE][LootRespawner] (PRIDummy) :: Item [4] causing search overtime: "WoolCoat_Beige"
20:31:21 [CE][LootRespawner] (PRIDummy) :: Item [5] causing search overtime: "WoolCoat_Beige"
20:31:21 [CE][LootRespawner] (PRIDummy) :: Item [6] causing search overtime: "WoolCoat_Beige"
20:31:21 [CE][LootRespawner] (PRIDummy) :: Item [7] causing search overtime: "WoolCoat_Beige"
20:31:21 [CE][LootRespawner] (PRIDummy) :: Item [8] causing search overtime: "WoolCoat_Beige"
20:31:21 [CE][LootRespawner] (PRIDummy) :: Item [9] causing search overtime: "WoolCoat_Beige"
20:31:21 [CE][LootRespawner] (PRIDummy) :: Item [10] causing search overtime: "WoolCoat_Beige"
20:31:21 [CE][LootRespawner] (PRIDummy) :: Item [11] causing search overtime: "WoolCoat_Beige"
20:31:21 [CE][LootRespawner] (PRIDummy) :: Item [12] causing search overtime: "WoolCoat_Beige"
20:31:21 [CE][LootRespawner] (PRIDummy) :: Item [13] causing search overtime: "WoolCoat_Beige"
20:31:21 [CE][LootRespawner] (PRIDummy) :: Item [14] causing search overtime: "WoolCoat_Beige"
20:31:21 [CE][LootRespawner] (PRIDummy) :: Item [15] causing search overtime: "WoolCoat_Beige"
20:31:21 [CE][LootRespawner] (PRIDummy) :: Item [16] causing search overtime: "WoolCoat_Beige"
20:31:21 [CE][LootRespawner] (PRIDummy) :: Item [17] causing search overtime: "WoolCoat_Beige"
20:31:21 [CE][LootRespawner] (PRIDummy) :: Item [18] causing search overtime: "WoolCoat_Beige"
20:31:21 [CE][LootRespawner] (PRIDummy) :: Item [19] causing search overtime: "WoolCoat_Beige"
20:31:22 [CE][LootRespawner] (PRIDummy) :: Initially (re)spawned:46115, Nominal:55579, Total in Map: 46150 at 25 (sec)
20:31:22   tests:51617, repeats:408 fails:5094, overtime:9468
20:31:22 [CE][Links] found 0 total links between groups, of 1
20:31:22 [CE][SpawnRandomLoot] (StaticHeliCrash) :: ChildType: Wreck_Mi8, lootmin: 10, lootmax: 20, wanted: 14
20:31:22 [CE][Links] found 0 total links between groups, of 2
20:31:22 [CE][SpawnRandomLoot] (StaticHeliCrash) :: ChildType: Wreck_UH1Y, lootmin: 10, lootmax: 20, wanted: 16
20:31:22 [CE][Links] found 0 total links between groups, of 3
20:31:22 [CE][SpawnRandomLoot] (StaticPoliceCar) :: ChildType: Land_Wreck_Volha_Police, lootmin: 3, lootmax: 5, wanted: 3
20:31:22 [CE][Links] found 0 total links between groups, of 4
20:31:22 [CE][SpawnRandomLoot] (StaticPoliceCar) :: ChildType: Land_Wreck_Volha_Police, lootmin: 3, lootmax: 5, wanted: 4
20:31:22 [CE][Links] found 0 total links between groups, of 5
20:31:22 [CE][SpawnRandomLoot] (StaticPoliceCar) :: ChildType: Land_Wreck_Volha_Police, lootmin: 3, lootmax: 5, wanted: 3
20:31:22 [CE][Links] found 0 total links between groups, of 6
20:31:22 [CE][SpawnRandomLoot] (StaticPoliceCar) :: ChildType: Land_Wreck_Volha_Police, lootmin: 3, lootmax: 5, wanted: 3
20:31:22 [CE][Links] found 0 total links between groups, of 7
20:31:22 [CE][SpawnRandomLoot] (StaticPoliceCar) :: ChildType: Land_Wreck_Volha_Police, lootmin: 3, lootmax: 5, wanted: 4
20:31:22 [CE][Links] found 0 total links between groups, of 8
20:31:22 [CE][SpawnRandomLoot] (StaticPoliceCar) :: ChildType: Land_Wreck_Volha_Police, lootmin: 3, lootmax: 5, wanted: 3
20:31:22 [CE][Links] found 0 total links between groups, of 9
20:31:22 [CE][SpawnRandomLoot] (StaticPoliceCar) :: ChildType: Land_Wreck_Volha_Police, lootmin: 3, lootmax: 5, wanted: 4
20:31:22 [CE][Links] found 0 total links between groups, of 10
20:31:22 [CE][SpawnRandomLoot] (StaticPoliceCar) :: ChildType: Land_Wreck_Volha_Police, lootmin: 3, lootmax: 5, wanted: 3
20:31:22 [CE][Links] found 0 total links between groups, of 11
20:31:22 [CE][SpawnRandomLoot] (StaticPoliceCar) :: ChildType: Land_Wreck_Volha_Police, lootmin: 3, lootmax: 5, wanted: 4
20:31:22 !!! [CE][VehicleRespawner] (PRICivilianVan) :: Respawning: "VehicleCivilianVan" - There are not enough positions in "cfgeventspawns.xml", 1 < 40
20:31:22 [CE][DynEvent] :: 33 types
20:31:22 [00] AmbientHen
20:31:22   Primary Spawner: "Ambient", active: yes, repeat: 1
20:31:22 [01] AnimalCow
20:31:22   Primary Spawner: "Animal", active: yes, repeat: 1
20:31:22 [02] AnimalDeer
20:31:22   Primary Spawner: "Animal", active: yes, repeat: 1
20:31:22 [03] AnimalGoat
20:31:22   Primary Spawner: "Animal", active: yes, repeat: 1
20:31:22 [04] AnimalPig
20:31:22   Primary Spawner: "Animal", active: yes, repeat: 1
20:31:22 [05] AnimalRoeDeer
20:31:22   Primary Spawner: "Animal", active: yes, repeat: 1
20:31:22 [06] AnimalSheep
20:31:22   Primary Spawner: "Animal", active: yes, repeat: 1
20:31:22 [07] AnimalWildBoar
20:31:22   Primary Spawner: "Animal", active: yes, repeat: 1
20:31:22 [08] AnimalWolf
20:31:22   Primary Spawner: "Animal", active: yes, repeat: 1
20:31:22 [09] InfectedArmy
20:31:22   Primary Spawner: "Infected", active: yes, repeat: 1
20:31:22 [10] InfectedCity
20:31:22   Primary Spawner: "Infected", active: yes, repeat: 1
20:31:22 [11] InfectedFirefighter
20:31:22   Primary Spawner: "Infected", active: yes, repeat: 1
20:31:22 [12] InfectedIndustrial
20:31:22   Primary Spawner: "Infected", active: yes, repeat: 1
20:31:22 [13] InfectedMedic
20:31:22   Primary Spawner: "Infected", active: yes, repeat: 1
20:31:22 [14] InfectedPolice
20:31:22   Primary Spawner: "Infected", active: yes, repeat: 1
20:31:22 [15] InfectedPrisoner
20:31:22   Primary Spawner: "Infected", active: yes, repeat: 1
20:31:22 [16] InfectedReligious
20:31:22   Primary Spawner: "Infected", active: yes, repeat: 1
20:31:22 [17] InfectedSolitude
20:31:22   Primary Spawner: "Infected", active: yes, repeat: 1
20:31:22 [18] InfectedVillage
20:31:22   Primary Spawner: "Infected", active: yes, repeat: 1
20:31:22 [19] ItemPlanks
20:31:22   Primary Spawner: "Item", active: yes, repeat: 1
20:31:22 [20] Loot
20:31:22   Primary Spawner: "Loot", active: yes, repeat: 2
20:31:22 [21] StaticHeliCrash
20:31:22   Primary Spawner: "Vehicle", active: yes, repeat: 1
20:31:22 [22] StaticPoliceCar
20:31:22   Primary Spawner: "Vehicle", active: yes, repeat: 1
20:31:22 [23] TrajectoryApple
20:31:22   Primary Spawner: "Trajectory", active: yes, repeat: 1
20:31:22 [24] TrajectoryCanina
20:31:22   Primary Spawner: "Trajectory", active: yes, repeat: 1
20:31:22 [25] TrajectoryConiferous
20:31:22   Primary Spawner: "Trajectory", active: yes, repeat: 1
20:31:22 [26] TrajectoryDeciduous
20:31:22   Primary Spawner: "Trajectory", active: yes, repeat: 1
20:31:22 [27] TrajectoryHumus
20:31:22   Primary Spawner: "Trajectory", active: yes, repeat: 1
20:31:22 [28] TrajectoryPear
20:31:22   Primary Spawner: "Trajectory", active: yes, repeat: 1
20:31:22 [29] TrajectoryPlum
20:31:22   Primary Spawner: "Trajectory", active: yes, repeat: 1
20:31:22 [30] TrajectorySambucus
20:31:22   Primary Spawner: "Trajectory", active: yes, repeat: 1
20:31:22 [31] TrajectoryStones
20:31:22   Primary Spawner: "Trajectory", active: yes, repeat: 1
20:31:22 [32] VehicleCivilianVan
20:31:22   Primary Spawner: "Vehicle", active: yes, repeat: 1
20:31:22 [CE][Hive] :: Initializing of spawners done.
20:31:22 [CE][Hive] :: Init sequence finished.
20:31:23 Player connect enabled
20:31:23 [Login]: Adding player Survivor (1049906494) to login queue at position 1
20:31:25 [LoginMachine]: Add player Survivor (1049906494)
20:31:25 [StateMachine]: Player Survivor (dpnid 1049906494 uid ) Entering PreCreatePlayerLoginState
20:31:25 [StateMachine]: Player Survivor (dpnid 1049906494 uid ) Entering WaitPreCreatePlayerLoginState
20:31:27 [StateMachine]: Player Survivor (dpnid 1049906494 uid d5o4DaGfl15Sbl2H3alV8NGUj4bZeJ9SDWeaH+C7MLw=) Entering GetCharacterLoginState
20:31:27 [StateMachine]: Player Survivor (dpnid 1049906494 uid d5o4DaGfl15Sbl2H3alV8NGUj4bZeJ9SDWeaH+C7MLw=) Entering CreateNetObjectsLoginState
20:31:27 !!! File "$CurrentDir:mpmissions\DayZSurvival.chernarusplus\spawnpoints_players.bin" does not exist...
20:31:27 [StateMachine]: Player Survivor (dpnid 1049906494 uid d5o4DaGfl15Sbl2H3alV8NGUj4bZeJ9SDWeaH+C7MLw=) Entering PreloadCamLoginState
20:31:27 [StateMachine]: Player Survivor (dpnid 1049906494 uid d5o4DaGfl15Sbl2H3alV8NGUj4bZeJ9SDWeaH+C7MLw=) Entering WaitPreloadCamLoginState
20:31:34 [StateMachine]: Player Survivor (dpnid 1049906494 uid d5o4DaGfl15Sbl2H3alV8NGUj4bZeJ9SDWeaH+C7MLw=) Entering GetNewCharLoginState
20:31:37 <CREATE NEW CHAR>:
    charID 1
    playerID 1
    dpnid 1049906494
    uid d5o4DaGfl15Sbl2H3alV8NGUj4bZeJ9SDWeaH+C7MLw=
20:32:16 [CE][Links] found 0 total links between groups, of 12
20:32:16 [CE][SpawnRandomLoot] (StaticHeliCrash) :: ChildType: Wreck_Mi8, lootmin: 10, lootmax: 20, wanted: 15
20:32:17 [CE][Links] found 0 total links between groups, of 13
20:32:17 [CE][SpawnRandomLoot] (StaticPoliceCar) :: ChildType: Land_Wreck_Volha_Police, lootmin: 3, lootmax: 5, wanted: 4
20:32:20 !!! [CE][Point] Removing 2723.442139, 10002.296875 from PearTree1
20:32:52 [Disconnect]: Start script disconnect 1049906494 (dbCharacterId 1 dbPlayerId 1) logoutTime 0
20:32:52 [Disconnect]: Finish script disconnect 1049906494
20:32:52 [Disconnect]: DisconnectPlayerFinish 1049906494
20:32:52 [Disconnect]: Remove player info 1049906494
20:32:52 [Disconnect]: Remove player info 1049906494
=======================================================
-------------------------------------------------------
Time: 20:33:32
Exception code: C0000005 ACCESS_VIOLATION at 1BAA3748
Version 0.63.149464
Fault address:  1BAA3748 00:1BAA3748 Unknown module
file:     DayZSurvival
world:    chernarusplus
Prev. code bytes: 39 5F 44 76 2F 0F 1F 00 48 8B 47 38 48 8B 0C D8
Fault code bytes: 0F B7 41 12 A8 14 0F 95 C2 66 44 0F A3 F0 0F 92
=======================================================
note: Minidump has been generated into the file TestMod\DayZServer_x64_2018-11-17_20-30-27_2018-11-17_20-33-32.mdmp
