

=====================================================================
== C:\DayZServer\DayZServer_x64.exe
== DayZServer_x64.exe  -mod=ModdedScripts -config=TestMod\serverDZ.cfg -profiles=TestMod -name=GR-eSports
=====================================================================
Exe timestamp: 2018/11/14 17:24:52
Current time:  2018/11/14 21:13:41

Version 0.63.149442
21:13:41 [Inputs] Loading inputs cfg "TestMod\Users\GR-eSports\Server.core.xml"
21:13:41 !!! [Inputs] Cannot read inputs cfg "TestMod\Users\GR-eSports\Server.core.xml", parser error
21:13:41 [Inputs] Loading inputs cfg "dz/data/inputsdefault/core.xml"
21:13:41 !!! [Inputs] Cannot read preset "user" file"TestMod\Users\GR-eSports\Server.dayz_preset_User.xml", parser error
21:13:41 [Inputs] Exporting inputs cfg "TestMod\Users\GR-eSports\Server.core.xml"
21:14:16 [CE][Hive] :: Initializing OFFLINE
21:14:16 [CE][Hive] :: Loading core data ... 
21:14:16 [CE][CoreData] :: 7 root classes, 0 defaults, 0 updaters...
21:14:16 [CE][Hive] :: Loading map data ... 
21:14:16 !!! File "$CurrentDir:mpmissions\DayZSurvival.chernarusplus\cfgignorelist.xml" does not exist...
21:14:16 [CE][LoadPrototype] :: loaded 227 prototypes
21:14:16   488 containers, 7137 points
21:14:16   0 dispatches, 0 proxies
21:14:16 !!! [CE][LoadPrototype] 5 groups have no points...
21:14:16 [CE][LoadPrototype] :: last group name: Land_Wreck_Volha_Police...
21:14:16 [CE][LoadPrototype] :: loaded 0 prototypes
21:14:16   0 containers, 0 points
21:14:16   0 dispatches, 0 proxies
21:14:16 [CE][LoadPrototype] :: last group name: Rail9...
21:14:16 [CE][LoadMap] "Group" :: loaded 11602 groups, largest group range: 34.2
21:14:16 !!! File "$CurrentDir:mpmissions\DayZSurvival.chernarusplus\mapgroupdirt.xml" does not exist...
21:14:16 !!! [CE][LoadMap] "Dirt" :: Failed to read group instances ($CurrentDir:mpmissions\DayZSurvival.chernarusplus\mapgroupdirt.xml)
21:14:17 [CE][Links] found 1852 total links between groups, of 11602
21:14:17 [CE][LoadClusters] "Cluster" :: Loading files...
21:14:17 [CE][LoadClusters] :: file: "mapgroupcluster.xml", 9 types, 50000 instances
21:14:18 [CE][LoadClusters] :: file: "mapgroupcluster01", 9 types, 50000 instances
21:14:18 [CE][LoadClusters] :: file: "mapgroupcluster02", 9 types, 50000 instances
21:14:19 [CE][LoadClusters] :: file: "mapgroupcluster03", 9 types, 50000 instances
21:14:19 [CE][LoadClusters] :: file: "mapgroupcluster04", 9 types, 17207 instances
21:14:23 [CE] :: WARNING :: Preset (cargo) with name 'food' was not found.
21:14:23 [CE] :: WARNING :: Preset (cargo) with name 'tools' was not found.
21:14:23 [CE][TypeSetup] :: 368 classes setuped...
21:14:23 [CE][RegisterBind] :: 0 classes binded...
21:14:23 [CE][RegisterConfig] :: 2579 config classes registered, 1 sub-counters...
21:14:23 [CE][offlineDB] :: Loaded 33 dynamic events 205 total types 0 total positions.
21:14:23 !!! File "$CurrentDir:mpmissions\DayZSurvival.chernarusplus\db\messages.xml" does not exist...
21:14:23 [CE][offlineDB] :: File 'db/messages.xml' not found.
21:14:23 [CE][Hive] :: Empty storage folder, reinitializing ... 
21:14:23 [CE][Hive] :: Initializing ... 
21:14:23 [CE][Hive] :: Initializing spawners ... 
21:14:26 !!! [CE][Point] Removing 11261.519531, 4325.526855 from Land_Castle_Gate
21:14:28 !!! [CE][Point] Removing 12303.168945, 14357.331055 from Land_Container_1Aoh
21:14:29 !!! [CE][Point] Removing 6973.885742, 11355.990234 from Land_Castle_Gate
21:14:30 !!! [CE][Point] Removing 13339.621094, 11969.760742 from Land_Boat_Small1
21:14:34 !!! [CE][Point] Removing 11259.735352, 4327.060059 from Land_Castle_Gate
21:14:34 !!! [CE][Point] Removing 11259.958008, 4325.312988 from Land_Castle_Gate
21:14:37 [CE][LootRespawner] (PRIDummy) :: Item [0] is hard to place, performance drops: "AKM"
21:14:37 [CE][LootRespawner] (PRIDummy) :: Item [1] is hard to place, performance drops: "AKM"
21:14:37 [CE][LootRespawner] (PRIDummy) :: Item [2] is hard to place, performance drops: "AKM"
21:14:37 [CE][LootRespawner] (PRIDummy) :: Item [3] is hard to place, performance drops: "AKM"
21:14:37 [CE][LootRespawner] (PRIDummy) :: Item [4] is hard to place, performance drops: "AKM"
21:14:37 [CE][LootRespawner] (PRIDummy) :: Item [5] is hard to place, performance drops: "AKM"
21:14:37 [CE][LootRespawner] (PRIDummy) :: Item [6] is hard to place, performance drops: "AKM"
21:14:37 [CE][LootRespawner] (PRIDummy) :: Item [7] is hard to place, performance drops: "AKM"
21:14:37 !!! [CE][Point] Removing 1427.465088, 9297.331055 from Land_Castle_Gate
21:14:37 [CE][LootRespawner] (PRIDummy) :: Item [8] is hard to place, performance drops: "AKM"
21:14:38 [CE][LootRespawner] (PRIDummy) :: Item [9] is hard to place, performance drops: "AKM"
21:14:38 [CE][LootRespawner] (PRIDummy) :: Item [10] is hard to place, performance drops: "AKM"
21:14:38 [CE][LootRespawner] (PRIDummy) :: Item [11] is hard to place, performance drops: "AKM"
21:14:38 [CE][LootRespawner] (PRIDummy) :: Item [12] is hard to place, performance drops: "AKM"
21:14:38 [CE][LootRespawner] (PRIDummy) :: Item [13] is hard to place, performance drops: "AKM"
21:14:38 [CE][LootRespawner] (PRIDummy) :: Item [14] is hard to place, performance drops: "AKM"
21:14:38 [CE][LootRespawner] (PRIDummy) :: Item [15] is hard to place, performance drops: "AKM"
21:14:38 [CE][LootRespawner] (PRIDummy) :: Item [16] is hard to place, performance drops: "AKM"
21:14:38 [CE][LootRespawner] (PRIDummy) :: Item [17] is hard to place, performance drops: "AKM"
21:14:38 [CE][LootRespawner] (PRIDummy) :: Item [18] is hard to place, performance drops: "AKM"
21:14:38 [CE][LootRespawner] (PRIDummy) :: Item [19] is hard to place, performance drops: "AKM"
21:14:38 !!! [CE][Point] Removing 6533.946289, 5577.711914 from Land_Castle_Gate
21:14:42 !!! [CE][Point] Removing 1501.756470, 9193.394531 from Land_Castle_Gate
21:14:48 !!! [CE][Point] Removing 12304.133789, 14356.705078 from Land_Container_1Aoh
21:14:49 !!! [CE][Point] Removing 6975.013184, 11355.024414 from Land_Castle_Gate
21:15:04 !!! [CE][Point] Removing 1428.756104, 9296.132813 from Land_Castle_Gate
21:15:04 !!! [CE][Point] Removing 13339.060547, 11969.413086 from Land_Boat_Small1
21:15:04 !!! [CE][Point] Removing 11160.130859, 2436.536865 from Land_Boat_Small1
21:15:05 !!! [CE][Point] Removing 13337.955078, 11969.321289 from Land_Boat_Small1
21:15:06 !!! [CE][Point] Removing 13337.491211, 11970.943359 from Land_Boat_Small1
21:15:06 !!! [CE][Point] Removing 11161.161133, 2437.848389 from Land_Boat_Small1
21:15:06 !!! [CE][Point] Removing 11161.755859, 2437.563477 from Land_Boat_Small1
21:15:07 !!! [CE][Point] Removing 11162.427734, 2436.680664 from Land_Boat_Small1
21:15:07 !!! [CE][Point] Removing 11161.310547, 2435.417480 from Land_Boat_Small1
21:15:11 [CE][LootRespawner] (PRIDummy) :: Item [0] causing search overtime: "AK_Suppressor"
21:15:11 [CE][LootRespawner] (PRIDummy) :: Item [1] causing search overtime: "AK_Suppressor"
21:15:11 [CE][LootRespawner] (PRIDummy) :: Item [2] causing search overtime: "AK_Suppressor"
21:15:11 [CE][LootRespawner] (PRIDummy) :: Item [3] causing search overtime: "WeaponCleaningKit"
21:15:11 [CE][LootRespawner] (PRIDummy) :: Item [4] causing search overtime: "WeaponCleaningKit"
21:15:11 [CE][LootRespawner] (PRIDummy) :: Item [5] causing search overtime: "WeaponCleaningKit"
21:15:11 [CE][LootRespawner] (PRIDummy) :: Item [6] causing search overtime: "HuntingBag"
21:15:11 [CE][LootRespawner] (PRIDummy) :: Item [7] causing search overtime: "HuntingBag"
21:15:11 [CE][LootRespawner] (PRIDummy) :: Item [8] causing search overtime: "HuntingBag"
21:15:11 [CE][LootRespawner] (PRIDummy) :: Item [9] causing search overtime: "Breeches_Blackcheck"
21:15:11 [CE][LootRespawner] (PRIDummy) :: Item [10] causing search overtime: "Breeches_Blackcheck"
21:15:11 [CE][LootRespawner] (PRIDummy) :: Item [11] causing search overtime: "Breeches_Blackcheck"
21:15:11 [CE][LootRespawner] (PRIDummy) :: Item [12] causing search overtime: "AssaultBag_Black"
21:15:11 [CE][LootRespawner] (PRIDummy) :: Item [13] causing search overtime: "TShirt_Green"
21:15:11 [CE][LootRespawner] (PRIDummy) :: Item [14] causing search overtime: "TShirt_Green"
21:15:11 [CE][LootRespawner] (PRIDummy) :: Item [15] causing search overtime: "TShirt_Green"
21:15:11 [CE][LootRespawner] (PRIDummy) :: Item [16] causing search overtime: "NBCPantsGray"
21:15:11 [CE][LootRespawner] (PRIDummy) :: Item [17] causing search overtime: "NBCPantsGray"
21:15:11 [CE][LootRespawner] (PRIDummy) :: Item [18] causing search overtime: "NBCPantsGray"
21:15:11 [CE][LootRespawner] (PRIDummy) :: Item [19] causing search overtime: "NBCPantsGray"
21:15:14 [CE][LootRespawner] (PRIDummy) :: Initially (re)spawned:46120, Nominal:55579, Total in Map: 46155 at 49 (sec)
21:15:14   tests:50316, repeats:651 fails:3545, overtime:9466
21:15:14 [CE][Links] found 0 total links between groups, of 1
21:15:14 [CE][SpawnRandomLoot] (StaticHeliCrash) :: ChildType: Wreck_UH1Y, lootmin: 10, lootmax: 20, wanted: 15
21:15:14 [CE][Links] found 0 total links between groups, of 2
21:15:14 [CE][SpawnRandomLoot] (StaticHeliCrash) :: ChildType: Wreck_Mi8, lootmin: 10, lootmax: 20, wanted: 15
21:15:14 [CE][Links] found 0 total links between groups, of 3
21:15:14 [CE][SpawnRandomLoot] (StaticPoliceCar) :: ChildType: Land_Wreck_Volha_Police, lootmin: 3, lootmax: 5, wanted: 3
21:15:14 [CE][Links] found 0 total links between groups, of 4
21:15:14 [CE][SpawnRandomLoot] (StaticPoliceCar) :: ChildType: Land_Wreck_Volha_Police, lootmin: 3, lootmax: 5, wanted: 3
21:15:14 [CE][Links] found 0 total links between groups, of 5
21:15:14 [CE][SpawnRandomLoot] (StaticPoliceCar) :: ChildType: Land_Wreck_Volha_Police, lootmin: 3, lootmax: 5, wanted: 4
21:15:14 [CE][Links] found 0 total links between groups, of 6
21:15:14 [CE][SpawnRandomLoot] (StaticPoliceCar) :: ChildType: Land_Wreck_Volha_Police, lootmin: 3, lootmax: 5, wanted: 4
21:15:14 [CE][Links] found 0 total links between groups, of 7
21:15:14 [CE][SpawnRandomLoot] (StaticPoliceCar) :: ChildType: Land_Wreck_Volha_Police, lootmin: 3, lootmax: 5, wanted: 4
21:15:14 [CE][Links] found 0 total links between groups, of 8
21:15:14 [CE][SpawnRandomLoot] (StaticPoliceCar) :: ChildType: Land_Wreck_Volha_Police, lootmin: 3, lootmax: 5, wanted: 3
21:15:14 [CE][Links] found 0 total links between groups, of 9
21:15:14 [CE][SpawnRandomLoot] (StaticPoliceCar) :: ChildType: Land_Wreck_Volha_Police, lootmin: 3, lootmax: 5, wanted: 4
21:15:14 [CE][Links] found 0 total links between groups, of 10
21:15:14 [CE][SpawnRandomLoot] (StaticPoliceCar) :: ChildType: Land_Wreck_Volha_Police, lootmin: 3, lootmax: 5, wanted: 4
21:15:14 [CE][Links] found 0 total links between groups, of 11
21:15:14 [CE][SpawnRandomLoot] (StaticPoliceCar) :: ChildType: Land_Wreck_Volha_Police, lootmin: 3, lootmax: 5, wanted: 4
21:15:14 [CE][Links] found 0 total links between groups, of 12
21:15:14 [CE][SpawnRandomLoot] (StaticPoliceCar) :: ChildType: Land_Wreck_Volha_Police, lootmin: 3, lootmax: 5, wanted: 4
21:15:14 !!! [CE][VehicleRespawner] (PRICivilianVan) :: Respawning: "VehicleCivilianVan" - There are not enough positions in "cfgeventspawns.xml", 1 < 40
21:15:14 [CE][DynEvent] :: 33 types
21:15:14 [00] AmbientHen
21:15:14   Primary Spawner: "Ambient", active: yes, repeat: 1
21:15:14 [01] AnimalCow
21:15:14   Primary Spawner: "Animal", active: yes, repeat: 1
21:15:14 [02] AnimalDeer
21:15:14   Primary Spawner: "Animal", active: yes, repeat: 1
21:15:14 [03] AnimalGoat
21:15:14   Primary Spawner: "Animal", active: yes, repeat: 1
21:15:14 [04] AnimalPig
21:15:14   Primary Spawner: "Animal", active: yes, repeat: 1
21:15:14 [05] AnimalRoeDeer
21:15:14   Primary Spawner: "Animal", active: yes, repeat: 1
21:15:14 [06] AnimalSheep
21:15:14   Primary Spawner: "Animal", active: yes, repeat: 1
21:15:14 [07] AnimalWildBoar
21:15:14   Primary Spawner: "Animal", active: yes, repeat: 1
21:15:14 [08] AnimalWolf
21:15:14   Primary Spawner: "Animal", active: yes, repeat: 1
21:15:14 [09] InfectedArmy
21:15:14   Primary Spawner: "Infected", active: yes, repeat: 1
21:15:14 [10] InfectedCity
21:15:14   Primary Spawner: "Infected", active: yes, repeat: 1
21:15:14 [11] InfectedFirefighter
21:15:14   Primary Spawner: "Infected", active: yes, repeat: 1