

=====================================================================
== D:\Steam\SteamApps\common\DayZServer\DayZServer_x64.exe
== DayZServer_x64.exe  -mod=ModdedScripts -config=TestMod\serverDZ.cfg -profiles=TestMod -name=GR-eSports
=====================================================================
Exe timestamp: 2018/11/12 21:57:11
Current time:  2018/11/13 23:15:53

Version 0.63.149415
23:15:53 [Inputs] Loading inputs cfg "TestMod\Users\GR-eSports\Server.core.xml"
23:15:53 !!! [Inputs] Cannot read inputs cfg "TestMod\Users\GR-eSports\Server.core.xml", parser error
23:15:53 [Inputs] Loading inputs cfg "dz/data/inputsdefault/core.xml"
23:15:53 !!! [Inputs] Cannot read preset "user" file"TestMod\Users\GR-eSports\Server.dayz_preset_User.xml", parser error
23:15:53 [Inputs] Exporting inputs cfg "TestMod\Users\GR-eSports\Server.core.xml"
23:16:12 [CE][Hive] :: Initializing OFFLINE
23:16:12 [CE][Hive] :: Loading core data ... 
23:16:12 [CE][CoreData] :: 7 root classes, 0 defaults, 0 updaters...
23:16:12 [CE][Hive] :: Loading map data ... 
23:16:12 !!! File "$CurrentDir:mpmissions\DayZSurvival.chernarusplus\cfgignorelist.xml" does not exist...
23:16:12 [CE][LoadPrototype] :: loaded 227 prototypes
23:16:12   488 containers, 7137 points
23:16:12   0 dispatches, 0 proxies
23:16:12 !!! [CE][LoadPrototype] 5 groups have no points...
23:16:12 [CE][LoadPrototype] :: last group name: Land_Wreck_Volha_Police...
23:16:12 [CE][LoadPrototype] :: loaded 0 prototypes
23:16:12   0 containers, 0 points
23:16:12   0 dispatches, 0 proxies
23:16:12 [CE][LoadPrototype] :: last group name: Rail9...
23:16:13 [CE][LoadMap] "Group" :: loaded 11602 groups, largest group range: 34.2
23:16:13 !!! File "$CurrentDir:mpmissions\DayZSurvival.chernarusplus\mapgroupdirt.xml" does not exist...
23:16:13 !!! [CE][LoadMap] "Dirt" :: Failed to read group instances ($CurrentDir:mpmissions\DayZSurvival.chernarusplus\mapgroupdirt.xml)
23:16:13 [CE][Links] found 1852 total links between groups, of 11602
23:16:13 [CE][LoadClusters] "Cluster" :: Loading files...
23:16:13 [CE][LoadClusters] :: file: "mapgroupcluster.xml", 9 types, 50000 instances
23:16:13 [CE][LoadClusters] :: file: "mapgroupcluster01", 9 types, 50000 instances
23:16:14 [CE][LoadClusters] :: file: "mapgroupcluster02", 9 types, 50000 instances
23:16:14 [CE][LoadClusters] :: file: "mapgroupcluster03", 9 types, 50000 instances
23:16:14 [CE][LoadClusters] :: file: "mapgroupcluster04", 9 types, 17207 instances
23:16:17 [CE] :: WARNING :: Preset (cargo) with name 'food' was not found.
23:16:17 [CE] :: WARNING :: Preset (cargo) with name 'tools' was not found.
23:16:17 [CE][TypeSetup] :: 368 classes setuped...
23:16:17 [CE][RegisterBind] :: 0 classes binded...
23:16:17 [CE][RegisterConfig] :: 2578 config classes registered, 1 sub-counters...
23:16:17 [CE][offlineDB] :: Loaded 33 dynamic events 205 total types 0 total positions.
23:16:17 !!! File "$CurrentDir:mpmissions\DayZSurvival.chernarusplus\db\messages.xml" does not exist...
23:16:17 [CE][offlineDB] :: File 'db/messages.xml' not found.
23:16:17 [CE][Hive] :: Empty storage folder, reinitializing ... 
23:16:17 [CE][Hive] :: Initializing ... 
23:16:17 [CE][Hive] :: Initializing spawners ... 
23:16:22 !!! [CE][Point] Removing 13339.060547, 11969.413086 from Land_Boat_Small1
23:16:29 !!! [CE][Point] Removing 6924.685547, 11362.654297 from Land_Castle_Gate
23:16:31 [CE][LootRespawner] (PRIDummy) :: Item [0] is hard to place, performance drops: "AKM"
23:16:31 [CE][LootRespawner] (PRIDummy) :: Item [1] is hard to place, performance drops: "AKM"
23:16:31 [CE][LootRespawner] (PRIDummy) :: Item [2] is hard to place, performance drops: "AKM"
23:16:31 [CE][LootRespawner] (PRIDummy) :: Item [3] is hard to place, performance drops: "AKM"
23:16:31 [CE][LootRespawner] (PRIDummy) :: Item [4] is hard to place, performance drops: "AKM"
23:16:31 [CE][LootRespawner] (PRIDummy) :: Item [5] is hard to place, performance drops: "AKM"
23:16:31 [CE][LootRespawner] (PRIDummy) :: Item [6] is hard to place, performance drops: "AKM"
23:16:31 [CE][LootRespawner] (PRIDummy) :: Item [7] is hard to place, performance drops: "AKM"
23:16:31 [CE][LootRespawner] (PRIDummy) :: Item [8] is hard to place, performance drops: "AKM"
23:16:31 [CE][LootRespawner] (PRIDummy) :: Item [9] is hard to place, performance drops: "AKM"
23:16:31 [CE][LootRespawner] (PRIDummy) :: Item [10] is hard to place, performance drops: "AKM"
23:16:31 [CE][LootRespawner] (PRIDummy) :: Item [11] is hard to place, performance drops: "AKM"
23:16:31 [CE][LootRespawner] (PRIDummy) :: Item [12] is hard to place, performance drops: "AKM"
23:16:31 [CE][LootRespawner] (PRIDummy) :: Item [13] is hard to place, performance drops: "AKM"
23:16:31 [CE][LootRespawner] (PRIDummy) :: Item [14] is hard to place, performance drops: "AKM"
23:16:31 [CE][LootRespawner] (PRIDummy) :: Item [15] is hard to place, performance drops: "AKM"
23:16:31 [CE][LootRespawner] (PRIDummy) :: Item [16] is hard to place, performance drops: "AKM"
23:16:31 [CE][LootRespawner] (PRIDummy) :: Item [17] is hard to place, performance drops: "AKM"
23:16:31 [CE][LootRespawner] (PRIDummy) :: Item [18] is hard to place, performance drops: "AKM"
23:16:31 [CE][LootRespawner] (PRIDummy) :: Item [19] is hard to place, performance drops: "AKM"
23:16:32 !!! [CE][Point] Removing 12303.168945, 14357.331055 from Land_Container_1Aoh
23:16:35 !!! [CE][Point] Removing 10166.328125, 12077.904297 from Land_Castle_Gate
23:16:35 !!! [CE][Point] Removing 12304.303711, 14358.048828 from Land_Container_1Aoh
23:16:41 !!! [CE][Point] Removing 10168.661133, 12078.206055 from Land_Castle_Gate
23:16:41 !!! [CE][Point] Removing 6533.946289, 5577.711914 from Land_Castle_Gate
23:16:41 !!! [CE][Point] Removing 11162.427734, 2436.680664 from Land_Boat_Small1
23:16:42 !!! [CE][Point] Removing 1169.761597, 6631.948242 from Land_Boat_Small2
23:16:42 !!! [CE][Point] Removing 11161.161133, 2437.848389 from Land_Boat_Small1
23:16:42 !!! [CE][Point] Removing 13337.491211, 11970.943359 from Land_Boat_Small1
23:16:42 !!! [CE][Point] Removing 11161.755859, 2437.563477 from Land_Boat_Small1
23:16:42 !!! [CE][Point] Removing 11160.130859, 2436.536865 from Land_Boat_Small1
23:16:43 !!! [CE][Point] Removing 13337.955078, 11969.321289 from Land_Boat_Small1
23:16:43 !!! [CE][Point] Removing 11161.310547, 2435.417480 from Land_Boat_Small1
23:16:43 !!! [CE][Point] Removing 15198.544922, 13816.417969 from Land_Boat_Small1
23:16:43 !!! [CE][Point] Removing 1501.756470, 9193.394531 from Land_Castle_Gate
23:16:43 [CE][LootRespawner] (PRIDummy) :: Item [0] causing search overtime: "AK_Suppressor"
23:16:43 [CE][LootRespawner] (PRIDummy) :: Item [1] causing search overtime: "AK_Suppressor"
23:16:43 [CE][LootRespawner] (PRIDummy) :: Item [2] causing search overtime: "WeaponCleaningKit"
23:16:43 [CE][LootRespawner] (PRIDummy) :: Item [3] causing search overtime: "WeaponCleaningKit"
23:16:43 [CE][LootRespawner] (PRIDummy) :: Item [4] causing search overtime: "HuntingBag"
23:16:43 [CE][LootRespawner] (PRIDummy) :: Item [5] causing search overtime: "HuntingBag"
23:16:43 [CE][LootRespawner] (PRIDummy) :: Item [6] causing search overtime: "Breeches_Blackcheck"
23:16:43 [CE][LootRespawner] (PRIDummy) :: Item [7] causing search overtime: "Breeches_Blackcheck"
23:16:43 [CE][LootRespawner] (PRIDummy) :: Item [8] causing search overtime: "Breeches_Blackcheck"
23:16:43 [CE][LootRespawner] (PRIDummy) :: Item [9] causing search overtime: "Breeches_Blackcheck"
23:16:43 [CE][LootRespawner] (PRIDummy) :: Item [10] causing search overtime: "Breeches_Blackcheck"
23:16:43 [CE][LootRespawner] (PRIDummy) :: Item [11] causing search overtime: "TShirt_Green"
23:16:43 [CE][LootRespawner] (PRIDummy) :: Item [12] causing search overtime: "TShirt_Green"
23:16:43 [CE][LootRespawner] (PRIDummy) :: Item [13] causing search overtime: "TShirt_Green"
23:16:43 [CE][LootRespawner] (PRIDummy) :: Item [14] causing search overtime: "NBCPantsGray"
23:16:43 [CE][LootRespawner] (PRIDummy) :: Item [15] causing search overtime: "NBCPantsGray"
23:16:43 [CE][LootRespawner] (PRIDummy) :: Item [16] causing search overtime: "NBCPantsGray"
23:16:43 [CE][LootRespawner] (PRIDummy) :: Item [17] causing search overtime: "NBCPantsGray"
23:16:43 [CE][LootRespawner] (PRIDummy) :: Item [18] causing search overtime: "WoolCoat_Beige"
23:16:43 [CE][LootRespawner] (PRIDummy) :: Item [19] causing search overtime: "WoolCoat_Beige"
23:16:44 [CE][LootRespawner] (PRIDummy) :: Initially (re)spawned:46112, Nominal:55579, Total in Map: 46153 at 25 (sec)
23:16:44   tests:50471, repeats:509 fails:3850, overtime:9451
23:16:44 [CE][Links] found 0 total links between groups, of 1
23:16:44 [CE][SpawnRandomLoot] (StaticHeliCrash) :: ChildType: Wreck_UH1Y, lootmin: 10, lootmax: 20, wanted: 17
23:16:44 [CE][Links] found 0 total links between groups, of 2
23:16:44 [CE][SpawnRandomLoot] (StaticHeliCrash) :: ChildType: Wreck_UH1Y, lootmin: 10, lootmax: 20, wanted: 16
23:16:44 [CE][Links] found 0 total links between groups, of 3
23:16:44 [CE][SpawnRandomLoot] (StaticHeliCrash) :: ChildType: Wreck_Mi8, lootmin: 10, lootmax: 20, wanted: 15
23:16:44 [CE][Links] found 0 total links between groups, of 4
23:16:44 [CE][SpawnRandomLoot] (StaticPoliceCar) :: ChildType: Land_Wreck_Volha_Police, lootmin: 3, lootmax: 5, wanted: 4
23:16:44 [CE][Links] found 0 total links between groups, of 5
23:16:44 [CE][SpawnRandomLoot] (StaticPoliceCar) :: ChildType: Land_Wreck_Volha_Police, lootmin: 3, lootmax: 5, wanted: 4
23:16:44 [CE][Links] found 0 total links between groups, of 6
23:16:44 [CE][SpawnRandomLoot] (StaticPoliceCar) :: ChildType: Land_Wreck_Volha_Police, lootmin: 3, lootmax: 5, wanted: 3
23:16:44 [CE][Links] found 0 total links between groups, of 7
23:16:44 [CE][SpawnRandomLoot] (StaticPoliceCar) :: ChildType: Land_Wreck_Volha_Police, lootmin: 3, lootmax: 5, wanted: 4
23:16:44 [CE][Links] found 0 total links between groups, of 8
23:16:44 [CE][SpawnRandomLoot] (StaticPoliceCar) :: ChildType: Land_Wreck_Volha_Police, lootmin: 3, lootmax: 5, wanted: 3
23:16:44 [CE][Links] found 0 total links between groups, of 9
23:16:44 [CE][SpawnRandomLoot] (StaticPoliceCar) :: ChildType: Land_Wreck_Volha_Police, lootmin: 3, lootmax: 5, wanted: 3
23:16:44 [CE][Links] found 0 total links between groups, of 10
23:16:44 [CE][SpawnRandomLoot] (StaticPoliceCar) :: ChildType: Land_Wreck_Volha_Police, lootmin: 3, lootmax: 5, wanted: 3
23:16:44 [CE][Links] found 0 total links between groups, of 11
23:16:44 [CE][SpawnRandomLoot] (StaticPoliceCar) :: ChildType: Land_Wreck_Volha_Police, lootmin: 3, lootmax: 5, wanted: 4
23:16:44 [CE][DynEvent] :: 33 types
23:16:44 [00] AmbientHen
23:16:44   Primary Spawner: "Ambient", active: yes, repeat: 1
23:16:44 [01] AnimalCow
23:16:44   Primary Spawner: "Animal", active: yes, repeat: 1
23:16:44 [02] AnimalDeer
23:16:44   Primary Spawner: "Animal", active: yes, repeat: 1
23:16:44 [03] AnimalGoat
23:16:44   Primary Spawner: "Animal", active: yes, repeat: 1
23:16:44 [04] AnimalPig
23:16:44   Primary Spawner: "Animal", active: yes, repeat: 1
23:16:44 [05] AnimalRoeDeer
23:16:44   Primary Spawner: "Animal", active: yes, repeat: 1
23:16:44 [06] AnimalSheep
23:16:44   Primary Spawner: "Animal", active: yes, repeat: 1
23:16:44 [07] AnimalWildBoar
23:16:44   Primary Spawner: "Animal", active: yes, repeat: 1
23:16:44 [08] AnimalWolf
23:16:44   Primary Spawner: "Animal", active: yes, repeat: 1
23:16:44 [09] InfectedArmy
23:16:44   Primary Spawner: "Infected", active: yes, repeat: 1
23:16:44 [10] InfectedCity
23:16:44   Primary Spawner: "Infected", active: yes, repeat: 1
23:16:44 [11] InfectedFirefighter
23:16:44   Primary Spawner: "Infected", active: yes, repeat: 1
23:16:44 [12] InfectedIndustrial
23:16:44   Primary Spawner: "Infected", active: yes, repeat: 1
23:16:44 [13] InfectedMedic
23:16:44   Primary Spawner: "Infected", active: yes, repeat: 1
23:16:44 [14] InfectedPolice
23:16:44   Primary Spawner: "Infected", active: yes, repeat: 1
23:16:44 [15] InfectedPrisoner
23:16:44   Primary Spawner: "Infected", active: yes, repeat: 1
23:16:44 [16] InfectedReligious
23:16:44   Primary Spawner: "Infected", active: yes, repeat: 1
23:16:44 [17] InfectedSolitude
23:16:44   Primary Spawner: "Infected", active: yes, repeat: 1
23:16:44 [18] InfectedVillage
23:16:44   Primary Spawner: "Infected", active: yes, repeat: 1
23:16:44 [19] ItemPlanks
23:16:44   Primary Spawner: "Item", active: yes, repeat: 1
23:16:44 [20] Loot
23:16:44   Primary Spawner: "Loot", active: yes, repeat: 2
23:16:44 [21] StaticHeliCrash
23:16:44   Primary Spawner: "Vehicle", active: yes, repeat: 1
23:16:44 [22] StaticPoliceCar
23:16:44   Primary Spawner: "Vehicle", active: yes, repeat: 1
23:16:44 [23] TrajectoryApple
23:16:44   Primary Spawner: "Trajectory", active: yes, repeat: 1
23:16:44 [24] TrajectoryCanina
23:16:44   Primary Spawner: "Trajectory", active: yes, repeat: 1
23:16:44 [25] TrajectoryConiferous
23:16:44   Primary Spawner: "Trajectory", active: yes, repeat: 1
23:16:44 [26] TrajectoryDeciduous
23:16:44   Primary Spawner: "Trajectory", active: yes, repeat: 1
23:16:44 [27] TrajectoryHumus
23:16:44   Primary Spawner: "Trajectory", active: yes, repeat: 1
23:16:44 [28] TrajectoryPear
23:16:44   Primary Spawner: "Trajectory", active: yes, repeat: 1
23:16:44 [29] TrajectoryPlum
23:16:44   Primary Spawner: "Trajectory", active: yes, repeat: 1
23:16:44 [30] TrajectorySambucus
23:16:44   Primary Spawner: "Trajectory", active: yes, repeat: 1
23:16:44 [31] TrajectoryStones
23:16:44   Primary Spawner: "Trajectory", active: yes, repeat: 1
23:16:44 [32] VehicleOffroadHatchback
23:16:44   Primary Spawner: "Vehicle", active: yes, repeat: 1
23:16:44 [CE][Hive] :: Initializing of spawners done.
23:16:44 [CE][Hive] :: Init sequence finished.
23:16:45 Player connect enabled
23:16:52 [Login]: Adding player Survivor (1367718876) to login queue at position 1
23:16:53 [LoginMachine]: Add player Survivor (1367718876)
23:16:53 [StateMachine]: Player Survivor (dpnid 1367718876 uid ) Entering PreCreatePlayerLoginState
23:16:53 [StateMachine]: Player Survivor (dpnid 1367718876 uid ) Entering WaitPreCreatePlayerLoginState
23:16:55 [StateMachine]: Player Survivor (dpnid 1367718876 uid d5o4DaGfl15Sbl2H3alV8NGUj4bZeJ9SDWeaH+C7MLw=) Entering GetCharacterLoginState
23:16:55 [StateMachine]: Player Survivor (dpnid 1367718876 uid d5o4DaGfl15Sbl2H3alV8NGUj4bZeJ9SDWeaH+C7MLw=) Entering CreateNetObjectsLoginState
23:16:55 !!! File "$CurrentDir:mpmissions\DayZSurvival.chernarusplus\spawnpoints_players.bin" does not exist...
23:16:55 [StateMachine]: Player Survivor (dpnid 1367718876 uid d5o4DaGfl15Sbl2H3alV8NGUj4bZeJ9SDWeaH+C7MLw=) Entering PreloadCamLoginState
23:16:55 [StateMachine]: Player Survivor (dpnid 1367718876 uid d5o4DaGfl15Sbl2H3alV8NGUj4bZeJ9SDWeaH+C7MLw=) Entering WaitPreloadCamLoginState
23:16:59 [StateMachine]: Player Survivor (dpnid 1367718876 uid d5o4DaGfl15Sbl2H3alV8NGUj4bZeJ9SDWeaH+C7MLw=) Entering GetNewCharLoginState
23:17:06 <CREATE NEW CHAR>:
    charID 1
    playerID 1
    dpnid 1367718876
    uid d5o4DaGfl15Sbl2H3alV8NGUj4bZeJ9SDWeaH+C7MLw=
23:17:20 Respawn: Add player Survivor (1367718876) to respawn machine
23:17:20 [StateMachine]: Player Survivor (dpnid 1367718876 uid ) Entering GetCharacterRespawnState
23:17:20 [StateMachine]: Player Survivor (dpnid 1367718876 uid ) Entering PreloadCamRespawnState
23:17:20 [StateMachine]: Player Survivor (dpnid 1367718876 uid ) Entering WaitPreloadCamRespawnState
23:17:23 [StateMachine]: Player Survivor (dpnid 1367718876 uid ) Entering GetNewCharRespawnState
23:17:23 <RESPAWN NEW CHAR>:
    charID 1
    playerID 1
    dpnid 1367718876
    uid d5o4DaGfl15Sbl2H3alV8NGUj4bZeJ9SDWeaH+C7MLw=
23:17:27 Respawn: Add player Survivor (1367718876) to respawn machine
23:17:27 [StateMachine]: Player Survivor (dpnid 1367718876 uid ) Entering GetCharacterRespawnState
23:17:27 [StateMachine]: Player Survivor (dpnid 1367718876 uid ) Entering PreloadCamRespawnState
23:17:27 [StateMachine]: Player Survivor (dpnid 1367718876 uid ) Entering WaitPreloadCamRespawnState
23:17:30 [StateMachine]: Player Survivor (dpnid 1367718876 uid ) Entering GetNewCharRespawnState
23:17:30 <RESPAWN NEW CHAR>:
    charID 1
    playerID 1
    dpnid 1367718876
    uid d5o4DaGfl15Sbl2H3alV8NGUj4bZeJ9SDWeaH+C7MLw=
23:17:41 [CE][Links] found 0 total links between groups, of 12
23:17:41 [CE][SpawnRandomLoot] (StaticPoliceCar) :: ChildType: Land_Wreck_Volha_Police, lootmin: 3, lootmax: 5, wanted: 3
23:17:41 [CE][Links] found 0 total links between groups, of 13
23:17:41 [CE][SpawnRandomLoot] (StaticPoliceCar) :: ChildType: Land_Wreck_Volha_Police, lootmin: 3, lootmax: 5, wanted: 3
23:17:44 !!! [CE][Point] Removing 2681.517822, 9918.610352 from PearTree1
23:17:44 !!! [CE][Point] Removing 2682.457031, 9917.193359 from PearTree1
23:17:59 [Disconnect]: Client 1367718876 normal disconnect
23:17:59 [Disconnect]: Start script disconnect 1367718876 (dbCharacterId 1 dbPlayerId 1) logoutTime 0
23:17:59 [Disconnect]: Finish script disconnect 1367718876
23:17:59 [Disconnect]: DisconnectPlayerFinish 1367718876
23:17:59 [Disconnect]: Remove player info 1367718876
23:17:59 Player Survivor (1367718876) kicked from server: 2 (Auth error: AUTH CANCELED)
23:18:00 [Disconnect]: Remove player info 1367718876
23:18:07  --- Termination successfully completed --- 
