

=====================================================================
== C:\DayZServer\DayZServer_x64.exe
== DayZServer_x64.exe  -mod=ModdedScripts -config=TestMod\serverDZ.cfg -profiles=TestMod -name=GR-eSports
=====================================================================
Exe timestamp: 2018/11/14 17:24:52
Current time:  2018/11/14 18:11:16

Version 0.63.149442
18:11:16 [Inputs] Loading inputs cfg "TestMod\Users\GR-eSports\Server.core.xml"
18:11:16 !!! [Inputs] Cannot read inputs cfg "TestMod\Users\GR-eSports\Server.core.xml", parser error
18:11:16 [Inputs] Loading inputs cfg "dz/data/inputsdefault/core.xml"
18:11:16 !!! [Inputs] Cannot read preset "user" file"TestMod\Users\GR-eSports\Server.dayz_preset_User.xml", parser error
18:11:16 [Inputs] Exporting inputs cfg "TestMod\Users\GR-eSports\Server.core.xml"
18:11:50 [CE][Hive] :: Initializing OFFLINE
18:11:50 [CE][Hive] :: Loading core data ... 
18:11:50 [CE][CoreData] :: 7 root classes, 0 defaults, 0 updaters...
18:11:50 [CE][Hive] :: Loading map data ... 
18:11:50 !!! File "$CurrentDir:mpmissions\DayZSurvival.chernarusplus\cfgignorelist.xml" does not exist...
18:11:50 [CE][LoadPrototype] :: loaded 227 prototypes
18:11:50   488 containers, 7137 points
18:11:50   0 dispatches, 0 proxies
18:11:50 !!! [CE][LoadPrototype] 5 groups have no points...
18:11:50 [CE][LoadPrototype] :: last group name: Land_Wreck_Volha_Police...
18:11:50 [CE][LoadPrototype] :: loaded 0 prototypes
18:11:50   0 containers, 0 points
18:11:50   0 dispatches, 0 proxies
18:11:50 [CE][LoadPrototype] :: last group name: Rail9...
18:11:50 [CE][LoadMap] "Group" :: loaded 11602 groups, largest group range: 34.2
18:11:50 !!! File "$CurrentDir:mpmissions\DayZSurvival.chernarusplus\mapgroupdirt.xml" does not exist...
18:11:50 !!! [CE][LoadMap] "Dirt" :: Failed to read group instances ($CurrentDir:mpmissions\DayZSurvival.chernarusplus\mapgroupdirt.xml)
18:11:51 [CE][Links] found 1852 total links between groups, of 11602
18:11:51 [CE][LoadClusters] "Cluster" :: Loading files...
18:11:51 [CE][LoadClusters] :: file: "mapgroupcluster.xml", 9 types, 50000 instances
18:11:52 [CE][LoadClusters] :: file: "mapgroupcluster01", 9 types, 50000 instances
18:11:52 [CE][LoadClusters] :: file: "mapgroupcluster02", 9 types, 50000 instances
18:11:53 [CE][LoadClusters] :: file: "mapgroupcluster03", 9 types, 50000 instances
18:11:53 [CE][LoadClusters] :: file: "mapgroupcluster04", 9 types, 17207 instances
18:11:57 [CE] :: WARNING :: Preset (cargo) with name 'food' was not found.
18:11:57 [CE] :: WARNING :: Preset (cargo) with name 'tools' was not found.
18:11:57 [CE][TypeSetup] :: 368 classes setuped...
18:11:57 [CE][RegisterBind] :: 0 classes binded...
18:11:57 [CE][RegisterConfig] :: 2579 config classes registered, 1 sub-counters...
18:11:57 [CE][offlineDB] :: Loaded 33 dynamic events 205 total types 0 total positions.
18:11:57 !!! File "$CurrentDir:mpmissions\DayZSurvival.chernarusplus\db\messages.xml" does not exist...
18:11:57 [CE][offlineDB] :: File 'db/messages.xml' not found.
18:11:57 [CE][Hive] :: Empty storage folder, reinitializing ... 
18:11:57 [CE][Hive] :: Initializing ... 
18:11:57 [CE][Hive] :: Initializing spawners ... 
18:12:03 !!! [CE][Point] Removing 11162.427734, 2436.680664 from Land_Boat_Small1
18:12:03 !!! [CE][Point] Removing 8274.852539, 2462.914551 from Land_Boat_Small2
18:12:03 !!! [CE][Point] Removing 6580.276367, 2384.844238 from Land_HouseBlock_3F_Corner1
18:12:05 !!! [CE][Point] Removing 11160.130859, 2436.536865 from Land_Boat_Small1
18:12:07 !!! [CE][Point] Removing 13339.060547, 11969.413086 from Land_Boat_Small1
18:12:09 [CE][LootRespawner] (PRIDummy) :: Item [0] is hard to place, performance drops: "AKM"
18:12:09 [CE][LootRespawner] (PRIDummy) :: Item [1] is hard to place, performance drops: "AKM"
18:12:09 [CE][LootRespawner] (PRIDummy) :: Item [2] is hard to place, performance drops: "AKM"
18:12:09 [CE][LootRespawner] (PRIDummy) :: Item [3] is hard to place, performance drops: "AKM"
18:12:09 [CE][LootRespawner] (PRIDummy) :: Item [4] is hard to place, performance drops: "AKM"
18:12:09 [CE][LootRespawner] (PRIDummy) :: Item [5] is hard to place, performance drops: "AKM"
18:12:09 [CE][LootRespawner] (PRIDummy) :: Item [6] is hard to place, performance drops: "AKM"
18:12:09 [CE][LootRespawner] (PRIDummy) :: Item [7] is hard to place, performance drops: "AKM"
18:12:10 [CE][LootRespawner] (PRIDummy) :: Item [8] is hard to place, performance drops: "AKM"
18:12:10 [CE][LootRespawner] (PRIDummy) :: Item [9] is hard to place, performance drops: "AKM"
18:12:10 [CE][LootRespawner] (PRIDummy) :: Item [10] is hard to place, performance drops: "AKM"
18:12:10 [CE][LootRespawner] (PRIDummy) :: Item [11] is hard to place, performance drops: "AKM"
18:12:10 [CE][LootRespawner] (PRIDummy) :: Item [12] is hard to place, performance drops: "AKM"
18:12:10 [CE][LootRespawner] (PRIDummy) :: Item [13] is hard to place, performance drops: "AKM"
18:12:10 [CE][LootRespawner] (PRIDummy) :: Item [14] is hard to place, performance drops: "AKM"
18:12:10 [CE][LootRespawner] (PRIDummy) :: Item [15] is hard to place, performance drops: "AKM"
18:12:10 [CE][LootRespawner] (PRIDummy) :: Item [16] is hard to place, performance drops: "AKM"
18:12:10 [CE][LootRespawner] (PRIDummy) :: Item [17] is hard to place, performance drops: "AKM"
18:12:10 [CE][LootRespawner] (PRIDummy) :: Item [18] is hard to place, performance drops: "AKM"
18:12:10 [CE][LootRespawner] (PRIDummy) :: Item [19] is hard to place, performance drops: "AKM"
18:12:12 !!! [CE][Point] Removing 12303.168945, 14357.331055 from Land_Container_1Aoh
18:12:34 !!! [CE][Point] Removing 13337.955078, 11969.321289 from Land_Boat_Small1
18:12:34 !!! [CE][Point] Removing 13283.112305, 10092.816406 from Land_Boat_Small1
18:12:35 !!! [CE][Point] Removing 13339.621094, 11969.760742 from Land_Boat_Small1
18:12:37 !!! [CE][Point] Removing 13337.491211, 11970.943359 from Land_Boat_Small1
18:12:37 !!! [CE][Point] Removing 11161.310547, 2435.417480 from Land_Boat_Small1
18:12:37 !!! [CE][Point] Removing 11161.161133, 2437.848389 from Land_Boat_Small1
18:12:37 !!! [CE][Point] Removing 11161.755859, 2437.563477 from Land_Boat_Small1
18:12:37 !!! [CE][Point] Removing 8274.823242, 2463.851074 from Land_Boat_Small2
18:12:38 !!! [CE][Point] Removing 8275.707031, 2464.159180 from Land_Boat_Small2
18:12:38 [CE][LootRespawner] (PRIDummy) :: Item [0] causing search overtime: "AK_Suppressor"
18:12:38 [CE][LootRespawner] (PRIDummy) :: Item [1] causing search overtime: "AK_Suppressor"
18:12:38 [CE][LootRespawner] (PRIDummy) :: Item [2] causing search overtime: "AK_Suppressor"
18:12:38 [CE][LootRespawner] (PRIDummy) :: Item [3] causing search overtime: "WeaponCleaningKit"
18:12:38 [CE][LootRespawner] (PRIDummy) :: Item [4] causing search overtime: "WeaponCleaningKit"
18:12:38 [CE][LootRespawner] (PRIDummy) :: Item [5] causing search overtime: "HuntingBag"
18:12:38 [CE][LootRespawner] (PRIDummy) :: Item [6] causing search overtime: "HuntingBag"
18:12:38 [CE][LootRespawner] (PRIDummy) :: Item [7] causing search overtime: "HuntingBag"
18:12:38 [CE][LootRespawner] (PRIDummy) :: Item [8] causing search overtime: "HuntingBag"
18:12:38 [CE][LootRespawner] (PRIDummy) :: Item [9] causing search overtime: "Breeches_Blackcheck"
18:12:38 [CE][LootRespawner] (PRIDummy) :: Item [10] causing search overtime: "Breeches_Blackcheck"
18:12:38 [CE][LootRespawner] (PRIDummy) :: Item [11] causing search overtime: "Breeches_Blackcheck"
18:12:38 [CE][LootRespawner] (PRIDummy) :: Item [12] causing search overtime: "Breeches_Blackcheck"
18:12:38 [CE][LootRespawner] (PRIDummy) :: Item [13] causing search overtime: "Breeches_Blackcheck"
18:12:38 [CE][LootRespawner] (PRIDummy) :: Item [14] causing search overtime: "TShirt_Green"
18:12:38 [CE][LootRespawner] (PRIDummy) :: Item [15] causing search overtime: "TShirt_Green"
18:12:38 [CE][LootRespawner] (PRIDummy) :: Item [16] causing search overtime: "TShirt_Green"
18:12:38 [CE][LootRespawner] (PRIDummy) :: Item [17] causing search overtime: "NBCPantsGray"
18:12:38 [CE][LootRespawner] (PRIDummy) :: Item [18] causing search overtime: "NBCPantsGray"
18:12:38 [CE][LootRespawner] (PRIDummy) :: Item [19] causing search overtime: "NBCPantsGray"
18:12:41 [CE][LootRespawner] (PRIDummy) :: Initially (re)spawned:46115, Nominal:55579, Total in Map: 46150 at 43 (sec)
18:12:41   tests:50725, repeats:299 fails:4311, overtime:9469
18:12:41 [CE][Links] found 0 total links between groups, of 1
18:12:41 [CE][SpawnRandomLoot] (StaticHeliCrash) :: ChildType: Wreck_Mi8, lootmin: 10, lootmax: 20, wanted: 12
18:12:41 [CE][Links] found 0 total links between groups, of 2
18:12:41 [CE][SpawnRandomLoot] (StaticHeliCrash) :: ChildType: Wreck_Mi8, lootmin: 10, lootmax: 20, wanted: 18
18:12:41 [CE][Links] found 0 total links between groups, of 3
18:12:41 [CE][SpawnRandomLoot] (StaticHeliCrash) :: ChildType: Wreck_UH1Y, lootmin: 10, lootmax: 20, wanted: 17
18:12:41 [CE][Links] found 0 total links between groups, of 4
18:12:41 [CE][SpawnRandomLoot] (StaticPoliceCar) :: ChildType: Land_Wreck_Volha_Police, lootmin: 3, lootmax: 5, wanted: 4
18:12:41 [CE][Links] found 0 total links between groups, of 5
18:12:41 [CE][SpawnRandomLoot] (StaticPoliceCar) :: ChildType: Land_Wreck_Volha_Police, lootmin: 3, lootmax: 5, wanted: 3
18:12:41 [CE][Links] found 0 total links between groups, of 6
18:12:41 [CE][SpawnRandomLoot] (StaticPoliceCar) :: ChildType: Land_Wreck_Volha_Police, lootmin: 3, lootmax: 5, wanted: 3
18:12:41 [CE][Links] found 0 total links between groups, of 7
18:12:41 [CE][SpawnRandomLoot] (StaticPoliceCar) :: ChildType: Land_Wreck_Volha_Police, lootmin: 3, lootmax: 5, wanted: 4
18:12:41 [CE][Links] found 0 total links between groups, of 8
18:12:41 [CE][SpawnRandomLoot] (StaticPoliceCar) :: ChildType: Land_Wreck_Volha_Police, lootmin: 3, lootmax: 5, wanted: 4
18:12:41 [CE][Links] found 0 total links between groups, of 9
18:12:41 [CE][SpawnRandomLoot] (StaticPoliceCar) :: ChildType: Land_Wreck_Volha_Police, lootmin: 3, lootmax: 5, wanted: 3
18:12:41 [CE][Links] found 0 total links between groups, of 10
18:12:41 [CE][SpawnRandomLoot] (StaticPoliceCar) :: ChildType: Land_Wreck_Volha_Police, lootmin: 3, lootmax: 5, wanted: 4
18:12:41 [CE][Links] found 0 total links between groups, of 11
18:12:41 [CE][SpawnRandomLoot] (StaticPoliceCar) :: ChildType: Land_Wreck_Volha_Police, lootmin: 3, lootmax: 5, wanted: 3
18:12:41 [CE][DynEvent] :: 33 types
18:12:41 [00] AmbientHen
18:12:41   Primary Spawner: "Ambient", active: yes, repeat: 1
18:12:41 [01] AnimalCow
18:12:41   Primary Spawner: "Animal", active: yes, repeat: 1
18:12:41 [02] AnimalDeer
18:12:41   Primary Spawner: "Animal", active: yes, repeat: 1
18:12:41 [03] AnimalGoat
18:12:41   Primary Spawner: "Animal", active: yes, repeat: 1
18:12:41 [04] AnimalPig
18:12:41   Primary Spawner: "Animal", active: yes, repeat: 1
18:12:41 [05] AnimalRoeDeer
18:12:41   Primary Spawner: "Animal", active: yes, repeat: 1
18:12:41 [06] AnimalSheep
18:12:41   Primary Spawner: "Animal", active: yes, repeat: 1
18:12:41 [07] AnimalWildBoar
18:12:41   Primary Spawner: "Animal", active: yes, repeat: 1
18:12:41 [08] AnimalWolf
18:12:41   Primary Spawner: "Animal", active: yes, repeat: 1
18:12:41 [09] InfectedArmy
18:12:41   Primary Spawner: "Infected", active: yes, repeat: 1
18:12:41 [10] InfectedCity
18:12:41   Primary Spawner: "Infected", active: yes, repeat: 1
18:12:41 [11] InfectedFirefighter
18:12:41   Primary Spawner: "Infected", active: yes, repeat: 1
18:12:41 [12] InfectedIndustrial
18:12:41   Primary Spawner: "Infected", active: yes, repeat: 1
18:12:41 [13] InfectedMedic
18:12:41   Primary Spawner: "Infected", active: yes, repeat: 1
18:12:41 [14] InfectedPolice
18:12:41   Primary Spawner: "Infected", active: yes, repeat: 1
18:12:41 [15] InfectedPrisoner
18:12:41   Primary Spawner: "Infected", active: yes, repeat: 1
18:12:41 [16] InfectedReligious
18:12:41   Primary Spawner: "Infected", active: yes, repeat: 1
18:12:41 [17] InfectedSolitude
18:12:41   Primary Spawner: "Infected", active: yes, repeat: 1
18:12:41 [18] InfectedVillage
18:12:41   Primary Spawner: "Infected", active: yes, repeat: 1
18:12:41 [19] ItemPlanks
18:12:41   Primary Spawner: "Item", active: yes, repeat: 1
18:12:41 [20] Loot
18:12:41   Primary Spawner: "Loot", active: yes, repeat: 2
18:12:41 [21] StaticHeliCrash
18:12:41   Primary Spawner: "Vehicle", active: yes, repeat: 1
18:12:41 [22] StaticPoliceCar
18:12:41   Primary Spawner: "Vehicle", active: yes, repeat: 1
18:12:41 [23] TrajectoryApple
18:12:41   Primary Spawner: "Trajectory", active: yes, repeat: 1
18:12:41 [24] TrajectoryCanina
18:12:41   Primary Spawner: "Trajectory", active: yes, repeat: 1
18:12:41 [25] TrajectoryConiferous
18:12:41   Primary Spawner: "Trajectory", active: yes, repeat: 1
18:12:41 [26] TrajectoryDeciduous
18:12:41   Primary Spawner: "Trajectory", active: yes, repeat: 1
18:12:41 [27] TrajectoryHumus
18:12:41   Primary Spawner: "Trajectory", active: yes, repeat: 1
18:12:41 [28] TrajectoryPear
18:12:41   Primary Spawner: "Trajectory", active: yes, repeat: 1
18:12:41 [29] TrajectoryPlum
18:12:41   Primary Spawner: "Trajectory", active: yes, repeat: 1
18:12:41 [30] TrajectorySambucus
18:12:41   Primary Spawner: "Trajectory", active: yes, repeat: 1
18:12:41 [31] TrajectoryStones
18:12:41   Primary Spawner: "Trajectory", active: yes, repeat: 1
18:12:41 [32] VehicleOffroadHatchback
18:12:41   Primary Spawner: "Vehicle", active: yes, repeat: 1
18:12:41 [CE][Hive] :: Initializing of spawners done.
18:12:41 [CE][Hive] :: Init sequence finished.
18:12:42 Player connect enabled
18:12:43 [Login]: Adding player Survivor (19985282) to login queue at position 1
18:12:44 [Login]: Adding player Survivor (363078505) to login queue at position 2
18:12:45 [LoginMachine]: Add player Survivor (19985282)
18:12:45 [StateMachine]: Player Survivor (dpnid 19985282 uid ) Entering PreCreatePlayerLoginState
18:12:45 [LoginMachine]: Add player Survivor (363078505)
18:12:45 [StateMachine]: Player Survivor (dpnid 363078505 uid ) Entering PreCreatePlayerLoginState
18:12:45 [StateMachine]: Player Survivor (dpnid 19985282 uid ) Entering WaitPreCreatePlayerLoginState
18:12:45 [StateMachine]: Player Survivor (dpnid 363078505 uid ) Entering WaitPreCreatePlayerLoginState
18:12:47 [StateMachine]: Player Survivor (dpnid 19985282 uid d5o4DaGfl15Sbl2H3alV8NGUj4bZeJ9SDWeaH+C7MLw=) Entering GetCharacterLoginState
18:12:47 [StateMachine]: Player Survivor (dpnid 19985282 uid d5o4DaGfl15Sbl2H3alV8NGUj4bZeJ9SDWeaH+C7MLw=) Entering CreateNetObjectsLoginState
18:12:47 !!! File "$CurrentDir:mpmissions\DayZSurvival.chernarusplus\spawnpoints_players.bin" does not exist...
18:12:47 [StateMachine]: Player Survivor (dpnid 19985282 uid d5o4DaGfl15Sbl2H3alV8NGUj4bZeJ9SDWeaH+C7MLw=) Entering PreloadCamLoginState
18:12:47 [StateMachine]: Player Survivor (dpnid 19985282 uid d5o4DaGfl15Sbl2H3alV8NGUj4bZeJ9SDWeaH+C7MLw=) Entering WaitPreloadCamLoginState
18:12:47 [StateMachine]: Player Survivor (dpnid 363078505 uid v5zMdSAZLe6r9r53gamsAaWrCWAW6c61sGgbXlEgomQ=) Entering GetCharacterLoginState
18:12:47 [StateMachine]: Player Survivor (dpnid 363078505 uid v5zMdSAZLe6r9r53gamsAaWrCWAW6c61sGgbXlEgomQ=) Entering CreateNetObjectsLoginState
18:12:47 [StateMachine]: Player Survivor (dpnid 363078505 uid v5zMdSAZLe6r9r53gamsAaWrCWAW6c61sGgbXlEgomQ=) Entering PreloadCamLoginState
18:12:47 [StateMachine]: Player Survivor (dpnid 363078505 uid v5zMdSAZLe6r9r53gamsAaWrCWAW6c61sGgbXlEgomQ=) Entering WaitPreloadCamLoginState
18:12:52 [StateMachine]: Player Survivor (dpnid 363078505 uid v5zMdSAZLe6r9r53gamsAaWrCWAW6c61sGgbXlEgomQ=) Entering GetNewCharLoginState
18:13:02 <CREATE NEW CHAR>:
    charID 2
    playerID 2
    dpnid 363078505
    uid v5zMdSAZLe6r9r53gamsAaWrCWAW6c61sGgbXlEgomQ=
18:13:02 [StateMachine]: Player Survivor (dpnid 19985282 uid d5o4DaGfl15Sbl2H3alV8NGUj4bZeJ9SDWeaH+C7MLw=) Entering GetNewCharLoginState
18:13:02 <CREATE NEW CHAR>:
    charID 1
    playerID 1
    dpnid 19985282
    uid d5o4DaGfl15Sbl2H3alV8NGUj4bZeJ9SDWeaH+C7MLw=
18:13:44 [CE][Links] found 0 total links between groups, of 12
18:13:44 [CE][SpawnRandomLoot] (StaticPoliceCar) :: ChildType: Land_Wreck_Volha_Police, lootmin: 3, lootmax: 5, wanted: 4
18:13:44 [CE][Links] found 0 total links between groups, of 13
18:13:44 [CE][SpawnRandomLoot] (StaticPoliceCar) :: ChildType: Land_Wreck_Volha_Police, lootmin: 3, lootmax: 5, wanted: 4
18:14:46 !!! [CE][Point] Removing 2681.517822, 9918.610352 from PearTree1
18:14:46 !!! [CE][Point] Removing 2682.457031, 9917.193359 from PearTree1
18:15:03 Respawn: Add player Survivor (19985282) to respawn machine
18:15:03 [StateMachine]: Player Survivor (dpnid 19985282 uid ) Entering GetCharacterRespawnState
18:15:03 [StateMachine]: Player Survivor (dpnid 19985282 uid ) Entering PreloadCamRespawnState
18:15:03 [StateMachine]: Player Survivor (dpnid 19985282 uid ) Entering WaitPreloadCamRespawnState
18:15:08 [StateMachine]: Player Survivor (dpnid 19985282 uid ) Entering GetNewCharRespawnState
18:15:08 <RESPAWN NEW CHAR>:
    charID 1
    playerID 1
    dpnid 19985282
    uid d5o4DaGfl15Sbl2H3alV8NGUj4bZeJ9SDWeaH+C7MLw=
18:15:30 [Disconnect]: Client 363078505 disconnecting
18:15:30 [Disconnect]: Client 363078505 early disconnect
18:15:30 [Disconnect]: Remove player info 363078505
18:15:30 [Disconnect]: Start script disconnect 363078505 (dbCharacterId 2 dbPlayerId 2) logoutTime 0
18:15:30 [Disconnect]: Finish script disconnect 363078505
18:15:30 [Disconnect]: DisconnectPlayerFinish 363078505
18:15:30 [Disconnect]: Remove player info 363078505
18:16:07 !!! [CE][Point] Removing 2780.862793, 9905.416016 from Haybale
18:16:07 !!! [CE][Point] Removing 2681.517822, 9918.610352 from PearTree1
18:16:07 !!! [CE][Point] Removing 2683.679688, 9918.027344 from PearTree1
18:16:07 !!! [CE][Point] Removing 2723.442139, 10002.296875 from PearTree1
18:17:05 !!! [CE][Point] Removing 2683.137207, 9919.407227 from PearTree1
18:17:05 !!! [CE][Point] Removing 2683.679688, 9918.027344 from PearTree1
18:49:23 [Disconnect]: Client 19985282 normal disconnect
18:49:23 [Disconnect]: No player -> call DB exit 19985282 
18:49:23 [Disconnect]: No player -> remove player info 19985282 
18:49:23 [Disconnect]: DisconnectPlayerFinish 19985282
18:49:23 [Disconnect]: Remove player info 19985282
18:49:23 Player Survivor (19985282) kicked from server: 2 (Auth error: AUTH CANCELED)
18:49:24 [Disconnect]: Remove player info 19985282
18:49:49  --- Termination successfully completed --- 
