

=====================================================================
== C:\Program Files (x86)\Steam\steamapps\common\DayZServer\DayZServer_x64.exe
== DayZServer_x64.exe  -mod=ModdedScripts -config=TestMod\serverDZ.cfg -profiles=TestMod -name=GR-eSports
=====================================================================
Exe timestamp: 2018/11/17 12:12:14
Current time:  2018/11/17 15:57:50

Version 0.63.149464
15:57:50 [Inputs] Loading inputs cfg "TestMod\Users\GR-eSports\Server.core.xml"
15:57:50 !!! [Inputs] Cannot read inputs cfg "TestMod\Users\GR-eSports\Server.core.xml", parser error
15:57:50 [Inputs] Loading inputs cfg "dz/data/inputsdefault/core.xml"
15:57:50 !!! [Inputs] Cannot read preset "user" file"TestMod\Users\GR-eSports\Server.dayz_preset_User.xml", parser error
15:57:50 [Inputs] Exporting inputs cfg "TestMod\Users\GR-eSports\Server.core.xml"
15:57:59 [CE][Hive] :: Initializing OFFLINE
15:57:59 [CE][Hive] :: Loading core data ... 
15:57:59 [CE][CoreData] :: 7 root classes, 0 defaults, 0 updaters...
15:57:59 [CE][Hive] :: Loading map data ... 
15:57:59 !!! File "$CurrentDir:mpmissions\DayZSurvival.chernarusplus\cfgignorelist.xml" does not exist...
15:57:59 [CE][LoadPrototype] :: loaded 227 prototypes
15:57:59   488 containers, 7137 points
15:57:59   0 dispatches, 0 proxies
15:57:59 !!! [CE][LoadPrototype] 5 groups have no points...
15:57:59 [CE][LoadPrototype] :: last group name: Land_Wreck_Volha_Police...
15:57:59 [CE][LoadPrototype] :: loaded 0 prototypes
15:57:59   0 containers, 0 points
15:57:59   0 dispatches, 0 proxies
15:57:59 [CE][LoadPrototype] :: last group name: Rail9...
15:57:59 [CE][LoadMap] "Group" :: loaded 11602 groups, largest group range: 34.2
15:57:59 !!! File "$CurrentDir:mpmissions\DayZSurvival.chernarusplus\mapgroupdirt.xml" does not exist...
15:57:59 !!! [CE][LoadMap] "Dirt" :: Failed to read group instances ($CurrentDir:mpmissions\DayZSurvival.chernarusplus\mapgroupdirt.xml)
15:57:59 [CE][Links] found 1852 total links between groups, of 11602
15:57:59 [CE][LoadClusters] "Cluster" :: Loading files...
15:58:00 [CE][LoadClusters] :: file: "mapgroupcluster.xml", 9 types, 50000 instances
15:58:00 [CE][LoadClusters] :: file: "mapgroupcluster01", 9 types, 50000 instances
15:58:00 [CE][LoadClusters] :: file: "mapgroupcluster02", 9 types, 50000 instances
15:58:00 [CE][LoadClusters] :: file: "mapgroupcluster03", 9 types, 50000 instances
15:58:00 [CE][LoadClusters] :: file: "mapgroupcluster04", 9 types, 17207 instances
15:58:01 [CE] :: WARNING :: Preset (cargo) with name 'food' was not found.
15:58:01 [CE] :: WARNING :: Preset (cargo) with name 'tools' was not found.
15:58:01 [CE][TypeSetup] :: 368 classes setuped...
15:58:01 [CE][RegisterBind] :: 0 classes binded...
15:58:01 [CE][RegisterConfig] :: 2580 config classes registered, 1 sub-counters...
15:58:01 [CE][offlineDB] :: Loaded 33 dynamic events 205 total types 0 total positions.
15:58:01 !!! File "$CurrentDir:mpmissions\DayZSurvival.chernarusplus\db\messages.xml" does not exist...
15:58:01 [CE][offlineDB] :: File 'db/messages.xml' not found.
15:58:01 [CE][Hive] :: Empty storage folder, reinitializing ... 
15:58:01 [CE][Hive] :: Initializing ... 
15:58:01 [CE][Hive] :: Initializing spawners ... 
15:58:02 !!! [CE][Point] Removing 13339.060547, 11969.413086 from Land_Boat_Small1
15:58:03 !!! [CE][Point] Removing 11162.427734, 2436.680664 from Land_Boat_Small1
15:58:03 !!! [CE][Point] Removing 6925.983887, 11363.373047 from Land_Castle_Gate
15:58:04 !!! [CE][Point] Removing 6924.685547, 11362.654297 from Land_Castle_Gate
15:58:04 !!! [CE][Point] Removing 11160.130859, 2436.536865 from Land_Boat_Small1
15:58:05 [CE][LootRespawner] (PRIDummy) :: Item [0] is hard to place, performance drops: "AKM"
15:58:05 [CE][LootRespawner] (PRIDummy) :: Item [1] is hard to place, performance drops: "AKM"
15:58:05 [CE][LootRespawner] (PRIDummy) :: Item [2] is hard to place, performance drops: "AKM"
15:58:05 [CE][LootRespawner] (PRIDummy) :: Item [3] is hard to place, performance drops: "AKM"
15:58:05 [CE][LootRespawner] (PRIDummy) :: Item [4] is hard to place, performance drops: "AKM"
15:58:05 [CE][LootRespawner] (PRIDummy) :: Item [5] is hard to place, performance drops: "AKM"
15:58:05 [CE][LootRespawner] (PRIDummy) :: Item [6] is hard to place, performance drops: "AKM"
15:58:05 [CE][LootRespawner] (PRIDummy) :: Item [7] is hard to place, performance drops: "AKM"
15:58:05 [CE][LootRespawner] (PRIDummy) :: Item [8] is hard to place, performance drops: "AKM"
15:58:05 [CE][LootRespawner] (PRIDummy) :: Item [9] is hard to place, performance drops: "AKM"
15:58:05 [CE][LootRespawner] (PRIDummy) :: Item [10] is hard to place, performance drops: "AKM"
15:58:05 [CE][LootRespawner] (PRIDummy) :: Item [11] is hard to place, performance drops: "AKM"
15:58:05 [CE][LootRespawner] (PRIDummy) :: Item [12] is hard to place, performance drops: "AKM"
15:58:05 [CE][LootRespawner] (PRIDummy) :: Item [13] is hard to place, performance drops: "AKM"
15:58:05 [CE][LootRespawner] (PRIDummy) :: Item [14] is hard to place, performance drops: "AKM"
15:58:05 [CE][LootRespawner] (PRIDummy) :: Item [15] is hard to place, performance drops: "AKM"
15:58:05 [CE][LootRespawner] (PRIDummy) :: Item [16] is hard to place, performance drops: "AKM"
15:58:05 [CE][LootRespawner] (PRIDummy) :: Item [17] is hard to place, performance drops: "AKM"
15:58:05 [CE][LootRespawner] (PRIDummy) :: Item [18] is hard to place, performance drops: "AKM"
15:58:05 [CE][LootRespawner] (PRIDummy) :: Item [19] is hard to place, performance drops: "AKM"
15:58:05 !!! [CE][Point] Removing 1501.756470, 9193.394531 from Land_Castle_Gate
15:58:08 !!! [CE][Point] Removing 11161.161133, 2437.848389 from Land_Boat_Small1
15:58:14 !!! [CE][Point] Removing 10168.661133, 12078.206055 from Land_Castle_Gate
15:58:15 !!! [CE][Point] Removing 10167.707031, 12078.453125 from Land_Castle_Gate
15:58:15 !!! [CE][Point] Removing 7830.502441, 3018.110107 from Land_Container_1Aoh
15:58:15 !!! [CE][Point] Removing 13337.491211, 11970.943359 from Land_Boat_Small1
15:58:15 !!! [CE][Point] Removing 11161.310547, 2435.417480 from Land_Boat_Small1
15:58:15 !!! [CE][Point] Removing 7830.973633, 3017.061035 from Land_Container_1Aoh
15:58:15 !!! [CE][Point] Removing 13337.955078, 11969.321289 from Land_Boat_Small1
15:58:16 !!! [CE][Point] Removing 15198.544922, 13816.417969 from Land_Boat_Small1
15:58:16 !!! [CE][Point] Removing 11161.755859, 2437.563477 from Land_Boat_Small1
15:58:16 [CE][LootRespawner] (PRIDummy) :: Item [0] causing search overtime: "AK_Suppressor"
15:58:16 [CE][LootRespawner] (PRIDummy) :: Item [1] causing search overtime: "AK_Suppressor"
15:58:16 [CE][LootRespawner] (PRIDummy) :: Item [2] causing search overtime: "AK_Suppressor"
15:58:16 [CE][LootRespawner] (PRIDummy) :: Item [3] causing search overtime: "WeaponCleaningKit"
15:58:16 [CE][LootRespawner] (PRIDummy) :: Item [4] causing search overtime: "WeaponCleaningKit"
15:58:16 [CE][LootRespawner] (PRIDummy) :: Item [5] causing search overtime: "HuntingBag"
15:58:16 [CE][LootRespawner] (PRIDummy) :: Item [6] causing search overtime: "Breeches_Blackcheck"
15:58:16 [CE][LootRespawner] (PRIDummy) :: Item [7] causing search overtime: "TShirt_Green"
15:58:16 [CE][LootRespawner] (PRIDummy) :: Item [8] causing search overtime: "NBCPantsGray"
15:58:16 [CE][LootRespawner] (PRIDummy) :: Item [9] causing search overtime: "NBCPantsGray"
15:58:16 [CE][LootRespawner] (PRIDummy) :: Item [10] causing search overtime: "NBCPantsGray"
15:58:16 [CE][LootRespawner] (PRIDummy) :: Item [11] causing search overtime: "NBCPantsGray"
15:58:16 [CE][LootRespawner] (PRIDummy) :: Item [12] causing search overtime: "WoolCoat_Beige"
15:58:16 [CE][LootRespawner] (PRIDummy) :: Item [13] causing search overtime: "WoolCoat_Beige"
15:58:16 [CE][LootRespawner] (PRIDummy) :: Item [14] causing search overtime: "WoolCoat_Beige"
15:58:16 [CE][LootRespawner] (PRIDummy) :: Item [15] causing search overtime: "WoolCoat_Beige"
15:58:16 [CE][LootRespawner] (PRIDummy) :: Item [16] causing search overtime: "WoolCoat_Beige"
15:58:16 [CE][LootRespawner] (PRIDummy) :: Item [17] causing search overtime: "WoolCoat_Beige"
15:58:16 [CE][LootRespawner] (PRIDummy) :: Item [18] causing search overtime: "WoolCoat_Beige"
15:58:16 [CE][LootRespawner] (PRIDummy) :: Item [19] causing search overtime: "WoolCoat_Beige"
15:58:17 [CE][LootRespawner] (PRIDummy) :: Initially (re)spawned:46112, Nominal:55579, Total in Map: 46147 at 15 (sec)
15:58:17   tests:50540, repeats:343 fails:4085, overtime:9472
15:58:17 [CE][Links] found 0 total links between groups, of 1
15:58:17 [CE][SpawnRandomLoot] (StaticHeliCrash) :: ChildType: Wreck_Mi8, lootmin: 10, lootmax: 20, wanted: 19
15:58:17 [CE][Links] found 0 total links between groups, of 2
15:58:17 [CE][SpawnRandomLoot] (StaticHeliCrash) :: ChildType: Wreck_UH1Y, lootmin: 10, lootmax: 20, wanted: 17
15:58:17 [CE][Links] found 0 total links between groups, of 3
15:58:17 [CE][SpawnRandomLoot] (StaticHeliCrash) :: ChildType: Wreck_Mi8, lootmin: 10, lootmax: 20, wanted: 13
15:58:17 [CE][Links] found 0 total links between groups, of 4
15:58:17 [CE][SpawnRandomLoot] (StaticPoliceCar) :: ChildType: Land_Wreck_Volha_Police, lootmin: 3, lootmax: 5, wanted: 3
15:58:17 [CE][Links] found 0 total links between groups, of 5
15:58:17 [CE][SpawnRandomLoot] (StaticPoliceCar) :: ChildType: Land_Wreck_Volha_Police, lootmin: 3, lootmax: 5, wanted: 3
15:58:17 [CE][Links] found 0 total links between groups, of 6
15:58:17 [CE][SpawnRandomLoot] (StaticPoliceCar) :: ChildType: Land_Wreck_Volha_Police, lootmin: 3, lootmax: 5, wanted: 3
15:58:17 [CE][Links] found 0 total links between groups, of 7
15:58:17 [CE][SpawnRandomLoot] (StaticPoliceCar) :: ChildType: Land_Wreck_Volha_Police, lootmin: 3, lootmax: 5, wanted: 4
15:58:17 [CE][Links] found 0 total links between groups, of 8
15:58:17 [CE][SpawnRandomLoot] (StaticPoliceCar) :: ChildType: Land_Wreck_Volha_Police, lootmin: 3, lootmax: 5, wanted: 4
15:58:17 [CE][Links] found 0 total links between groups, of 9
15:58:17 [CE][SpawnRandomLoot] (StaticPoliceCar) :: ChildType: Land_Wreck_Volha_Police, lootmin: 3, lootmax: 5, wanted: 4
15:58:17 [CE][Links] found 0 total links between groups, of 10
15:58:17 [CE][SpawnRandomLoot] (StaticPoliceCar) :: ChildType: Land_Wreck_Volha_Police, lootmin: 3, lootmax: 5, wanted: 3
15:58:17 [CE][Links] found 0 total links between groups, of 11
15:58:17 [CE][SpawnRandomLoot] (StaticPoliceCar) :: ChildType: Land_Wreck_Volha_Police, lootmin: 3, lootmax: 5, wanted: 4
15:58:17 [CE][Links] found 0 total links between groups, of 12
15:58:17 [CE][SpawnRandomLoot] (StaticPoliceCar) :: ChildType: Land_Wreck_Volha_Police, lootmin: 3, lootmax: 5, wanted: 4
15:58:17 [CE][Links] found 0 total links between groups, of 13
15:58:17 [CE][SpawnRandomLoot] (StaticPoliceCar) :: ChildType: Land_Wreck_Volha_Police, lootmin: 3, lootmax: 5, wanted: 4
15:58:17 !!! [CE][VehicleRespawner] (PRICivilianVan) :: Respawning: "VehicleCivilianVan" - There are not enough positions in "cfgeventspawns.xml", 1 < 40
15:58:17 [CE][DynEvent] :: 33 types
15:58:17 [00] AmbientHen
15:58:17   Primary Spawner: "Ambient", active: yes, repeat: 1
15:58:17 [01] AnimalCow
15:58:17   Primary Spawner: "Animal", active: yes, repeat: 1
15:58:17 [02] AnimalDeer
15:58:17   Primary Spawner: "Animal", active: yes, repeat: 1
15:58:17 [03] AnimalGoat
15:58:17   Primary Spawner: "Animal", active: yes, repeat: 1
15:58:17 [04] AnimalPig
15:58:17   Primary Spawner: "Animal", active: yes, repeat: 1
15:58:17 [05] AnimalRoeDeer
15:58:17   Primary Spawner: "Animal", active: yes, repeat: 1
15:58:17 [06] AnimalSheep
15:58:17   Primary Spawner: "Animal", active: yes, repeat: 1
15:58:17 [07] AnimalWildBoar
15:58:17   Primary Spawner: "Animal", active: yes, repeat: 1
15:58:17 [08] AnimalWolf
15:58:17   Primary Spawner: "Animal", active: yes, repeat: 1
15:58:17 [09] InfectedArmy
15:58:17   Primary Spawner: "Infected", active: yes, repeat: 1
15:58:17 [10] InfectedCity
15:58:17   Primary Spawner: "Infected", active: yes, repeat: 1
15:58:17 [11] InfectedFirefighter
15:58:17   Primary Spawner: "Infected", active: yes, repeat: 1
15:58:17 [12] InfectedIndustrial
15:58:17   Primary Spawner: "Infected", active: yes, repeat: 1
15:58:17 [13] InfectedMedic
15:58:17   Primary Spawner: "Infected", active: yes, repeat: 1
15:58:17 [14] InfectedPolice
15:58:17   Primary Spawner: "Infected", active: yes, repeat: 1
15:58:17 [15] InfectedPrisoner
15:58:17   Primary Spawner: "Infected", active: yes, repeat: 1
15:58:17 [16] InfectedReligious
15:58:17   Primary Spawner: "Infected", active: yes, repeat: 1
15:58:17 [17] InfectedSolitude
15:58:17   Primary Spawner: "Infected", active: yes, repeat: 1
15:58:17 [18] InfectedVillage
15:58:17   Primary Spawner: "Infected", active: yes, repeat: 1
15:58:17 [19] ItemPlanks
15:58:17   Primary Spawner: "Item", active: yes, repeat: 1
15:58:17 [20] Loot
15:58:17   Primary Spawner: "Loot", active: yes, repeat: 2
15:58:17 [21] StaticHeliCrash
15:58:17   Primary Spawner: "Vehicle", active: yes, repeat: 1
15:58:17 [22] StaticPoliceCar
15:58:17   Primary Spawner: "Vehicle", active: yes, repeat: 1
15:58:17 [23] TrajectoryApple
15:58:17   Primary Spawner: "Trajectory", active: yes, repeat: 1
15:58:17 [24] TrajectoryCanina
15:58:17   Primary Spawner: "Trajectory", active: yes, repeat: 1
15:58:17 [25] TrajectoryConiferous
15:58:17   Primary Spawner: "Trajectory", active: yes, repeat: 1
15:58:17 [26] TrajectoryDeciduous
15:58:17   Primary Spawner: "Trajectory", active: yes, repeat: 1
15:58:17 [27] TrajectoryHumus
15:58:17   Primary Spawner: "Trajectory", active: yes, repeat: 1
15:58:17 [28] TrajectoryPear
15:58:17   Primary Spawner: "Trajectory", active: yes, repeat: 1
15:58:17 [29] TrajectoryPlum
15:58:17   Primary Spawner: "Trajectory", active: yes, repeat: 1
15:58:17 [30] TrajectorySambucus
15:58:17   Primary Spawner: "Trajectory", active: yes, repeat: 1
15:58:17 [31] TrajectoryStones
15:58:17   Primary Spawner: "Trajectory", active: yes, repeat: 1
15:58:17 [32] VehicleCivilianVan
15:58:17   Primary Spawner: "Vehicle", active: yes, repeat: 1
15:58:17 [CE][Hive] :: Initializing of spawners done.
15:58:17 [CE][Hive] :: Init sequence finished.
15:58:17 Player connect enabled
15:58:35 [Login]: Adding player Survivor (17940648) to login queue at position 1
15:58:35 [LoginMachine]: Add player Survivor (17940648)
15:58:35 [StateMachine]: Player Survivor (dpnid 17940648 uid ) Entering PreCreatePlayerLoginState
15:58:35 [StateMachine]: Player Survivor (dpnid 17940648 uid ) Entering WaitPreCreatePlayerLoginState
15:58:36 [StateMachine]: Player Survivor (dpnid 17940648 uid d5o4DaGfl15Sbl2H3alV8NGUj4bZeJ9SDWeaH+C7MLw=) Entering GetCharacterLoginState
15:58:36 [StateMachine]: Player Survivor (dpnid 17940648 uid d5o4DaGfl15Sbl2H3alV8NGUj4bZeJ9SDWeaH+C7MLw=) Entering CreateNetObjectsLoginState
15:58:36 !!! File "$CurrentDir:mpmissions\DayZSurvival.chernarusplus\spawnpoints_players.bin" does not exist...
15:58:36 [StateMachine]: Player Survivor (dpnid 17940648 uid d5o4DaGfl15Sbl2H3alV8NGUj4bZeJ9SDWeaH+C7MLw=) Entering PreloadCamLoginState
15:58:36 [StateMachine]: Player Survivor (dpnid 17940648 uid d5o4DaGfl15Sbl2H3alV8NGUj4bZeJ9SDWeaH+C7MLw=) Entering WaitPreloadCamLoginState
15:58:44 [StateMachine]: Player Survivor (dpnid 17940648 uid d5o4DaGfl15Sbl2H3alV8NGUj4bZeJ9SDWeaH+C7MLw=) Entering GetNewCharLoginState
15:58:46 <CREATE NEW CHAR>:
    charID 1
    playerID 1
    dpnid 17940648
    uid d5o4DaGfl15Sbl2H3alV8NGUj4bZeJ9SDWeaH+C7MLw=
15:59:12 !!! [CE][Point] Removing 2723.442139, 10002.296875 from PearTree1
15:59:46 [Disconnect]: No packets from 17940648
15:59:46 [Disconnect]: Start script disconnect 17940648 (dbCharacterId 1 dbPlayerId 1) logoutTime 0
15:59:46 [Disconnect]: Finish script disconnect 17940648
15:59:46 [Disconnect]: DisconnectPlayerFinish 17940648
15:59:46 [Disconnect]: Remove player info 17940648
15:59:47 [Disconnect]: Remove player info 17940648
16:03:27 [Login]: Adding player Survivor (19381553) to login queue at position 1
16:03:27 [LoginMachine]: Add player Survivor (19381553)
16:03:27 [StateMachine]: Player Survivor (dpnid 19381553 uid ) Entering PreCreatePlayerLoginState
16:03:27 [StateMachine]: Player Survivor (dpnid 19381553 uid ) Entering WaitPreCreatePlayerLoginState
16:03:28 [StateMachine]: Player Survivor (dpnid 19381553 uid d5o4DaGfl15Sbl2H3alV8NGUj4bZeJ9SDWeaH+C7MLw=) Entering GetCharacterLoginState
16:03:28 [StateMachine]: Player Survivor (dpnid 19381553 uid d5o4DaGfl15Sbl2H3alV8NGUj4bZeJ9SDWeaH+C7MLw=) Entering CreateNetObjectsLoginState
16:03:28 [StateMachine]: Player Survivor (dpnid 19381553 uid d5o4DaGfl15Sbl2H3alV8NGUj4bZeJ9SDWeaH+C7MLw=) Entering PreloadCamLoginState
16:03:28 [StateMachine]: Player Survivor (dpnid 19381553 uid d5o4DaGfl15Sbl2H3alV8NGUj4bZeJ9SDWeaH+C7MLw=) Entering WaitPreloadCamLoginState
16:03:38 [StateMachine]: Player Survivor (dpnid 19381553 uid d5o4DaGfl15Sbl2H3alV8NGUj4bZeJ9SDWeaH+C7MLw=) Entering GetLoadedCharLoginState
16:03:38 <LOAD EXISTING CHAR>:
    charID 1
    playerID 1
    dpnid 19381553
    uid d5o4DaGfl15Sbl2H3alV8NGUj4bZeJ9SDWeaH+C7MLw=
16:04:21 !!! [CE][Point] Removing 2723.442139, 10002.296875 from PearTree1
16:05:18 !!! [CE][Point] Removing 2681.517822, 9918.610352 from PearTree1
16:05:18 !!! [CE][Point] Removing 2683.137207, 9919.407227 from PearTree1
16:05:28 [Disconnect]: Client 19381553 normal disconnect
16:05:29 [Disconnect]: Start script disconnect 19381553 (dbCharacterId 1 dbPlayerId 1) logoutTime 0
16:05:29 [Disconnect]: Finish script disconnect 19381553
16:05:29 [Disconnect]: DisconnectPlayerFinish 19381553
16:05:29 [Disconnect]: Remove player info 19381553
16:05:29 [Disconnect]: Remove player info 19381553
=======================================================
-------------------------------------------------------
Time: 16:05:34
Exception code: C0000005 ACCESS_VIOLATION at D0133748
Version 0.63.149464
Fault address:  D0133748 00:D0133748 Unknown module
file:     DayZSurvival
world:    chernarusplus
Prev. code bytes: 39 5F 44 76 2F 0F 1F 00 48 8B 47 38 48 8B 0C D8
Fault code bytes: 0F B7 41 12 A8 14 0F 95 C2 66 44 0F A3 F0 0F 92
=======================================================
note: Minidump has been generated into the file TestMod\DayZServer_x64_2018-11-17_15-57-47_2018-11-17_16-05-34.mdmp
