

=====================================================================
== C:\Program Files (x86)\Steam\steamapps\common\DayZServer\DayZServer_x64.exe
== DayZServer_x64.exe  -mod=ModdedScripts -config=TestMod\serverDZ.cfg -profiles=TestMod -name=GR-eSports
=====================================================================
Exe timestamp: 2018/11/17 12:12:14
Current time:  2018/11/17 22:59:51

Version 0.63.149464
22:59:51 [Inputs] Loading inputs cfg "TestMod\Users\GR-eSports\Server.core.xml"
22:59:51 !!! [Inputs] Cannot read inputs cfg "TestMod\Users\GR-eSports\Server.core.xml", parser error
22:59:51 [Inputs] Loading inputs cfg "dz/data/inputsdefault/core.xml"
22:59:51 !!! [Inputs] Cannot read preset "user" file"TestMod\Users\GR-eSports\Server.dayz_preset_User.xml", parser error
22:59:51 [Inputs] Exporting inputs cfg "TestMod\Users\GR-eSports\Server.core.xml"
23:00:01 [CE][Hive] :: Initializing OFFLINE
23:00:01 [CE][Hive] :: Loading core data ... 
23:00:01 [CE][CoreData] :: 7 root classes, 0 defaults, 0 updaters...
23:00:01 [CE][Hive] :: Loading map data ... 
23:00:01 !!! File "$CurrentDir:mpmissions\DayZSurvival.chernarusplus\cfgignorelist.xml" does not exist...
23:00:01 [CE][LoadPrototype] :: loaded 227 prototypes
23:00:01   488 containers, 7137 points
23:00:01   0 dispatches, 0 proxies
23:00:01 !!! [CE][LoadPrototype] 5 groups have no points...
23:00:01 [CE][LoadPrototype] :: last group name: Land_Wreck_Volha_Police...
23:00:01 [CE][LoadPrototype] :: loaded 0 prototypes
23:00:01   0 containers, 0 points
23:00:01   0 dispatches, 0 proxies
23:00:01 [CE][LoadPrototype] :: last group name: Rail9...
23:00:01 [CE][LoadMap] "Group" :: loaded 11602 groups, largest group range: 34.2
23:00:01 !!! File "$CurrentDir:mpmissions\DayZSurvival.chernarusplus\mapgroupdirt.xml" does not exist...
23:00:01 !!! [CE][LoadMap] "Dirt" :: Failed to read group instances ($CurrentDir:mpmissions\DayZSurvival.chernarusplus\mapgroupdirt.xml)
23:00:01 [CE][Links] found 1852 total links between groups, of 11602
23:00:01 [CE][LoadClusters] "Cluster" :: Loading files...
23:00:01 [CE][LoadClusters] :: file: "mapgroupcluster.xml", 9 types, 50000 instances
23:00:02 [CE][LoadClusters] :: file: "mapgroupcluster01", 9 types, 50000 instances
23:00:02 [CE][LoadClusters] :: file: "mapgroupcluster02", 9 types, 50000 instances
23:00:02 [CE][LoadClusters] :: file: "mapgroupcluster03", 9 types, 50000 instances
23:00:02 [CE][LoadClusters] :: file: "mapgroupcluster04", 9 types, 17207 instances
23:00:03 [CE] :: WARNING :: Preset (cargo) with name 'food' was not found.
23:00:03 [CE] :: WARNING :: Preset (cargo) with name 'tools' was not found.
23:00:03 [CE][TypeSetup] :: 368 classes setuped...
23:00:03 [CE][RegisterBind] :: 0 classes binded...
23:00:03 [CE][RegisterConfig] :: 2580 config classes registered, 1 sub-counters...
23:00:03 [CE][offlineDB] :: Loaded 33 dynamic events 205 total types 0 total positions.
23:00:03 !!! File "$CurrentDir:mpmissions\DayZSurvival.chernarusplus\db\messages.xml" does not exist...
23:00:03 [CE][offlineDB] :: File 'db/messages.xml' not found.
23:00:03 [CE][Hive] :: Empty storage folder, reinitializing ... 
23:00:03 [CE][Hive] :: Initializing ... 
23:00:03 [CE][Hive] :: Initializing spawners ... 
23:00:04 !!! [CE][Point] Removing 11261.519531, 4325.526855 from Land_Castle_Gate
23:00:04 !!! [CE][Point] Removing 1500.284668, 9194.361328 from Land_Castle_Gate
23:00:05 !!! [CE][Point] Removing 8274.852539, 2462.914551 from Land_Boat_Small2
23:00:06 !!! [CE][Point] Removing 6975.013184, 11355.024414 from Land_Castle_Gate
23:00:06 !!! [CE][Point] Removing 13337.955078, 11969.321289 from Land_Boat_Small1
23:00:06 !!! [CE][Point] Removing 1428.756104, 9296.132813 from Land_Castle_Gate
23:00:07 [CE][LootRespawner] (PRIDummy) :: Item [0] is hard to place, performance drops: "AKM"
23:00:07 [CE][LootRespawner] (PRIDummy) :: Item [1] is hard to place, performance drops: "AKM"
23:00:07 [CE][LootRespawner] (PRIDummy) :: Item [2] is hard to place, performance drops: "AKM"
23:00:07 [CE][LootRespawner] (PRIDummy) :: Item [3] is hard to place, performance drops: "AKM"
23:00:07 [CE][LootRespawner] (PRIDummy) :: Item [4] is hard to place, performance drops: "AKM"
23:00:07 [CE][LootRespawner] (PRIDummy) :: Item [5] is hard to place, performance drops: "AKM"
23:00:07 [CE][LootRespawner] (PRIDummy) :: Item [6] is hard to place, performance drops: "AKM"
23:00:07 [CE][LootRespawner] (PRIDummy) :: Item [7] is hard to place, performance drops: "AKM"
23:00:07 [CE][LootRespawner] (PRIDummy) :: Item [8] is hard to place, performance drops: "AKM"
23:00:07 [CE][LootRespawner] (PRIDummy) :: Item [9] is hard to place, performance drops: "AKM"
23:00:07 [CE][LootRespawner] (PRIDummy) :: Item [10] is hard to place, performance drops: "AKM"
23:00:07 [CE][LootRespawner] (PRIDummy) :: Item [11] is hard to place, performance drops: "AKM"
23:00:07 [CE][LootRespawner] (PRIDummy) :: Item [12] is hard to place, performance drops: "AKM"
23:00:07 [CE][LootRespawner] (PRIDummy) :: Item [13] is hard to place, performance drops: "AKM"
23:00:07 [CE][LootRespawner] (PRIDummy) :: Item [14] is hard to place, performance drops: "AKM"
23:00:07 [CE][LootRespawner] (PRIDummy) :: Item [15] is hard to place, performance drops: "AKM"
23:00:07 [CE][LootRespawner] (PRIDummy) :: Item [16] is hard to place, performance drops: "AKM"
23:00:07 [CE][LootRespawner] (PRIDummy) :: Item [17] is hard to place, performance drops: "AKM"
23:00:07 [CE][LootRespawner] (PRIDummy) :: Item [18] is hard to place, performance drops: "AKM"
23:00:07 [CE][LootRespawner] (PRIDummy) :: Item [19] is hard to place, performance drops: "AKM"
23:00:08 !!! [CE][Point] Removing 10166.328125, 12077.904297 from Land_Castle_Gate
23:00:10 !!! [CE][Point] Removing 11161.755859, 2437.563477 from Land_Boat_Small1
23:00:10 !!! [CE][Point] Removing 6535.899902, 5576.401855 from Land_Castle_Gate
23:00:16 !!! [CE][Point] Removing 8275.707031, 2464.159180 from Land_Boat_Small2
23:00:17 !!! [CE][Point] Removing 1501.756470, 9193.394531 from Land_Castle_Gate
23:00:17 !!! [CE][Point] Removing 6535.345215, 5577.215820 from Land_Castle_Gate
23:00:17 !!! [CE][Point] Removing 11259.958008, 4325.312988 from Land_Castle_Gate
23:00:17 !!! [CE][Point] Removing 11656.756836, 3110.696289 from Land_Boat_Small3
23:00:17 !!! [CE][Point] Removing 11261.065430, 4326.401367 from Land_Castle_Gate
23:00:18 !!! [CE][Point] Removing 11162.427734, 2436.680664 from Land_Boat_Small1
23:00:18 !!! [CE][Point] Removing 10852.337891, 2330.460449 from Land_Boat_Small3
23:00:18 !!! [CE][Point] Removing 10350.407227, 1812.305176 from Land_Shed_M1
23:00:18 !!! [CE][Point] Removing 4721.027832, 9240.392578 from Land_Mil_Tower_Small
23:00:18 !!! [CE][Point] Removing 12303.168945, 14357.331055 from Land_Container_1Aoh
23:00:18 !!! [CE][Point] Removing 7830.502441, 3018.110107 from Land_Container_1Aoh
23:00:18 !!! [CE][Point] Removing 12304.303711, 14358.048828 from Land_Container_1Aoh
23:00:18 !!! [CE][Point] Removing 12304.133789, 14356.705078 from Land_Container_1Aoh
23:00:19 [CE][LootRespawner] (PRIDummy) :: Item [0] causing search overtime: "AK_Suppressor"
23:00:19 [CE][LootRespawner] (PRIDummy) :: Item [1] causing search overtime: "AK_Suppressor"
23:00:19 [CE][LootRespawner] (PRIDummy) :: Item [2] causing search overtime: "AK_Suppressor"
23:00:19 [CE][LootRespawner] (PRIDummy) :: Item [3] causing search overtime: "WeaponCleaningKit"
23:00:19 [CE][LootRespawner] (PRIDummy) :: Item [4] causing search overtime: "WeaponCleaningKit"
23:00:19 [CE][LootRespawner] (PRIDummy) :: Item [5] causing search overtime: "HuntingBag"
23:00:19 [CE][LootRespawner] (PRIDummy) :: Item [6] causing search overtime: "WoolCoat_Beige"
23:00:19 [CE][LootRespawner] (PRIDummy) :: Item [7] causing search overtime: "WoolCoat_Beige"
23:00:19 [CE][LootRespawner] (PRIDummy) :: Item [8] causing search overtime: "WoolCoat_Beige"
23:00:19 [CE][LootRespawner] (PRIDummy) :: Item [9] causing search overtime: "WoolCoat_Beige"
23:00:19 [CE][LootRespawner] (PRIDummy) :: Item [10] causing search overtime: "WoolCoat_Beige"
23:00:19 [CE][LootRespawner] (PRIDummy) :: Item [11] causing search overtime: "WoolCoat_Beige"
23:00:19 [CE][LootRespawner] (PRIDummy) :: Item [12] causing search overtime: "WoolCoat_Beige"
23:00:19 [CE][LootRespawner] (PRIDummy) :: Item [13] causing search overtime: "WoolCoat_Beige"
23:00:19 [CE][LootRespawner] (PRIDummy) :: Item [14] causing search overtime: "WoolCoat_Beige"
23:00:19 [CE][LootRespawner] (PRIDummy) :: Item [15] causing search overtime: "WoolCoat_Beige"
23:00:19 [CE][LootRespawner] (PRIDummy) :: Item [16] causing search overtime: "WoolCoat_Beige"
23:00:19 [CE][LootRespawner] (PRIDummy) :: Item [17] causing search overtime: "WoolCoat_Beige"
23:00:19 [CE][LootRespawner] (PRIDummy) :: Item [18] causing search overtime: "WoolCoat_Beige"
23:00:19 [CE][LootRespawner] (PRIDummy) :: Item [19] causing search overtime: "WoolCoat_Beige"
23:00:20 [CE][LootRespawner] (PRIDummy) :: Initially (re)spawned:46110, Nominal:55579, Total in Map: 46145 at 16 (sec)
23:00:20   tests:52712, repeats:483 fails:6119, overtime:9454
23:00:20 [CE][Links] found 0 total links between groups, of 1
23:00:20 [CE][SpawnRandomLoot] (StaticHeliCrash) :: ChildType: Wreck_UH1Y, lootmin: 10, lootmax: 20, wanted: 17
23:00:20 [CE][Links] found 0 total links between groups, of 2
23:00:20 [CE][SpawnRandomLoot] (StaticHeliCrash) :: ChildType: Wreck_UH1Y, lootmin: 10, lootmax: 20, wanted: 19
23:00:20 [CE][Links] found 0 total links between groups, of 3
23:00:20 [CE][SpawnRandomLoot] (StaticHeliCrash) :: ChildType: Wreck_Mi8, lootmin: 10, lootmax: 20, wanted: 16
23:00:20 [CE][Links] found 0 total links between groups, of 4
23:00:20 [CE][SpawnRandomLoot] (StaticPoliceCar) :: ChildType: Land_Wreck_Volha_Police, lootmin: 3, lootmax: 5, wanted: 4
23:00:20 [CE][Links] found 0 total links between groups, of 5
23:00:20 [CE][SpawnRandomLoot] (StaticPoliceCar) :: ChildType: Land_Wreck_Volha_Police, lootmin: 3, lootmax: 5, wanted: 4
23:00:20 [CE][Links] found 0 total links between groups, of 6
23:00:20 [CE][SpawnRandomLoot] (StaticPoliceCar) :: ChildType: Land_Wreck_Volha_Police, lootmin: 3, lootmax: 5, wanted: 4
23:00:20 [CE][Links] found 0 total links between groups, of 7
23:00:20 [CE][SpawnRandomLoot] (StaticPoliceCar) :: ChildType: Land_Wreck_Volha_Police, lootmin: 3, lootmax: 5, wanted: 3
23:00:20 [CE][Links] found 0 total links between groups, of 8
23:00:20 [CE][SpawnRandomLoot] (StaticPoliceCar) :: ChildType: Land_Wreck_Volha_Police, lootmin: 3, lootmax: 5, wanted: 4
23:00:20 [CE][Links] found 0 total links between groups, of 9
23:00:20 [CE][SpawnRandomLoot] (StaticPoliceCar) :: ChildType: Land_Wreck_Volha_Police, lootmin: 3, lootmax: 5, wanted: 3
23:00:20 [CE][Links] found 0 total links between groups, of 10
23:00:20 [CE][SpawnRandomLoot] (StaticPoliceCar) :: ChildType: Land_Wreck_Volha_Police, lootmin: 3, lootmax: 5, wanted: 4
23:00:20 [CE][Links] found 0 total links between groups, of 11
23:00:20 [CE][SpawnRandomLoot] (StaticPoliceCar) :: ChildType: Land_Wreck_Volha_Police, lootmin: 3, lootmax: 5, wanted: 4
23:00:20 [CE][Links] found 0 total links between groups, of 12
23:00:20 [CE][SpawnRandomLoot] (StaticPoliceCar) :: ChildType: Land_Wreck_Volha_Police, lootmin: 3, lootmax: 5, wanted: 3
23:00:20 [CE][Links] found 0 total links between groups, of 13
23:00:20 [CE][SpawnRandomLoot] (StaticPoliceCar) :: ChildType: Land_Wreck_Volha_Police, lootmin: 3, lootmax: 5, wanted: 3
23:00:20 !!! [CE][VehicleRespawner] (PRICivilianVan) :: Respawning: "VehicleCivilianVan" - There are not enough positions in "cfgeventspawns.xml", 1 < 40
23:00:20 [CE][DynEvent] :: 33 types
23:00:20 [00] AmbientHen
23:00:20   Primary Spawner: "Ambient", active: yes, repeat: 1
23:00:20 [01] AnimalCow
23:00:20   Primary Spawner: "Animal", active: yes, repeat: 1
23:00:20 [02] AnimalDeer
23:00:20   Primary Spawner: "Animal", active: yes, repeat: 1
23:00:20 [03] AnimalGoat
23:00:20   Primary Spawner: "Animal", active: yes, repeat: 1
23:00:20 [04] AnimalPig
23:00:20   Primary Spawner: "Animal", active: yes, repeat: 1
23:00:20 [05] AnimalRoeDeer
23:00:20   Primary Spawner: "Animal", active: yes, repeat: 1
23:00:20 [06] AnimalSheep
23:00:20   Primary Spawner: "Animal", active: yes, repeat: 1
23:00:20 [07] AnimalWildBoar
23:00:20   Primary Spawner: "Animal", active: yes, repeat: 1
23:00:20 [08] AnimalWolf
23:00:20   Primary Spawner: "Animal", active: yes, repeat: 1
23:00:20 [09] InfectedArmy
23:00:20   Primary Spawner: "Infected", active: yes, repeat: 1
23:00:20 [10] InfectedCity
23:00:20   Primary Spawner: "Infected", active: yes, repeat: 1
23:00:20 [11] InfectedFirefighter
23:00:20   Primary Spawner: "Infected", active: yes, repeat: 1
23:00:20 [12] InfectedIndustrial
23:00:20   Primary Spawner: "Infected", active: yes, repeat: 1
23:00:20 [13] InfectedMedic
23:00:20   Primary Spawner: "Infected", active: yes, repeat: 1
23:00:20 [14] InfectedPolice
23:00:20   Primary Spawner: "Infected", active: yes, repeat: 1
23:00:20 [15] InfectedPrisoner
23:00:20   Primary Spawner: "Infected", active: yes, repeat: 1
23:00:20 [16] InfectedReligious
23:00:20   Primary Spawner: "Infected", active: yes, repeat: 1
23:00:20 [17] InfectedSolitude
23:00:20   Primary Spawner: "Infected", active: yes, repeat: 1
23:00:20 [18] InfectedVillage
23:00:20   Primary Spawner: "Infected", active: yes, repeat: 1
23:00:20 [19] ItemPlanks
23:00:20   Primary Spawner: "Item", active: yes, repeat: 1
23:00:20 [20] Loot
23:00:20   Primary Spawner: "Loot", active: yes, repeat: 2
23:00:20 [21] StaticHeliCrash
23:00:20   Primary Spawner: "Vehicle", active: yes, repeat: 1
23:00:20 [22] StaticPoliceCar
23:00:20   Primary Spawner: "Vehicle", active: yes, repeat: 1
23:00:20 [23] TrajectoryApple
23:00:20   Primary Spawner: "Trajectory", active: yes, repeat: 1
23:00:20 [24] TrajectoryCanina
23:00:20   Primary Spawner: "Trajectory", active: yes, repeat: 1
23:00:20 [25] TrajectoryConiferous
23:00:20   Primary Spawner: "Trajectory", active: yes, repeat: 1
23:00:20 [26] TrajectoryDeciduous
23:00:20   Primary Spawner: "Trajectory", active: yes, repeat: 1
23:00:20 [27] TrajectoryHumus
23:00:20   Primary Spawner: "Trajectory", active: yes, repeat: 1
23:00:20 [28] TrajectoryPear
23:00:20   Primary Spawner: "Trajectory", active: yes, repeat: 1
23:00:20 [29] TrajectoryPlum
23:00:20   Primary Spawner: "Trajectory", active: yes, repeat: 1
23:00:20 [30] TrajectorySambucus
23:00:20   Primary Spawner: "Trajectory", active: yes, repeat: 1
23:00:20 [31] TrajectoryStones
23:00:20   Primary Spawner: "Trajectory", active: yes, repeat: 1
23:00:20 [32] VehicleCivilianVan
23:00:20   Primary Spawner: "Vehicle", active: yes, repeat: 1
23:00:20 [CE][Hive] :: Initializing of spawners done.
23:00:20 [CE][Hive] :: Init sequence finished.
23:00:20 Player connect enabled
23:00:21 [Login]: Adding player Survivor (1399619085) to login queue at position 1
23:00:22 [LoginMachine]: Add player Survivor (1399619085)
23:00:22 [StateMachine]: Player Survivor (dpnid 1399619085 uid ) Entering PreCreatePlayerLoginState
23:00:22 [StateMachine]: Player Survivor (dpnid 1399619085 uid ) Entering WaitPreCreatePlayerLoginState
23:00:23 [StateMachine]: Player Survivor (dpnid 1399619085 uid d5o4DaGfl15Sbl2H3alV8NGUj4bZeJ9SDWeaH+C7MLw=) Entering GetCharacterLoginState
23:00:23 [StateMachine]: Player Survivor (dpnid 1399619085 uid d5o4DaGfl15Sbl2H3alV8NGUj4bZeJ9SDWeaH+C7MLw=) Entering CreateNetObjectsLoginState
23:00:23 !!! File "$CurrentDir:mpmissions\DayZSurvival.chernarusplus\spawnpoints_players.bin" does not exist...
23:00:23 [StateMachine]: Player Survivor (dpnid 1399619085 uid d5o4DaGfl15Sbl2H3alV8NGUj4bZeJ9SDWeaH+C7MLw=) Entering PreloadCamLoginState
23:00:23 [StateMachine]: Player Survivor (dpnid 1399619085 uid d5o4DaGfl15Sbl2H3alV8NGUj4bZeJ9SDWeaH+C7MLw=) Entering WaitPreloadCamLoginState
23:00:29 [StateMachine]: Player Survivor (dpnid 1399619085 uid d5o4DaGfl15Sbl2H3alV8NGUj4bZeJ9SDWeaH+C7MLw=) Entering GetNewCharLoginState
23:00:32 <CREATE NEW CHAR>:
    charID 1
    playerID 1
    dpnid 1399619085
    uid d5o4DaGfl15Sbl2H3alV8NGUj4bZeJ9SDWeaH+C7MLw=
23:03:01 [Disconnect]: Client 1399619085 normal disconnect
23:03:02 [Disconnect]: Start script disconnect 1399619085 (dbCharacterId 1 dbPlayerId 1) logoutTime 0
23:03:02 [Disconnect]: Finish script disconnect 1399619085
23:03:02 [Disconnect]: DisconnectPlayerFinish 1399619085
23:03:02 [Disconnect]: Remove player info 1399619085
23:03:02 Player Survivor (1399619085) kicked from server: 2 (Auth error: AUTH CANCELED)
23:03:03 [Disconnect]: Remove player info 1399619085
23:03:09  --- Termination successfully completed --- 
