

=====================================================================
== C:\DayZServer\DayZServer_x64.exe
== DayZServer_x64.exe  -mod=ModdedScripts -config=TestMod\serverDZ.cfg -profiles=TestMod -name=GR-eSports
=====================================================================
Exe timestamp: 2018/11/14 17:24:52
Current time:  2018/11/15 19:54:35

Version 0.63.149442
19:54:35 [Inputs] Loading inputs cfg "TestMod\Users\GR-eSports\Server.core.xml"
19:54:35 !!! [Inputs] Cannot read inputs cfg "TestMod\Users\GR-eSports\Server.core.xml", parser error
19:54:35 [Inputs] Loading inputs cfg "dz/data/inputsdefault/core.xml"
19:54:35 !!! [Inputs] Cannot read preset "user" file"TestMod\Users\GR-eSports\Server.dayz_preset_User.xml", parser error
19:54:35 [Inputs] Exporting inputs cfg "TestMod\Users\GR-eSports\Server.core.xml"
19:54:43 [CE][Hive] :: Initializing OFFLINE
19:54:43 [CE][Hive] :: Loading core data ... 
19:54:43 [CE][CoreData] :: 7 root classes, 0 defaults, 0 updaters...
19:54:43 [CE][Hive] :: Loading map data ... 
19:54:43 !!! File "$CurrentDir:mpmissions\DayZSurvival.chernarusplus\cfgignorelist.xml" does not exist...
19:54:43 [CE][LoadPrototype] :: loaded 227 prototypes
19:54:43   488 containers, 7137 points
19:54:43   0 dispatches, 0 proxies
19:54:43 !!! [CE][LoadPrototype] 5 groups have no points...
19:54:43 [CE][LoadPrototype] :: last group name: Land_Wreck_Volha_Police...
19:54:43 [CE][LoadPrototype] :: loaded 0 prototypes
19:54:43   0 containers, 0 points
19:54:43   0 dispatches, 0 proxies
19:54:43 [CE][LoadPrototype] :: last group name: Rail9...
19:54:43 [CE][LoadMap] "Group" :: loaded 11602 groups, largest group range: 34.2
19:54:43 !!! File "$CurrentDir:mpmissions\DayZSurvival.chernarusplus\mapgroupdirt.xml" does not exist...
19:54:43 !!! [CE][LoadMap] "Dirt" :: Failed to read group instances ($CurrentDir:mpmissions\DayZSurvival.chernarusplus\mapgroupdirt.xml)
19:54:43 [CE][Links] found 1852 total links between groups, of 11602
19:54:43 [CE][LoadClusters] "Cluster" :: Loading files...
19:54:43 [CE][LoadClusters] :: file: "mapgroupcluster.xml", 9 types, 50000 instances
19:54:44 [CE][LoadClusters] :: file: "mapgroupcluster01", 9 types, 50000 instances
19:54:44 [CE][LoadClusters] :: file: "mapgroupcluster02", 9 types, 50000 instances
19:54:44 [CE][LoadClusters] :: file: "mapgroupcluster03", 9 types, 50000 instances
19:54:44 [CE][LoadClusters] :: file: "mapgroupcluster04", 9 types, 17207 instances
19:54:45 [CE] :: WARNING :: Preset (cargo) with name 'food' was not found.
19:54:45 [CE] :: WARNING :: Preset (cargo) with name 'tools' was not found.
19:54:45 [CE][TypeSetup] :: 368 classes setuped...
19:54:45 [CE][RegisterBind] :: 0 classes binded...
19:54:45 [CE][RegisterConfig] :: 2579 config classes registered, 1 sub-counters...
19:54:45 [CE][offlineDB] :: Loaded 33 dynamic events 205 total types 0 total positions.
19:54:45 !!! File "$CurrentDir:mpmissions\DayZSurvival.chernarusplus\db\messages.xml" does not exist...
19:54:45 [CE][offlineDB] :: File 'db/messages.xml' not found.
19:54:45 [CE][DynamicEvent] Load  Events:[33] Primary spawners: 33 Secondary spawners: 0
19:54:45   Restoring [Storage] file "mpmissions\DayZSurvival.chernarusplus\storage_1\data\vehicles.bin" 63 items.
19:54:45   63 items loaded.
19:54:45   Restoring [Storage] file "mpmissions\DayZSurvival.chernarusplus\storage_1\data\dynamic_000.bin" 1488 items.
19:54:46   1488 items loaded.
19:54:46   Restoring [Storage] file "mpmissions\DayZSurvival.chernarusplus\storage_1\data\dynamic_001.bin" 2984 items.
19:54:47   2984 items loaded.
19:54:47   Restoring [Storage] file "mpmissions\DayZSurvival.chernarusplus\storage_1\data\dynamic_002.bin" 5711 items.
19:54:49   5711 items loaded.
19:54:49   Restoring [Storage] file "mpmissions\DayZSurvival.chernarusplus\storage_1\data\dynamic_003.bin" 3843 items.
19:54:50   3843 items loaded.
19:54:50   Restoring [Storage] file "mpmissions\DayZSurvival.chernarusplus\storage_1\data\dynamic_004.bin" 4320 items.
19:54:51   4320 items loaded.
19:54:51   Restoring [Storage] file "mpmissions\DayZSurvival.chernarusplus\storage_1\data\dynamic_005.bin" 5023 items.
19:54:53   5023 items loaded.
19:54:53   Restoring [Storage] file "mpmissions\DayZSurvival.chernarusplus\storage_1\data\dynamic_006.bin" 3475 items.
19:54:54   3475 items loaded.
19:54:54   Restoring [Storage] file "mpmissions\DayZSurvival.chernarusplus\storage_1\data\dynamic_007.bin" 3431 items.
19:54:56   3431 items loaded.
19:54:56   Restoring [Storage] file "mpmissions\DayZSurvival.chernarusplus\storage_1\data\dynamic_008.bin" 5068 items.
19:54:57   5068 items loaded.
19:54:57   Restoring [Storage] file "mpmissions\DayZSurvival.chernarusplus\storage_1\data\dynamic_009.bin" 6341 items.
19:54:59   6341 items loaded.
19:54:59   Restoring [Storage] file "mpmissions\DayZSurvival.chernarusplus\storage_1\data\dynamic_010.bin" 3999 items.
19:55:01   3999 items loaded.
19:55:01   Restoring [Storage] file "mpmissions\DayZSurvival.chernarusplus\storage_1\data\dynamic_011.bin" 509 items.
19:55:01   509 items loaded.
19:55:01 [CE][Hive] :: Storage load took 16.03 seconds
19:55:01   entity: 69498, building: 0
19:55:01   no lifetime: 38
19:55:01 [CE][Hive] :: Initializing ... 
19:55:01 [CE][Hive] :: Initializing spawners ... 
19:55:01 [CE][LootRespawner] (PRIDummy) :: Item [0] causing search overtime: "NBCPantsGray"
19:55:01 [CE][LootRespawner] (PRIDummy) :: Item [1] causing search overtime: "NBCPantsGray"
19:55:01 [CE][LootRespawner] (PRIDummy) :: Item [2] causing search overtime: "NBCPantsGray"
19:55:01 [CE][LootRespawner] (PRIDummy) :: Item [3] causing search overtime: "NBCPantsGray"
19:55:01 [CE][LootRespawner] (PRIDummy) :: Item [4] causing search overtime: "WoolCoat_Beige"
19:55:01 [CE][LootRespawner] (PRIDummy) :: Item [5] causing search overtime: "WoolCoat_Beige"
19:55:01 [CE][LootRespawner] (PRIDummy) :: Item [6] causing search overtime: "WoolCoat_Beige"
19:55:01 [CE][LootRespawner] (PRIDummy) :: Item [7] causing search overtime: "WoolCoat_Beige"
19:55:01 [CE][LootRespawner] (PRIDummy) :: Item [8] causing search overtime: "WoolCoat_Beige"
19:55:01 [CE][LootRespawner] (PRIDummy) :: Item [9] causing search overtime: "WoolCoat_Beige"
19:55:01 [CE][LootRespawner] (PRIDummy) :: Item [10] causing search overtime: "WoolCoat_Beige"
19:55:01 [CE][LootRespawner] (PRIDummy) :: Item [11] causing search overtime: "WoolCoat_Beige"
19:55:01 [CE][LootRespawner] (PRIDummy) :: Item [12] causing search overtime: "WoolCoat_Beige"
19:55:01 [CE][LootRespawner] (PRIDummy) :: Item [13] causing search overtime: "WoolCoat_Beige"
19:55:01 [CE][LootRespawner] (PRIDummy) :: Item [14] causing search overtime: "WoolCoat_Beige"
19:55:01 [CE][LootRespawner] (PRIDummy) :: Item [15] causing search overtime: "WoolCoat_Beige"
19:55:01 [CE][LootRespawner] (PRIDummy) :: Item [16] causing search overtime: "WoolCoat_Beige"
19:55:01 [CE][LootRespawner] (PRIDummy) :: Item [17] causing search overtime: "WoolCoat_Beige"
19:55:01 [CE][LootRespawner] (PRIDummy) :: Item [18] causing search overtime: "WoolCoat_Beige"
19:55:01 [CE][LootRespawner] (PRIDummy) :: Item [19] causing search overtime: "WoolCoat_Beige"
19:55:02 [CE][LootRespawner] (PRIDummy) :: Initially (re)spawned:0, Nominal:55579, Total in Map: 46369 at 1 (sec)
19:55:02   tests:0, repeats:0 fails:0, overtime:9412
19:55:02 [CE][DynEvent] :: 33 types
19:55:02 [00] AmbientHen
19:55:02   Primary Spawner: "Ambient", active: yes, repeat: 1
19:55:02 [01] AnimalCow
19:55:02   Primary Spawner: "Animal", active: yes, repeat: 1
19:55:02 [02] AnimalDeer
19:55:02   Primary Spawner: "Animal", active: yes, repeat: 1
19:55:02 [03] AnimalGoat
19:55:02   Primary Spawner: "Animal", active: yes, repeat: 1
19:55:02 [04] AnimalPig
19:55:02   Primary Spawner: "Animal", active: yes, repeat: 1
19:55:02 [05] AnimalRoeDeer
19:55:02   Primary Spawner: "Animal", active: yes, repeat: 1
19:55:02 [06] AnimalSheep
19:55:02   Primary Spawner: "Animal", active: yes, repeat: 1
19:55:02 [07] AnimalWildBoar
19:55:02   Primary Spawner: "Animal", active: yes, repeat: 1
19:55:02 [08] AnimalWolf
19:55:02   Primary Spawner: "Animal", active: yes, repeat: 1
19:55:02 [09] InfectedArmy
19:55:02   Primary Spawner: "Infected", active: yes, repeat: 1
19:55:02 [10] InfectedCity
19:55:02   Primary Spawner: "Infected", active: yes, repeat: 1
19:55:02 [11] InfectedFirefighter
19:55:02   Primary Spawner: "Infected", active: yes, repeat: 1
19:55:02 [12] InfectedIndustrial
19:55:02   Primary Spawner: "Infected", active: yes, repeat: 1
19:55:02 [13] InfectedMedic
19:55:02   Primary Spawner: "Infected", active: yes, repeat: 1
19:55:02 [14] InfectedPolice
19:55:02   Primary Spawner: "Infected", active: yes, repeat: 1
19:55:02 [15] InfectedPrisoner
19:55:02   Primary Spawner: "Infected", active: yes, repeat: 1
19:55:02 [16] InfectedReligious
19:55:02   Primary Spawner: "Infected", active: yes, repeat: 1
19:55:02 [17] InfectedSolitude
19:55:02   Primary Spawner: "Infected", active: yes, repeat: 1
19:55:02 [18] InfectedVillage
19:55:02   Primary Spawner: "Infected", active: yes, repeat: 1
19:55:02 [19] ItemPlanks
19:55:02   Primary Spawner: "Item", active: yes, repeat: 1
19:55:02 [20] Loot
19:55:02   Primary Spawner: "Loot", active: yes, repeat: 2
19:55:02 [21] StaticHeliCrash
19:55:02   Primary Spawner: "Vehicle", active: yes, repeat: 1
19:55:02 [22] StaticPoliceCar
19:55:02   Primary Spawner: "Vehicle", active: yes, repeat: 1
19:55:02 [23] TrajectoryApple
19:55:02   Primary Spawner: "Trajectory", active: yes, repeat: 1
19:55:02 [24] TrajectoryCanina
19:55:02   Primary Spawner: "Trajectory", active: yes, repeat: 1
19:55:02 [25] TrajectoryConiferous
19:55:02   Primary Spawner: "Trajectory", active: yes, repeat: 1
19:55:02 [26] TrajectoryDeciduous
19:55:02   Primary Spawner: "Trajectory", active: yes, repeat: 1
19:55:02 [27] TrajectoryHumus
19:55:02   Primary Spawner: "Trajectory", active: yes, repeat: 1
19:55:02 [28] TrajectoryPear
19:55:02   Primary Spawner: "Trajectory", active: yes, repeat: 1
19:55:02 [29] TrajectoryPlum
19:55:02   Primary Spawner: "Trajectory", active: yes, repeat: 1
19:55:02 [30] TrajectorySambucus
19:55:02   Primary Spawner: "Trajectory", active: yes, repeat: 1
19:55:02 [31] TrajectoryStones
19:55:02   Primary Spawner: "Trajectory", active: yes, repeat: 1
19:55:02 [32] VehicleCivilianVan
19:55:02   Primary Spawner: "Vehicle", active: yes, repeat: 1
19:55:02 [CE][Hive] :: Initializing of spawners done.
19:55:02 [CE][Hive] :: Init sequence finished.
19:55:03 Player connect enabled
19:55:21 [Login]: Adding player Survivor (2069127797) to login queue at position 1
19:55:21 [LoginMachine]: Add player Survivor (2069127797)
19:55:21 [StateMachine]: Player Survivor (dpnid 2069127797 uid ) Entering PreCreatePlayerLoginState
19:55:21 [StateMachine]: Player Survivor (dpnid 2069127797 uid ) Entering WaitPreCreatePlayerLoginState
19:55:23 [StateMachine]: Player Survivor (dpnid 2069127797 uid d5o4DaGfl15Sbl2H3alV8NGUj4bZeJ9SDWeaH+C7MLw=) Entering GetCharacterLoginState
19:55:23 [StateMachine]: Player Survivor (dpnid 2069127797 uid d5o4DaGfl15Sbl2H3alV8NGUj4bZeJ9SDWeaH+C7MLw=) Entering CreateNetObjectsLoginState
19:55:23 [StateMachine]: Player Survivor (dpnid 2069127797 uid d5o4DaGfl15Sbl2H3alV8NGUj4bZeJ9SDWeaH+C7MLw=) Entering PreloadCamLoginState
19:55:23 [StateMachine]: Player Survivor (dpnid 2069127797 uid d5o4DaGfl15Sbl2H3alV8NGUj4bZeJ9SDWeaH+C7MLw=) Entering WaitPreloadCamLoginState
19:55:31 [StateMachine]: Player Survivor (dpnid 2069127797 uid d5o4DaGfl15Sbl2H3alV8NGUj4bZeJ9SDWeaH+C7MLw=) Entering GetLoadedCharLoginState
19:55:32 <LOAD EXISTING CHAR>:
    charID 1
    playerID 1
    dpnid 2069127797
    uid d5o4DaGfl15Sbl2H3alV8NGUj4bZeJ9SDWeaH+C7MLw=
19:55:56 !!! [CE][Point] Removing 2682.457031, 9917.193359 from PearTree1
19:55:56 !!! [CE][Point] Removing 2681.517822, 9918.610352 from PearTree1
19:56:32 [Disconnect]: Client 2069127797 normal disconnect
19:56:33 [Disconnect]: Start script disconnect 2069127797 (dbCharacterId 1 dbPlayerId 1) logoutTime 0
19:56:33 [Disconnect]: Finish script disconnect 2069127797
19:56:33 [Disconnect]: DisconnectPlayerFinish 2069127797
19:56:33 [Disconnect]: Remove player info 2069127797
19:56:33 Player Survivor (2069127797) kicked from server: 2 (Auth error: AUTH CANCELED)
19:56:34 [Disconnect]: Remove player info 2069127797
=======================================================
-------------------------------------------------------
Time: 19:56:39
Exception code: C0000005 ACCESS_VIOLATION at 8D774098
Version 0.63.149442
Fault address:  8D774098 00:8D774098 Unknown module
file:     DayZSurvival
world:    chernarusplus
Prev. code bytes: 39 5F 44 76 2F 0F 1F 00 48 8B 47 38 48 8B 0C D8
Fault code bytes: 0F B7 41 12 A8 14 0F 95 C2 66 44 0F A3 F0 0F 92
=======================================================
note: Minidump has been generated into the file TestMod\DayZServer_x64_2018-11-15_19-54-32_2018-11-15_19-56-39.mdmp
