

=====================================================================
== C:\DayZServer\DayZServer_x64.exe
== DayZServer_x64.exe  -mod=ModdedScripts -config=TestMod\serverDZ.cfg -profiles=TestMod -name=GR-eSports
=====================================================================
Exe timestamp: 2018/11/14 17:24:52
Current time:  2018/11/14 22:32:19

Version 0.63.149442
22:32:19 [Inputs] Loading inputs cfg "TestMod\Users\GR-eSports\Server.core.xml"
22:32:19 !!! [Inputs] Cannot read inputs cfg "TestMod\Users\GR-eSports\Server.core.xml", parser error
22:32:19 [Inputs] Loading inputs cfg "dz/data/inputsdefault/core.xml"
22:32:19 !!! [Inputs] Cannot read preset "user" file"TestMod\Users\GR-eSports\Server.dayz_preset_User.xml", parser error
22:32:19 [Inputs] Exporting inputs cfg "TestMod\Users\GR-eSports\Server.core.xml"
22:32:50 [CE][Hive] :: Initializing OFFLINE
22:32:50 [CE][Hive] :: Loading core data ... 
22:32:50 [CE][CoreData] :: 7 root classes, 0 defaults, 0 updaters...
22:32:50 [CE][Hive] :: Loading map data ... 
22:32:50 !!! File "$CurrentDir:mpmissions\DayZSurvival.chernarusplus\cfgignorelist.xml" does not exist...
22:32:50 [CE][LoadPrototype] :: loaded 227 prototypes
22:32:50   488 containers, 7137 points
22:32:50   0 dispatches, 0 proxies
22:32:50 !!! [CE][LoadPrototype] 5 groups have no points...
22:32:50 [CE][LoadPrototype] :: last group name: Land_Wreck_Volha_Police...
22:32:50 [CE][LoadPrototype] :: loaded 0 prototypes
22:32:50   0 containers, 0 points
22:32:50   0 dispatches, 0 proxies
22:32:50 [CE][LoadPrototype] :: last group name: Rail9...
22:32:50 [CE][LoadMap] "Group" :: loaded 11602 groups, largest group range: 34.2
22:32:50 !!! File "$CurrentDir:mpmissions\DayZSurvival.chernarusplus\mapgroupdirt.xml" does not exist...
22:32:50 !!! [CE][LoadMap] "Dirt" :: Failed to read group instances ($CurrentDir:mpmissions\DayZSurvival.chernarusplus\mapgroupdirt.xml)
22:32:51 [CE][Links] found 1852 total links between groups, of 11602
22:32:51 [CE][LoadClusters] "Cluster" :: Loading files...
22:32:51 [CE][LoadClusters] :: file: "mapgroupcluster.xml", 9 types, 50000 instances
22:32:52 [CE][LoadClusters] :: file: "mapgroupcluster01", 9 types, 50000 instances
22:32:52 [CE][LoadClusters] :: file: "mapgroupcluster02", 9 types, 50000 instances
22:32:53 [CE][LoadClusters] :: file: "mapgroupcluster03", 9 types, 50000 instances
22:32:53 [CE][LoadClusters] :: file: "mapgroupcluster04", 9 types, 17207 instances
22:32:57 [CE] :: WARNING :: Preset (cargo) with name 'food' was not found.
22:32:57 [CE] :: WARNING :: Preset (cargo) with name 'tools' was not found.
22:32:57 [CE][TypeSetup] :: 368 classes setuped...
22:32:57 [CE][RegisterBind] :: 0 classes binded...
22:32:57 [CE][RegisterConfig] :: 2579 config classes registered, 1 sub-counters...
22:32:57 [CE][offlineDB] :: Loaded 33 dynamic events 205 total types 0 total positions.
22:32:57 !!! File "$CurrentDir:mpmissions\DayZSurvival.chernarusplus\db\messages.xml" does not exist...
22:32:57 [CE][offlineDB] :: File 'db/messages.xml' not found.
22:32:57 [CE][Hive] :: Empty storage folder, reinitializing ... 
22:32:57 [CE][Hive] :: Initializing ... 
22:32:57 [CE][Hive] :: Initializing spawners ... 
22:32:59 !!! [CE][Point] Removing 11261.519531, 4325.526855 from Land_Castle_Gate
22:33:01 !!! [CE][Point] Removing 12303.168945, 14357.331055 from Land_Container_1Aoh
22:33:02 !!! [CE][Point] Removing 6973.885742, 11355.990234 from Land_Castle_Gate
22:33:03 !!! [CE][Point] Removing 13339.621094, 11969.760742 from Land_Boat_Small1
22:33:06 !!! [CE][Point] Removing 11259.735352, 4327.060059 from Land_Castle_Gate
22:33:06 !!! [CE][Point] Removing 11259.958008, 4325.312988 from Land_Castle_Gate
22:33:09 [CE][LootRespawner] (PRIDummy) :: Item [0] is hard to place, performance drops: "AKM"
22:33:09 [CE][LootRespawner] (PRIDummy) :: Item [1] is hard to place, performance drops: "AKM"
22:33:09 [CE][LootRespawner] (PRIDummy) :: Item [2] is hard to place, performance drops: "AKM"
22:33:09 [CE][LootRespawner] (PRIDummy) :: Item [3] is hard to place, performance drops: "AKM"
22:33:09 [CE][LootRespawner] (PRIDummy) :: Item [4] is hard to place, performance drops: "AKM"
22:33:09 [CE][LootRespawner] (PRIDummy) :: Item [5] is hard to place, performance drops: "AKM"
22:33:09 [CE][LootRespawner] (PRIDummy) :: Item [6] is hard to place, performance drops: "AKM"
22:33:09 [CE][LootRespawner] (PRIDummy) :: Item [7] is hard to place, performance drops: "AKM"
22:33:09 !!! [CE][Point] Removing 1427.465088, 9297.331055 from Land_Castle_Gate
22:33:09 [CE][LootRespawner] (PRIDummy) :: Item [8] is hard to place, performance drops: "AKM"
22:33:10 [CE][LootRespawner] (PRIDummy) :: Item [9] is hard to place, performance drops: "AKM"
22:33:10 [CE][LootRespawner] (PRIDummy) :: Item [10] is hard to place, performance drops: "AKM"
22:33:10 [CE][LootRespawner] (PRIDummy) :: Item [11] is hard to place, performance drops: "AKM"
22:33:10 [CE][LootRespawner] (PRIDummy) :: Item [12] is hard to place, performance drops: "AKM"
22:33:10 [CE][LootRespawner] (PRIDummy) :: Item [13] is hard to place, performance drops: "AKM"
22:33:10 [CE][LootRespawner] (PRIDummy) :: Item [14] is hard to place, performance drops: "AKM"
22:33:10 [CE][LootRespawner] (PRIDummy) :: Item [15] is hard to place, performance drops: "AKM"
22:33:10 [CE][LootRespawner] (PRIDummy) :: Item [16] is hard to place, performance drops: "AKM"
22:33:10 [CE][LootRespawner] (PRIDummy) :: Item [17] is hard to place, performance drops: "AKM"
22:33:10 [CE][LootRespawner] (PRIDummy) :: Item [18] is hard to place, performance drops: "AKM"
22:33:10 [CE][LootRespawner] (PRIDummy) :: Item [19] is hard to place, performance drops: "AKM"
22:33:10 !!! [CE][Point] Removing 6533.946289, 5577.711914 from Land_Castle_Gate
22:33:14 !!! [CE][Point] Removing 1501.756470, 9193.394531 from Land_Castle_Gate
22:33:19 !!! [CE][Point] Removing 12304.133789, 14356.705078 from Land_Container_1Aoh
22:33:20 !!! [CE][Point] Removing 6975.013184, 11355.024414 from Land_Castle_Gate
22:33:33 !!! [CE][Point] Removing 1428.756104, 9296.132813 from Land_Castle_Gate
22:33:33 !!! [CE][Point] Removing 13339.060547, 11969.413086 from Land_Boat_Small1
22:33:33 !!! [CE][Point] Removing 11160.130859, 2436.536865 from Land_Boat_Small1
22:33:34 !!! [CE][Point] Removing 13337.955078, 11969.321289 from Land_Boat_Small1
22:33:34 !!! [CE][Point] Removing 13337.491211, 11970.943359 from Land_Boat_Small1
22:33:35 !!! [CE][Point] Removing 11161.161133, 2437.848389 from Land_Boat_Small1
22:33:35 !!! [CE][Point] Removing 11161.755859, 2437.563477 from Land_Boat_Small1
22:33:35 !!! [CE][Point] Removing 11162.427734, 2436.680664 from Land_Boat_Small1
22:33:36 !!! [CE][Point] Removing 11161.310547, 2435.417480 from Land_Boat_Small1
22:33:39 [CE][LootRespawner] (PRIDummy) :: Item [0] causing search overtime: "AK_Suppressor"
22:33:39 [CE][LootRespawner] (PRIDummy) :: Item [1] causing search overtime: "AK_Suppressor"
22:33:39 [CE][LootRespawner] (PRIDummy) :: Item [2] causing search overtime: "AK_Suppressor"
22:33:39 [CE][LootRespawner] (PRIDummy) :: Item [3] causing search overtime: "WeaponCleaningKit"
22:33:39 [CE][LootRespawner] (PRIDummy) :: Item [4] causing search overtime: "WeaponCleaningKit"
22:33:39 [CE][LootRespawner] (PRIDummy) :: Item [5] causing search overtime: "WeaponCleaningKit"
22:33:39 [CE][LootRespawner] (PRIDummy) :: Item [6] causing search overtime: "HuntingBag"
22:33:39 [CE][LootRespawner] (PRIDummy) :: Item [7] causing search overtime: "HuntingBag"
22:33:39 [CE][LootRespawner] (PRIDummy) :: Item [8] causing search overtime: "HuntingBag"
22:33:39 [CE][LootRespawner] (PRIDummy) :: Item [9] causing search overtime: "Breeches_Blackcheck"
22:33:39 [CE][LootRespawner] (PRIDummy) :: Item [10] causing search overtime: "Breeches_Blackcheck"
22:33:39 [CE][LootRespawner] (PRIDummy) :: Item [11] causing search overtime: "Breeches_Blackcheck"
22:33:39 [CE][LootRespawner] (PRIDummy) :: Item [12] causing search overtime: "AssaultBag_Black"
22:33:39 [CE][LootRespawner] (PRIDummy) :: Item [13] causing search overtime: "TShirt_Green"
22:33:39 [CE][LootRespawner] (PRIDummy) :: Item [14] causing search overtime: "TShirt_Green"
22:33:39 [CE][LootRespawner] (PRIDummy) :: Item [15] causing search overtime: "TShirt_Green"
22:33:39 [CE][LootRespawner] (PRIDummy) :: Item [16] causing search overtime: "NBCPantsGray"
22:33:39 [CE][LootRespawner] (PRIDummy) :: Item [17] causing search overtime: "NBCPantsGray"
22:33:39 [CE][LootRespawner] (PRIDummy) :: Item [18] causing search overtime: "NBCPantsGray"
22:33:39 [CE][LootRespawner] (PRIDummy) :: Item [19] causing search overtime: "NBCPantsGray"
22:33:42 [CE][LootRespawner] (PRIDummy) :: Initially (re)spawned:46120, Nominal:55579, Total in Map: 46155 at 43 (sec)
22:33:42   tests:50316, repeats:651 fails:3545, overtime:9466
22:33:42 [CE][Links] found 0 total links between groups, of 1
22:33:42 [CE][SpawnRandomLoot] (StaticHeliCrash) :: ChildType: Wreck_UH1Y, lootmin: 10, lootmax: 20, wanted: 15
22:33:42 [CE][Links] found 0 total links between groups, of 2
22:33:42 [CE][SpawnRandomLoot] (StaticHeliCrash) :: ChildType: Wreck_Mi8, lootmin: 10, lootmax: 20, wanted: 15
22:33:42 [CE][Links] found 0 total links between groups, of 3
22:33:42 [CE][SpawnRandomLoot] (StaticPoliceCar) :: ChildType: Land_Wreck_Volha_Police, lootmin: 3, lootmax: 5, wanted: 3
22:33:42 [CE][Links] found 0 total links between groups, of 4
22:33:42 [CE][SpawnRandomLoot] (StaticPoliceCar) :: ChildType: Land_Wreck_Volha_Police, lootmin: 3, lootmax: 5, wanted: 3
22:33:42 [CE][Links] found 0 total links between groups, of 5
22:33:42 [CE][SpawnRandomLoot] (StaticPoliceCar) :: ChildType: Land_Wreck_Volha_Police, lootmin: 3, lootmax: 5, wanted: 4
22:33:42 [CE][Links] found 0 total links between groups, of 6
22:33:42 [CE][SpawnRandomLoot] (StaticPoliceCar) :: ChildType: Land_Wreck_Volha_Police, lootmin: 3, lootmax: 5, wanted: 4
22:33:42 [CE][Links] found 0 total links between groups, of 7
22:33:42 [CE][SpawnRandomLoot] (StaticPoliceCar) :: ChildType: Land_Wreck_Volha_Police, lootmin: 3, lootmax: 5, wanted: 4
22:33:42 [CE][Links] found 0 total links between groups, of 8
22:33:42 [CE][SpawnRandomLoot] (StaticPoliceCar) :: ChildType: Land_Wreck_Volha_Police, lootmin: 3, lootmax: 5, wanted: 3
22:33:42 [CE][Links] found 0 total links between groups, of 9
22:33:42 [CE][SpawnRandomLoot] (StaticPoliceCar) :: ChildType: Land_Wreck_Volha_Police, lootmin: 3, lootmax: 5, wanted: 4
22:33:42 [CE][Links] found 0 total links between groups, of 10
22:33:42 [CE][SpawnRandomLoot] (StaticPoliceCar) :: ChildType: Land_Wreck_Volha_Police, lootmin: 3, lootmax: 5, wanted: 4
22:33:42 [CE][Links] found 0 total links between groups, of 11
22:33:42 [CE][SpawnRandomLoot] (StaticPoliceCar) :: ChildType: Land_Wreck_Volha_Police, lootmin: 3, lootmax: 5, wanted: 4
22:33:42 [CE][Links] found 0 total links between groups, of 12
22:33:42 [CE][SpawnRandomLoot] (StaticPoliceCar) :: ChildType: Land_Wreck_Volha_Police, lootmin: 3, lootmax: 5, wanted: 4
22:33:42 !!! [CE][VehicleRespawner] (PRICivilianVan) :: Respawning: "VehicleCivilianVan" - There are not enough positions in "cfgeventspawns.xml", 1 < 40
22:33:42 [CE][DynEvent] :: 33 types
22:33:42 [00] AmbientHen
22:33:42   Primary Spawner: "Ambient", active: yes, repeat: 1
22:33:42 [01] AnimalCow
22:33:42   Primary Spawner: "Animal", active: yes, repeat: 1
22:33:42 [02] AnimalDeer
22:33:42   Primary Spawner: "Animal", active: yes, repeat: 1
22:33:42 [03] AnimalGoat
22:33:42   Primary Spawner: "Animal", active: yes, repeat: 1
22:33:42 [04] AnimalPig
22:33:42   Primary Spawner: "Animal", active: yes, repeat: 1
22:33:42 [05] AnimalRoeDeer
22:33:42   Primary Spawner: "Animal", active: yes, repeat: 1
22:33:42 [06] AnimalSheep
22:33:42   Primary Spawner: "Animal", active: yes, repeat: 1
22:33:42 [07] AnimalWildBoar
22:33:42   Primary Spawner: "Animal", active: yes, repeat: 1
22:33:42 [08] AnimalWolf
22:33:42   Primary Spawner: "Animal", active: yes, repeat: 1
22:33:42 [09] InfectedArmy
22:33:42   Primary Spawner: "Infected", active: yes, repeat: 1
22:33:42 [10] InfectedCity
22:33:42   Primary Spawner: "Infected", active: yes, repeat: 1
22:33:42 [11] InfectedFirefighter
22:33:42   Primary Spawner: "Infected", active: yes, repeat: 1
22:33:42 [12] InfectedIndustrial
22:33:42   Primary Spawner: "Infected", active: yes, repeat: 1
22:33:42 [13] InfectedMedic
22:33:42   Primary Spawner: "Infected", active: yes, repeat: 1
22:33:42 [14] InfectedPolice
22:33:42   Primary Spawner: "Infected", active: yes, repeat: 1
22:33:42 [15] InfectedPrisoner
22:33:42   Primary Spawner: "Infected", active: yes, repeat: 1
22:33:42 [16] InfectedReligious
22:33:42   Primary Spawner: "Infected", active: yes, repeat: 1
22:33:42 [17] InfectedSolitude
22:33:42   Primary Spawner: "Infected", active: yes, repeat: 1
22:33:42 [18] InfectedVillage
22:33:42   Primary Spawner: "Infected", active: yes, repeat: 1
22:33:42 [19] ItemPlanks
22:33:42   Primary Spawner: "Item", active: yes, repeat: 1
22:33:42 [20] Loot
22:33:42   Primary Spawner: "Loot", active: yes, repeat: 2
22:33:42 [21] StaticHeliCrash
22:33:42   Primary Spawner: "Vehicle", active: yes, repeat: 1
22:33:42 [22] StaticPoliceCar
22:33:42   Primary Spawner: "Vehicle", active: yes, repeat: 1
22:33:42 [23] TrajectoryApple
22:33:42   Primary Spawner: "Trajectory", active: yes, repeat: 1
22:33:42 [24] TrajectoryCanina
22:33:42   Primary Spawner: "Trajectory", active: yes, repeat: 1
22:33:42 [25] TrajectoryConiferous
22:33:42   Primary Spawner: "Trajectory", active: yes, repeat: 1
22:33:42 [26] TrajectoryDeciduous
22:33:42   Primary Spawner: "Trajectory", active: yes, repeat: 1
22:33:42 [27] TrajectoryHumus
22:33:42   Primary Spawner: "Trajectory", active: yes, repeat: 1
22:33:42 [28] TrajectoryPear
22:33:42   Primary Spawner: "Trajectory", active: yes, repeat: 1
22:33:42 [29] TrajectoryPlum
22:33:42   Primary Spawner: "Trajectory", active: yes, repeat: 1
22:33:42 [30] TrajectorySambucus
22:33:42   Primary Spawner: "Trajectory", active: yes, repeat: 1
22:33:42 [31] TrajectoryStones
22:33:42   Primary Spawner: "Trajectory", active: yes, repeat: 1
22:33:42 [32] VehicleCivilianVan
22:33:42   Primary Spawner: "Vehicle", active: yes, repeat: 1
22:33:42 [CE][Hive] :: Initializing of spawners done.
22:33:42 [CE][Hive] :: Init sequence finished.
22:33:43 Player connect enabled
22:33:43 [Login]: Adding player Survivor (660224007) to login queue at position 1
22:33:45 [LoginMachine]: Add player Survivor (660224007)
22:33:45 [StateMachine]: Player Survivor (dpnid 660224007 uid ) Entering PreCreatePlayerLoginState
22:33:45 [StateMachine]: Player Survivor (dpnid 660224007 uid ) Entering WaitPreCreatePlayerLoginState
22:33:47 [StateMachine]: Player Survivor (dpnid 660224007 uid d5o4DaGfl15Sbl2H3alV8NGUj4bZeJ9SDWeaH+C7MLw=) Entering GetCharacterLoginState
22:33:47 [StateMachine]: Player Survivor (dpnid 660224007 uid d5o4DaGfl15Sbl2H3alV8NGUj4bZeJ9SDWeaH+C7MLw=) Entering CreateNetObjectsLoginState
22:33:47 !!! File "$CurrentDir:mpmissions\DayZSurvival.chernarusplus\spawnpoints_players.bin" does not exist...
22:33:47 [StateMachine]: Player Survivor (dpnid 660224007 uid d5o4DaGfl15Sbl2H3alV8NGUj4bZeJ9SDWeaH+C7MLw=) Entering PreloadCamLoginState
22:33:47 [StateMachine]: Player Survivor (dpnid 660224007 uid d5o4DaGfl15Sbl2H3alV8NGUj4bZeJ9SDWeaH+C7MLw=) Entering WaitPreloadCamLoginState
22:33:52 [StateMachine]: Player Survivor (dpnid 660224007 uid d5o4DaGfl15Sbl2H3alV8NGUj4bZeJ9SDWeaH+C7MLw=) Entering GetNewCharLoginState
22:34:01 <CREATE NEW CHAR>:
    charID 1
    playerID 1
    dpnid 660224007
    uid d5o4DaGfl15Sbl2H3alV8NGUj4bZeJ9SDWeaH+C7MLw=
=======================================================
-------------------------------------------------------
Time: 22:34:01
Exception code: C0000005 ACCESS_VIOLATION at DAE59FE1
Allocator: system
graphics:  No
resolution:  160x120x32
Addons:
  DZ_Animals_sus_scrofa in DZ\animals\sus_scrofa\
  DZ_Spawn_Proxies in DZ\data\proxies\, DZ_Server_Data in DZ\server\
  DZ_Structures_Rail in DZ\structures\rail\
  DZ_Weapons_Firearms_AKM in DZ\weapons\firearms\akm\
  DZ_Weapons_Firearms_M4 in DZ\weapons\firearms\m4\
  DZ_Weapons_Firearms_Winchester70 in DZ\weapons\firearms\winchester70\
  DZ_Pistols_pmm in DZ\weapons\pistols\pmm\, DZ_AI in DZ\AI\
  DZ_Animals_Insect in DZ\animals\insect\, DZ_Animals in DZ\animals\
  DZ_Structures_Roads in DZ\structures\roads\
  DZ_Structures_Walls in DZ\structures\walls\, DZ_UI in DZ\ui\
  DZ_Weapons_Firearms_MosinNagant in DZ\weapons\firearms\mosin9130\
  DZ_Pistols_DE in DZ\weapons\pistols\de\
  DZ_Animals_ovis_orientalis in DZ\animals\ovis_orientalis\
  DZ_Characters_Belts in DZ\characters\belts\
  DZ_Characters_Shoes in DZ\characters\shoes\
  DZ_Gear_Containers in DZ\gear\containers\, DZ_Gear_Drinks in DZ\gear\drinks\
  DZ_Weapons_Archery_Bow_pvc in DZ\weapons\archery\bow_pvc\
  DZ_Weapons_Firearms_Repeater in DZ\weapons\firearms\repeater\
  DZ_Weapons_Shotguns_Izh43 in DZ\weapons\shotguns\izh43\
  DZ_Worlds_Chernarusplus_World in DZ\worlds\chernarusplus\world\
  DZ_Animals_ovis_aries in DZ\animals\ovis_aries\
  DZ_Characters_Zombies in DZ\characters\zombies\, DZ_Gear_Books in DZ\gear\books\
  DZ_Gear_Crafting in DZ\gear\crafting\, DZ_ModuleZ in DZ\modulesDayz\
  DZ_Weapons_Firearms_SKS in DZ\weapons\firearms\sks\
  DZ_Weapons_Firearms_pm73rak in DZ\weapons\firearms\pm73rak\
  DZ_Weapons_Melee in DZ\weapons\melee\
  DZ_Nonlethal_Shockpistol in DZ\weapons\nonlethal\shockpistol\
  DZ_Pistols_Red9 in DZ\weapons\pistols\red9\
  DZ_Weapons_Magazines in DZ\weapons\attachments\magazine\
  DZ_Animals_ovis_aries_fem in DZ\animals\ovis_aries_fem\
  DZ_Characters_Backpacks in DZ\characters\backpacks\
  DZ_Gear_Camping in DZ\gear\camping\
  DZ_Structures_Furniture in DZ\structures\furniture\
  DZ_Structures_Military in DZ\structures\military\
  DZ_Structures_Signs in DZ\structures\signs\
  DZ_Weapons_Archery_Bow_Quickie in DZ\weapons\archery\bow_quickie\
  DZ_Weapons_Firearms_AK74 in DZ\weapons\firearms\ak74\
  DZ_Weapons_Firearms_cz61 in DZ\weapons\firearms\cz61\
  DZ_weapons_nonlethal_DartGun in DZ\weapons\nonlethal\dartgun\
  DZ_Pistols_FNX45 in DZ\weapons\pistols\fnx45\
  DZ_Weapons_Supports in DZ\weapons\attachments\support\
  DZ_Animals_bos_taurus_fem in DZ\animals\bos_taurus_fem\
  DZ_Characters_Vests in DZ\characters\vests\, DZ_Gear_Food in DZ\gear\food\
  DZ_Structures_Specific in DZ\structures\specific\
  DZ_Weapons_Archery_Crossbow in DZ\weapons\archery\crossbow\
  DZ_Weapons_Firearms_aug in DZ\weapons\firearms\aug\
  DZ_Pistols_CZ75 in DZ\weapons\pistols\cz75\
  DZ_Weapons_Shotguns in DZ\weapons\shotguns\, DZ_Scripts in scripts\
  DZ_Animals_capreolus_capreolus_fem in DZ\animals\capreolus_capreolus_fem\
  DZ_Characters_Glasses in DZ\characters\glasses\, DZ_Radio in DZ\gear\radio\
  DZ_Gear_Traps in DZ\gear\traps\, DZ_Water in DZ\water\
  DZ_Weapons_Ammunition in DZ\weapons\ammunition\
  DZ_Weapons_Firearms_B95 in DZ\weapons\firearms\b95\
  DZ_Weapons_Firearms_SVD in DZ\weapons\firearms\svd\
  DZ_Weapons_Firearms_Ruger1022 in DZ\weapons\firearms\ruger1022\
  DZ_Weapons_Firearms_Trumpet in DZ\weapons\firearms\trumpet\
  DZ_Weapons_Firearms_SaigaK in DZ\weapons\shotguns\saiga\
  DZ_Animals_cervus_elaphus in DZ\animals\cervus_elaphus\
  DZ_Animals_AnimConfig in DZ\animals\animconfig\
  DZ_Animals_canis_lupus in DZ\animals\canis_lupus\
  DZ_Anims_Anm_Player in DZ\anims\anm\player\
  DZ_Weapons_Archery_Bow_Recurve in DZ\weapons\archery\bow_recurve\
  DZ_Weapons_Firearms_groza in DZ\weapons\firearms\ots14\
  DZ_Pistols_Glock in DZ\weapons\pistols\glock\
  DZ_worlds_chernarusplus_ai_spawner in DZ\worlds\chernarusplus\ai\spawner\
  DZ_Animals_lepus_europaeus in DZ\animals\lepus_europaeus\
  DZ_Animals_capreolus_capreolus in DZ\animals\capreolus_capreolus\
  DZ_Animals_sus_domesticus in DZ\animals\sus_domesticus\
  DZ_Characters_Gloves in DZ\characters\gloves\
  DZ_Vehicles_Wheeled in DZ\vehicles\wheeled\
  DZ_Weapons_Animations in DZ\weapons\animations\
  DZ_Weapons_Archery in DZ\weapons\archery\
  DZ_Weapons_Firearms_IZH18 in DZ\weapons\firearms\izh18\
  DZ_Weapons_Launchers in DZ\weapons\launchers\
  DZ_Weapons_Melee_Powered in DZ\weapons\melee\powered\
  DZ_Pistols_p1 in DZ\weapons\pistols\p1\
  DZ_Animals_gallus_gallus_domesticus in DZ\animals\gallus_gallus_domesticus\
  DZ_data_aiconfigs in DZ\data\aiconfigs\
  DZ_Data_Data_ParticleEffects in DZ\data\data\particleeffects\
  DZ_Gear_Cultivation in DZ\gear\cultivation\, DZ_Gear_Tools in DZ\gear\tools\
  DZ_Structures in DZ\structures\data\
  DZ_Structures_Residential in DZ\structures\residential\
  DZ_Weapons_Explosives in DZ\weapons\explosives\
  DZ_Weapons_Firearms_UMP in DZ\weapons\firearms\ump45\
  DZ_Weapons_Firearms_MP5 in DZ\weapons\firearms\mp5\
  DZ_Weapons_Firearms_VSS in DZ\weapons\firearms\vss\
  DZ_Pistols_mkii in DZ\weapons\pistols\mkii\
  DZ_Pistols_Encore in DZ\weapons\pistols\longhorn\
  DZ_Animals_capra_hircus in DZ\animals\capra_hircus\
  DZ_Animals_ursus_arctos in DZ\animals\ursus_arctos\
  DZ_Characters_Tops in DZ\characters\tops\, DZ_Data in DZ\data\
  DZ_Gear_Optics in DZ\gear\optics\, DZ_Rocks in DZ\rocks\
  DZ_Structures_Ruins in DZ\structures\ruins\, DZ_Surfaces in DZ\surfaces\
  DZ_Weapons_Launchers_LAW in DZ\weapons\launchers\law\
  DZ_Weapons_Launchers_GP25 in DZ\weapons\launchers\gp25\
  DZ_Pistols_1911 in DZ\weapons\pistols\1911\
  DZ_Pistols_Derringer in DZ\weapons\pistols\derringer\
  DZ_Animals_gallus_gallus_domesticus_feminam in DZ\animals\gallus_gallus_domesticus_feminam\
  DZ_Animals_capra_hircus_fem in DZ\animals\capra_hircus_fem\
  DZ_Characters in DZ\characters\data\, DZ_Characters_Heads in DZ\characters\heads\
  DZ_Characters_Masks in DZ\characters\masks\
  DZ_Characters_Pants in DZ\characters\pants\
  DZ_data_trackingconfigs in DZ\data\trackingconfigs\
  DZ_Gear_Consumables in DZ\gear\consumables\, DZ_Gear_Medical in DZ\gear\medical\
  DZ_Weapons_Firearms_Scout in DZ\weapons\firearms\scout\
  DZ_Weapons_Firearms_M249Para in DZ\weapons\firearms\m249\
  DZ_Weapons_Melee_Blunt in DZ\weapons\melee\blunt\
  DZ_Weapons_Melee_Blade in DZ\weapons\melee\blade\
  DZ_Pistols_Magnum in DZ\weapons\pistols\magnum\
  ModdedScripts_scripts in ModdedScripts\scripts\
  DZ_Animals_bos_taurus in DZ\animals\bos_taurus\
  DZ_Animals_cervus_elaphus_feminam in DZ\animals\cervus_elaphus_fem\
  DZ_Anims_Cfg in DZ\anims\cfg\, DZ_Gear_Cooking in DZ\gear\cooking\
  DZ_Sounds_Effects in DZ\sounds\hpp\
  DZ_Weapons_Launchers_RPG7 in DZ\weapons\launchers\rpg7\
  DZ_Nonlethal in DZ\weapons\nonlethal\
  DZ_Pistols_Flaregun in DZ\weapons\pistols\flaregun\
  DZ_Pistols in DZ\weapons\pistols\
  DZ_Weapons_Projectiles in DZ\weapons\projectiles\
  DZ_Animals_vulpes_vulpes in DZ\animals\vulpes_vulpes\
  DZ_Sounds_Weapons in DZ\sounds\weapons\
  DZ_Structures_Industrial in DZ\structures\industrial\
  DZ_Weapons_Firearms_CZ527 in DZ\weapons\firearms\cz527\
  DZ_Weapons_Firearms_AK101 in DZ\weapons\firearms\ak101\
  DZ_Weapons_Misc in DZ\weapons\misc\
  DZ_Weapons_Muzzles in DZ\weapons\attachments\muzzle\
  DZ_Characters_Headgear in DZ\characters\headgear\
  DZ_Gear_Navigation in DZ\gear\navigation\, DZ_Plants in DZ\plants\
  DZ_Structures_Wrecks in DZ\structures\wrecks\
  DZ_Vehicles_Parts in DZ\vehicles\parts\
  DZ_Weapons_Firearms_FAL in DZ\weapons\firearms\fal\
  DZ_Weapons_Firearms in DZ\weapons\firearms\
  DZ_Weapons_Launchers_M203 in DZ\weapons\launchers\m203\
  DZ_Pistols_pb6p9 in DZ\weapons\pistols\pb6p9\
  DZ_Weapons_Shotguns_MP133 in DZ\weapons\shotguns\mp133\
  DZ_Weapons_Lights in DZ\weapons\attachments\light\
  DZ_Weapons_Optics in DZ\weapons\attachments\optics\
Mods: ModdedScripts
Version 0.63.149442
Fault address:  DAE59FE1 00:DAE59FE1 Unknown module
file:     DayZSurvival
world:    chernarusplus
Prev. code bytes: 83 EC 20 48 8B 3A 33 ED 48 8B D9 48 85 FF 74 06
Fault code bytes: 48 8B 7F 10 EB 03 48 8B FD 48 8B 35 2F D8 A0 00
=======================================================
note: Minidump has been generated into the file TestMod\DayZServer_x64_2018-11-14_22-32-10_2018-11-14_22-34-01.mdmp
