

=====================================================================
== C:\DayZServer\DayZServer_x64.exe
== DayZServer_x64.exe  -mod=ModdedScripts -config=TestMod\serverDZ.cfg -profiles=TestMod -name=GR-eSports
=====================================================================
Exe timestamp: 2018/11/14 17:24:52
Current time:  2018/11/15 19:57:27

Version 0.63.149442
19:57:27 [Inputs] Loading inputs cfg "TestMod\Users\GR-eSports\Server.core.xml"
19:57:27 !!! [Inputs] Cannot read inputs cfg "TestMod\Users\GR-eSports\Server.core.xml", parser error
19:57:27 [Inputs] Loading inputs cfg "dz/data/inputsdefault/core.xml"
19:57:27 !!! [Inputs] Cannot read preset "user" file"TestMod\Users\GR-eSports\Server.dayz_preset_User.xml", parser error
19:57:27 [Inputs] Exporting inputs cfg "TestMod\Users\GR-eSports\Server.core.xml"
19:57:34 [CE][Hive] :: Initializing OFFLINE
19:57:34 [CE][Hive] :: Loading core data ... 
19:57:34 [CE][CoreData] :: 7 root classes, 0 defaults, 0 updaters...
19:57:34 [CE][Hive] :: Loading map data ... 
19:57:34 !!! File "$CurrentDir:mpmissions\DayZSurvival.chernarusplus\cfgignorelist.xml" does not exist...
19:57:34 [CE][LoadPrototype] :: loaded 227 prototypes
19:57:34   488 containers, 7137 points
19:57:34   0 dispatches, 0 proxies
19:57:34 !!! [CE][LoadPrototype] 5 groups have no points...
19:57:34 [CE][LoadPrototype] :: last group name: Land_Wreck_Volha_Police...
19:57:34 [CE][LoadPrototype] :: loaded 0 prototypes
19:57:34   0 containers, 0 points
19:57:34   0 dispatches, 0 proxies
19:57:34 [CE][LoadPrototype] :: last group name: Rail9...
19:57:34 [CE][LoadMap] "Group" :: loaded 11602 groups, largest group range: 34.2
19:57:34 !!! File "$CurrentDir:mpmissions\DayZSurvival.chernarusplus\mapgroupdirt.xml" does not exist...
19:57:34 !!! [CE][LoadMap] "Dirt" :: Failed to read group instances ($CurrentDir:mpmissions\DayZSurvival.chernarusplus\mapgroupdirt.xml)
19:57:35 [CE][Links] found 1852 total links between groups, of 11602
19:57:35 [CE][LoadClusters] "Cluster" :: Loading files...
19:57:35 [CE][LoadClusters] :: file: "mapgroupcluster.xml", 9 types, 50000 instances
19:57:35 [CE][LoadClusters] :: file: "mapgroupcluster01", 9 types, 50000 instances
19:57:35 [CE][LoadClusters] :: file: "mapgroupcluster02", 9 types, 50000 instances
19:57:36 [CE][LoadClusters] :: file: "mapgroupcluster03", 9 types, 50000 instances
19:57:36 [CE][LoadClusters] :: file: "mapgroupcluster04", 9 types, 17207 instances
19:57:37 [CE] :: WARNING :: Preset (cargo) with name 'food' was not found.
19:57:37 [CE] :: WARNING :: Preset (cargo) with name 'tools' was not found.
19:57:37 [CE][TypeSetup] :: 368 classes setuped...
19:57:37 [CE][RegisterBind] :: 0 classes binded...
19:57:37 [CE][RegisterConfig] :: 2579 config classes registered, 1 sub-counters...
19:57:37 [CE][offlineDB] :: Loaded 33 dynamic events 205 total types 0 total positions.
19:57:37 !!! File "$CurrentDir:mpmissions\DayZSurvival.chernarusplus\db\messages.xml" does not exist...
19:57:37 [CE][offlineDB] :: File 'db/messages.xml' not found.
19:57:37 [CE][DynamicEvent] Load  Events:[33] Primary spawners: 33 Secondary spawners: 0
19:57:37   Restoring [Storage] file "mpmissions\DayZSurvival.chernarusplus\storage_1\data\vehicles.bin" 63 items.
19:57:37   63 items loaded.
19:57:37   Restoring [Storage] file "mpmissions\DayZSurvival.chernarusplus\storage_1\data\dynamic_000.bin" 1488 items.
19:57:37   1488 items loaded.
19:57:37   Restoring [Storage] file "mpmissions\DayZSurvival.chernarusplus\storage_1\data\dynamic_001.bin" 2984 items.
19:57:38   2984 items loaded.
19:57:38   Restoring [Storage] file "mpmissions\DayZSurvival.chernarusplus\storage_1\data\dynamic_002.bin" 5711 items.
19:57:40   5711 items loaded.
19:57:40   Restoring [Storage] file "mpmissions\DayZSurvival.chernarusplus\storage_1\data\dynamic_003.bin" 3843 items.
19:57:41   3843 items loaded.
19:57:41   Restoring [Storage] file "mpmissions\DayZSurvival.chernarusplus\storage_1\data\dynamic_004.bin" 4320 items.
19:57:42   4320 items loaded.
19:57:42   Restoring [Storage] file "mpmissions\DayZSurvival.chernarusplus\storage_1\data\dynamic_005.bin" 5023 items.